RAM Allocation [bytes]
Variable                                                                          Address   Size
------------------------------------------------------------------------------------------------
rx_buffer                                                                         0x0160      80

EEPROM Allocation [bytes]
Variable                                                                          Address   Size
------------------------------------------------------------------------------------------------

Register Allocation
Variable                                                                          Register  Size
------------------------------------------------------------------------------------------------
rx_counter                                                                        R5           1
rx_buffer_overflow                                                                R2.0      1bit

FLASH Allocation [words]
Function                                                                          Address   Size
------------------------------------------------------------------------------------------------
InitLed                                                                           0x00069     64
SPI_WriteStartByte                                                                0x000A9      7
SPI_WriteEndByte                                                                  0x000B0      8
SendLed                                                                           0x000B8     13
main                                                                              0x000C5     43
init_periferal                                                                    0x000F0     45
init_ports                                                                        0x0011D     13
usart_rx_isr                                                                      0x0012A     37
rtc_init                                                                          0x0014F     31
