Archive member included because of file (symbol)

c:/program files (x86)/atmel/atmel toolchain/avr8 gcc/native/3.4.1061/avr8-gnu-toolchain/bin/../lib/gcc/avr/4.8.1/avr5\libgcc.a(_exit.o)
                              c:/program files (x86)/atmel/atmel toolchain/avr8 gcc/native/3.4.1061/avr8-gnu-toolchain/bin/../lib/gcc/avr/4.8.1/../../../../avr/lib/avr5/crtm16a.o (exit)
c:/program files (x86)/atmel/atmel toolchain/avr8 gcc/native/3.4.1061/avr8-gnu-toolchain/bin/../lib/gcc/avr/4.8.1/avr5\libgcc.a(_tablejump.o)
                              library/OLED.o (__tablejump2__)
c:/program files (x86)/atmel/atmel toolchain/avr8 gcc/native/3.4.1061/avr8-gnu-toolchain/bin/../lib/gcc/avr/4.8.1/avr5\libgcc.a(_copy_data.o)
                              library/ds1307.o (__do_copy_data)
c:/program files (x86)/atmel/atmel toolchain/avr8 gcc/native/3.4.1061/avr8-gnu-toolchain/bin/../lib/gcc/avr/4.8.1/avr5\libgcc.a(_clear_bss.o)
                              library/ds1307.o (__do_clear_bss)

Allocating common symbols
Common symbol       size              file

oled_pointer        0x1               library/OLED.o
rx_buffer           0x190             library/uart.o
buffer0             0x1               library/ds1307.o
buffer2             0x1               library/ds1307.o
i                   0x2               main.o
buffer              0x1               library/uart.o
buffer1             0x1               library/ds1307.o
twi_status_register
                    0x1               library/I2C.o

Discarded input sections

 .data          0x00000000        0x0 c:/program files (x86)/atmel/atmel toolchain/avr8 gcc/native/3.4.1061/avr8-gnu-toolchain/bin/../lib/gcc/avr/4.8.1/../../../../avr/lib/avr5/crtm16a.o
 .bss           0x00000000        0x0 c:/program files (x86)/atmel/atmel toolchain/avr8 gcc/native/3.4.1061/avr8-gnu-toolchain/bin/../lib/gcc/avr/4.8.1/../../../../avr/lib/avr5/crtm16a.o
 .text          0x00000000        0x0 library/ds1307.o
 .data          0x00000000        0x0 library/ds1307.o
 .bss           0x00000000        0x0 library/ds1307.o
 .text.DS1307_ReadRegister
                0x00000000       0x2c library/ds1307.o
 .text.GetTime  0x00000000      0x13e library/ds1307.o
 .text.Out_BCD  0x00000000       0x1a library/ds1307.o
 .rodata.Ncolon_struct
                0x00000000        0x4 library/ds1307.o
 .progmem.data.Ncolon_logo
                0x00000000      0x200 library/ds1307.o
 .rodata.colon_struct
                0x00000000        0x4 library/ds1307.o
 .progmem.data.colon_logo
                0x00000000      0x200 library/ds1307.o
 .text          0x00000000        0x0 library/LED_MAX7219.o
 .data          0x00000000        0x0 library/LED_MAX7219.o
 .bss           0x00000000        0x0 library/LED_MAX7219.o
 .text.SPI_WriteStartByte
                0x00000000        0xa library/LED_MAX7219.o
 .text.SPI_WriteEndByte
                0x00000000        0xa library/LED_MAX7219.o
 .text.SPI_WriteByte
                0x00000000        0x8 library/LED_MAX7219.o
 .text.SendLed  0x00000000       0x2c library/LED_MAX7219.o
 .text.InitLed  0x00000000       0x30 library/LED_MAX7219.o
 .text.ClearDisplay
                0x00000000       0x1e library/LED_MAX7219.o
 .text.WriteNum
                0x00000000       0x76 library/LED_MAX7219.o
 .text.SetIntensity
                0x00000000        0xa library/LED_MAX7219.o
 .debug_info    0x00000000      0x4b6 library/LED_MAX7219.o
 .debug_abbrev  0x00000000      0x167 library/LED_MAX7219.o
 .debug_loc     0x00000000      0x3b6 library/LED_MAX7219.o
 .debug_aranges
                0x00000000       0x58 library/LED_MAX7219.o
 .debug_ranges  0x00000000       0x48 library/LED_MAX7219.o
 .debug_line    0x00000000      0x194 library/LED_MAX7219.o
 .debug_str     0x00000000      0x200 library/LED_MAX7219.o
 .comment       0x00000000       0x31 library/LED_MAX7219.o
 .debug_frame   0x00000000       0xe0 library/LED_MAX7219.o
 .text          0x00000000        0x0 library/OLED.o
 .data          0x00000000        0x0 library/OLED.o
 .bss           0x00000000        0x0 library/OLED.o
 .text.SetPointer
                0x00000000        0x6 library/OLED.o
 .text.GetPointer
                0x00000000        0x6 library/OLED.o
 .text.InitOLED
                0x00000000       0xb2 library/OLED.o
 .text.SetPointOLED
                0x00000000       0x5e library/OLED.o
 .text.OLED_Command
                0x00000000       0x1e library/OLED.o
 .text.ClearOLED
                0x00000000       0x64 library/OLED.o
 .text.SelectDisplay
                0x00000000       0x26 library/OLED.o
 .text.Set_OLED_Image
                0x00000000       0x8e library/OLED.o
 .text.Set_OLED_Num
                0x00000000       0x4c library/OLED.o
 .text.GetNum   0x00000000       0x52 library/OLED.o
 .progmem.gcc_sw_table.GetNum
                0x00000000       0x14 library/OLED.o
 .progmem.data.nine_logo
                0x00000000      0x200 library/OLED.o
 .progmem.data.eitht_logo
                0x00000000      0x200 library/OLED.o
 .progmem.data.seven_logo
                0x00000000      0x200 library/OLED.o
 .progmem.data.six_logo
                0x00000000      0x200 library/OLED.o
 .progmem.data.five_logo
                0x00000000      0x200 library/OLED.o
 .progmem.data.four_logo
                0x00000000      0x200 library/OLED.o
 .progmem.data.thee_logo
                0x00000000      0x200 library/OLED.o
 .progmem.data.two_logo
                0x00000000      0x200 library/OLED.o
 .progmem.data.one_logo
                0x00000000      0x200 library/OLED.o
 .progmem.data.zero_logo
                0x00000000      0x200 library/OLED.o
 .debug_info    0x00000000      0x99d library/OLED.o
 .debug_abbrev  0x00000000      0x1df library/OLED.o
 .debug_loc     0x00000000      0x545 library/OLED.o
 .debug_aranges
                0x00000000       0x68 library/OLED.o
 .debug_ranges  0x00000000       0x58 library/OLED.o
 .debug_line    0x00000000      0x1d7 library/OLED.o
 .debug_str     0x00000000      0x358 library/OLED.o
 .comment       0x00000000       0x31 library/OLED.o
 .debug_frame   0x00000000      0x138 library/OLED.o
 COMMON         0x00000000        0x1 library/OLED.o
 .text          0x00000000        0x0 library/I2C.o
 .data          0x00000000        0x0 library/I2C.o
 .bss           0x00000000        0x0 library/I2C.o
 .text.i2cread  0x00000000       0x4e library/I2C.o
 .text          0x00000000        0x0 library/init_perif.o
 .data          0x00000000        0x0 library/init_perif.o
 .bss           0x00000000        0x0 library/init_perif.o
 .text.init_periferal
                0x00000000        0x2 library/init_perif.o
 .debug_info    0x00000000       0x3f library/init_perif.o
 .debug_abbrev  0x00000000       0x2c library/init_perif.o
 .debug_aranges
                0x00000000       0x20 library/init_perif.o
 .debug_ranges  0x00000000       0x10 library/init_perif.o
 .debug_line    0x00000000       0x42 library/init_perif.o
 .debug_str     0x00000000       0xe0 library/init_perif.o
 .comment       0x00000000       0x31 library/init_perif.o
 .debug_frame   0x00000000       0x24 library/init_perif.o
 .text          0x00000000        0x0 library/ports.o
 .data          0x00000000        0x0 library/ports.o
 .bss           0x00000000        0x0 library/ports.o
 .text          0x00000000        0x0 library/uart.o
 .data          0x00000000        0x0 library/uart.o
 .bss           0x00000000        0x0 library/uart.o
 .bss.rx_rd_index
                0x00000000        0x2 library/uart.o
 .text          0x00000000        0x0 main.o
 .data          0x00000000        0x0 main.o
 .bss           0x00000000        0x0 main.o
 .text.initSymbolOLED
                0x00000000       0xde main.o
 COMMON         0x00000000        0x2 main.o
 .text          0x00000000        0x0 c:/program files (x86)/atmel/atmel toolchain/avr8 gcc/native/3.4.1061/avr8-gnu-toolchain/bin/../lib/gcc/avr/4.8.1/avr5\libgcc.a(_exit.o)
 .data          0x00000000        0x0 c:/program files (x86)/atmel/atmel toolchain/avr8 gcc/native/3.4.1061/avr8-gnu-toolchain/bin/../lib/gcc/avr/4.8.1/avr5\libgcc.a(_exit.o)
 .bss           0x00000000        0x0 c:/program files (x86)/atmel/atmel toolchain/avr8 gcc/native/3.4.1061/avr8-gnu-toolchain/bin/../lib/gcc/avr/4.8.1/avr5\libgcc.a(_exit.o)
 .text.libgcc.mul
                0x00000000        0x0 c:/program files (x86)/atmel/atmel toolchain/avr8 gcc/native/3.4.1061/avr8-gnu-toolchain/bin/../lib/gcc/avr/4.8.1/avr5\libgcc.a(_exit.o)
 .text.libgcc.div
                0x00000000        0x0 c:/program files (x86)/atmel/atmel toolchain/avr8 gcc/native/3.4.1061/avr8-gnu-toolchain/bin/../lib/gcc/avr/4.8.1/avr5\libgcc.a(_exit.o)
 .text.libgcc   0x00000000        0x0 c:/program files (x86)/atmel/atmel toolchain/avr8 gcc/native/3.4.1061/avr8-gnu-toolchain/bin/../lib/gcc/avr/4.8.1/avr5\libgcc.a(_exit.o)
 .text.libgcc.prologue
                0x00000000        0x0 c:/program files (x86)/atmel/atmel toolchain/avr8 gcc/native/3.4.1061/avr8-gnu-toolchain/bin/../lib/gcc/avr/4.8.1/avr5\libgcc.a(_exit.o)
 .text.libgcc.builtins
                0x00000000        0x0 c:/program files (x86)/atmel/atmel toolchain/avr8 gcc/native/3.4.1061/avr8-gnu-toolchain/bin/../lib/gcc/avr/4.8.1/avr5\libgcc.a(_exit.o)
 .text.libgcc.fmul
                0x00000000        0x0 c:/program files (x86)/atmel/atmel toolchain/avr8 gcc/native/3.4.1061/avr8-gnu-toolchain/bin/../lib/gcc/avr/4.8.1/avr5\libgcc.a(_exit.o)
 .text.libgcc.fixed
                0x00000000        0x0 c:/program files (x86)/atmel/atmel toolchain/avr8 gcc/native/3.4.1061/avr8-gnu-toolchain/bin/../lib/gcc/avr/4.8.1/avr5\libgcc.a(_exit.o)
 .text          0x00000000        0x0 c:/program files (x86)/atmel/atmel toolchain/avr8 gcc/native/3.4.1061/avr8-gnu-toolchain/bin/../lib/gcc/avr/4.8.1/avr5\libgcc.a(_tablejump.o)
 .data          0x00000000        0x0 c:/program files (x86)/atmel/atmel toolchain/avr8 gcc/native/3.4.1061/avr8-gnu-toolchain/bin/../lib/gcc/avr/4.8.1/avr5\libgcc.a(_tablejump.o)
 .bss           0x00000000        0x0 c:/program files (x86)/atmel/atmel toolchain/avr8 gcc/native/3.4.1061/avr8-gnu-toolchain/bin/../lib/gcc/avr/4.8.1/avr5\libgcc.a(_tablejump.o)
 .text.libgcc.mul
                0x00000000        0x0 c:/program files (x86)/atmel/atmel toolchain/avr8 gcc/native/3.4.1061/avr8-gnu-toolchain/bin/../lib/gcc/avr/4.8.1/avr5\libgcc.a(_tablejump.o)
 .text.libgcc.div
                0x00000000        0x0 c:/program files (x86)/atmel/atmel toolchain/avr8 gcc/native/3.4.1061/avr8-gnu-toolchain/bin/../lib/gcc/avr/4.8.1/avr5\libgcc.a(_tablejump.o)
 .text.libgcc   0x00000000        0xc c:/program files (x86)/atmel/atmel toolchain/avr8 gcc/native/3.4.1061/avr8-gnu-toolchain/bin/../lib/gcc/avr/4.8.1/avr5\libgcc.a(_tablejump.o)
 .text.libgcc.prologue
                0x00000000        0x0 c:/program files (x86)/atmel/atmel toolchain/avr8 gcc/native/3.4.1061/avr8-gnu-toolchain/bin/../lib/gcc/avr/4.8.1/avr5\libgcc.a(_tablejump.o)
 .text.libgcc.builtins
                0x00000000        0x0 c:/program files (x86)/atmel/atmel toolchain/avr8 gcc/native/3.4.1061/avr8-gnu-toolchain/bin/../lib/gcc/avr/4.8.1/avr5\libgcc.a(_tablejump.o)
 .text.libgcc.fmul
                0x00000000        0x0 c:/program files (x86)/atmel/atmel toolchain/avr8 gcc/native/3.4.1061/avr8-gnu-toolchain/bin/../lib/gcc/avr/4.8.1/avr5\libgcc.a(_tablejump.o)
 .text.libgcc.fixed
                0x00000000        0x0 c:/program files (x86)/atmel/atmel toolchain/avr8 gcc/native/3.4.1061/avr8-gnu-toolchain/bin/../lib/gcc/avr/4.8.1/avr5\libgcc.a(_tablejump.o)
 .text          0x00000000        0x0 c:/program files (x86)/atmel/atmel toolchain/avr8 gcc/native/3.4.1061/avr8-gnu-toolchain/bin/../lib/gcc/avr/4.8.1/avr5\libgcc.a(_copy_data.o)
 .data          0x00000000        0x0 c:/program files (x86)/atmel/atmel toolchain/avr8 gcc/native/3.4.1061/avr8-gnu-toolchain/bin/../lib/gcc/avr/4.8.1/avr5\libgcc.a(_copy_data.o)
 .bss           0x00000000        0x0 c:/program files (x86)/atmel/atmel toolchain/avr8 gcc/native/3.4.1061/avr8-gnu-toolchain/bin/../lib/gcc/avr/4.8.1/avr5\libgcc.a(_copy_data.o)
 .text.libgcc.mul
                0x00000000        0x0 c:/program files (x86)/atmel/atmel toolchain/avr8 gcc/native/3.4.1061/avr8-gnu-toolchain/bin/../lib/gcc/avr/4.8.1/avr5\libgcc.a(_copy_data.o)
 .text.libgcc.div
                0x00000000        0x0 c:/program files (x86)/atmel/atmel toolchain/avr8 gcc/native/3.4.1061/avr8-gnu-toolchain/bin/../lib/gcc/avr/4.8.1/avr5\libgcc.a(_copy_data.o)
 .text.libgcc   0x00000000        0x0 c:/program files (x86)/atmel/atmel toolchain/avr8 gcc/native/3.4.1061/avr8-gnu-toolchain/bin/../lib/gcc/avr/4.8.1/avr5\libgcc.a(_copy_data.o)
 .text.libgcc.prologue
                0x00000000        0x0 c:/program files (x86)/atmel/atmel toolchain/avr8 gcc/native/3.4.1061/avr8-gnu-toolchain/bin/../lib/gcc/avr/4.8.1/avr5\libgcc.a(_copy_data.o)
 .text.libgcc.builtins
                0x00000000        0x0 c:/program files (x86)/atmel/atmel toolchain/avr8 gcc/native/3.4.1061/avr8-gnu-toolchain/bin/../lib/gcc/avr/4.8.1/avr5\libgcc.a(_copy_data.o)
 .text.libgcc.fmul
                0x00000000        0x0 c:/program files (x86)/atmel/atmel toolchain/avr8 gcc/native/3.4.1061/avr8-gnu-toolchain/bin/../lib/gcc/avr/4.8.1/avr5\libgcc.a(_copy_data.o)
 .text.libgcc.fixed
                0x00000000        0x0 c:/program files (x86)/atmel/atmel toolchain/avr8 gcc/native/3.4.1061/avr8-gnu-toolchain/bin/../lib/gcc/avr/4.8.1/avr5\libgcc.a(_copy_data.o)
 .text          0x00000000        0x0 c:/program files (x86)/atmel/atmel toolchain/avr8 gcc/native/3.4.1061/avr8-gnu-toolchain/bin/../lib/gcc/avr/4.8.1/avr5\libgcc.a(_clear_bss.o)
 .data          0x00000000        0x0 c:/program files (x86)/atmel/atmel toolchain/avr8 gcc/native/3.4.1061/avr8-gnu-toolchain/bin/../lib/gcc/avr/4.8.1/avr5\libgcc.a(_clear_bss.o)
 .bss           0x00000000        0x0 c:/program files (x86)/atmel/atmel toolchain/avr8 gcc/native/3.4.1061/avr8-gnu-toolchain/bin/../lib/gcc/avr/4.8.1/avr5\libgcc.a(_clear_bss.o)
 .text.libgcc.mul
                0x00000000        0x0 c:/program files (x86)/atmel/atmel toolchain/avr8 gcc/native/3.4.1061/avr8-gnu-toolchain/bin/../lib/gcc/avr/4.8.1/avr5\libgcc.a(_clear_bss.o)
 .text.libgcc.div
                0x00000000        0x0 c:/program files (x86)/atmel/atmel toolchain/avr8 gcc/native/3.4.1061/avr8-gnu-toolchain/bin/../lib/gcc/avr/4.8.1/avr5\libgcc.a(_clear_bss.o)
 .text.libgcc   0x00000000        0x0 c:/program files (x86)/atmel/atmel toolchain/avr8 gcc/native/3.4.1061/avr8-gnu-toolchain/bin/../lib/gcc/avr/4.8.1/avr5\libgcc.a(_clear_bss.o)
 .text.libgcc.prologue
                0x00000000        0x0 c:/program files (x86)/atmel/atmel toolchain/avr8 gcc/native/3.4.1061/avr8-gnu-toolchain/bin/../lib/gcc/avr/4.8.1/avr5\libgcc.a(_clear_bss.o)
 .text.libgcc.builtins
                0x00000000        0x0 c:/program files (x86)/atmel/atmel toolchain/avr8 gcc/native/3.4.1061/avr8-gnu-toolchain/bin/../lib/gcc/avr/4.8.1/avr5\libgcc.a(_clear_bss.o)
 .text.libgcc.fmul
                0x00000000        0x0 c:/program files (x86)/atmel/atmel toolchain/avr8 gcc/native/3.4.1061/avr8-gnu-toolchain/bin/../lib/gcc/avr/4.8.1/avr5\libgcc.a(_clear_bss.o)
 .text.libgcc.fixed
                0x00000000        0x0 c:/program files (x86)/atmel/atmel toolchain/avr8 gcc/native/3.4.1061/avr8-gnu-toolchain/bin/../lib/gcc/avr/4.8.1/avr5\libgcc.a(_clear_bss.o)

Memory Configuration

Name             Origin             Length             Attributes
text             0x00000000         0x00020000         xr
data             0x00800060         0x0000ffa0         rw !x
eeprom           0x00810000         0x00010000         rw !x
fuse             0x00820000         0x00000400         rw !x
lock             0x00830000         0x00000400         rw !x
signature        0x00840000         0x00000400         rw !x
user_signatures  0x00850000         0x00000400         rw !x
*default*        0x00000000         0xffffffff

Linker script and memory map

LOAD c:/program files (x86)/atmel/atmel toolchain/avr8 gcc/native/3.4.1061/avr8-gnu-toolchain/bin/../lib/gcc/avr/4.8.1/../../../../avr/lib/avr5/crtm16a.o
LOAD library/ds1307.o
LOAD library/LED_MAX7219.o
LOAD library/OLED.o
LOAD library/I2C.o
LOAD library/init_perif.o
LOAD library/ports.o
LOAD library/uart.o
LOAD main.o
START GROUP
LOAD c:/program files (x86)/atmel/atmel toolchain/avr8 gcc/native/3.4.1061/avr8-gnu-toolchain/bin/../lib/gcc/avr/4.8.1/../../../../avr/lib/avr5\libm.a
END GROUP
START GROUP
LOAD c:/program files (x86)/atmel/atmel toolchain/avr8 gcc/native/3.4.1061/avr8-gnu-toolchain/bin/../lib/gcc/avr/4.8.1/avr5\libgcc.a
LOAD c:/program files (x86)/atmel/atmel toolchain/avr8 gcc/native/3.4.1061/avr8-gnu-toolchain/bin/../lib/gcc/avr/4.8.1/../../../../avr/lib/avr5\libm.a
LOAD c:/program files (x86)/atmel/atmel toolchain/avr8 gcc/native/3.4.1061/avr8-gnu-toolchain/bin/../lib/gcc/avr/4.8.1/../../../../avr/lib/avr5\libc.a
END GROUP

.hash
 *(.hash)

.dynsym
 *(.dynsym)

.dynstr
 *(.dynstr)

.gnu.version
 *(.gnu.version)

.gnu.version_d
 *(.gnu.version_d)

.gnu.version_r
 *(.gnu.version_r)

.rel.init
 *(.rel.init)

.rela.init
 *(.rela.init)

.rel.text
 *(.rel.text)
 *(.rel.text.*)
 *(.rel.gnu.linkonce.t*)

.rela.text
 *(.rela.text)
 *(.rela.text.*)
 *(.rela.gnu.linkonce.t*)

.rel.fini
 *(.rel.fini)

.rela.fini
 *(.rela.fini)

.rel.rodata
 *(.rel.rodata)
 *(.rel.rodata.*)
 *(.rel.gnu.linkonce.r*)

.rela.rodata
 *(.rela.rodata)
 *(.rela.rodata.*)
 *(.rela.gnu.linkonce.r*)

.rel.data
 *(.rel.data)
 *(.rel.data.*)
 *(.rel.gnu.linkonce.d*)

.rela.data
 *(.rela.data)
 *(.rela.data.*)
 *(.rela.gnu.linkonce.d*)

.rel.ctors
 *(.rel.ctors)

.rela.ctors
 *(.rela.ctors)

.rel.dtors
 *(.rel.dtors)

.rela.dtors
 *(.rela.dtors)

.rel.got
 *(.rel.got)

.rela.got
 *(.rela.got)

.rel.bss
 *(.rel.bss)

.rela.bss
 *(.rela.bss)

.rel.plt
 *(.rel.plt)

.rela.plt
 *(.rela.plt)

.text           0x00000000      0x300
 *(.vectors)
 .vectors       0x00000000       0x54 c:/program files (x86)/atmel/atmel toolchain/avr8 gcc/native/3.4.1061/avr8-gnu-toolchain/bin/../lib/gcc/avr/4.8.1/../../../../avr/lib/avr5/crtm16a.o
                0x00000000                __vector_default
                0x00000000                __vectors
 *(.vectors)
 *(.progmem.gcc*)
                0x00000054                . = ALIGN (0x2)
                0x00000054                __trampolines_start = .
 *(.trampolines)
 .trampolines   0x00000054        0x0 linker stubs
 *(.trampolines*)
                0x00000054                __trampolines_end = .
 *(.progmem*)
                0x00000054                . = ALIGN (0x2)
 *(.jumptables)
 *(.jumptables*)
 *(.lowtext)
 *(.lowtext*)
                0x00000054                __ctors_start = .
 *(.ctors)
                0x00000054                __ctors_end = .
                0x00000054                __dtors_start = .
 *(.dtors)
                0x00000054                __dtors_end = .
 SORT(*)(.ctors)
 SORT(*)(.dtors)
 *(.init0)
 .init0         0x00000054        0x0 c:/program files (x86)/atmel/atmel toolchain/avr8 gcc/native/3.4.1061/avr8-gnu-toolchain/bin/../lib/gcc/avr/4.8.1/../../../../avr/lib/avr5/crtm16a.o
                0x00000054                __init
 *(.init0)
 *(.init1)
 *(.init1)
 *(.init2)
 .init2         0x00000054        0xc c:/program files (x86)/atmel/atmel toolchain/avr8 gcc/native/3.4.1061/avr8-gnu-toolchain/bin/../lib/gcc/avr/4.8.1/../../../../avr/lib/avr5/crtm16a.o
 *(.init2)
 *(.init3)
 *(.init3)
 *(.init4)
 .init4         0x00000060       0x16 c:/program files (x86)/atmel/atmel toolchain/avr8 gcc/native/3.4.1061/avr8-gnu-toolchain/bin/../lib/gcc/avr/4.8.1/avr5\libgcc.a(_copy_data.o)
                0x00000060                __do_copy_data
 .init4         0x00000076       0x10 c:/program files (x86)/atmel/atmel toolchain/avr8 gcc/native/3.4.1061/avr8-gnu-toolchain/bin/../lib/gcc/avr/4.8.1/avr5\libgcc.a(_clear_bss.o)
                0x00000076                __do_clear_bss
 *(.init4)
 *(.init5)
 *(.init5)
 *(.init6)
 *(.init6)
 *(.init7)
 *(.init7)
 *(.init8)
 *(.init8)
 *(.init9)
 .init9         0x00000086        0x8 c:/program files (x86)/atmel/atmel toolchain/avr8 gcc/native/3.4.1061/avr8-gnu-toolchain/bin/../lib/gcc/avr/4.8.1/../../../../avr/lib/avr5/crtm16a.o
 *(.init9)
 *(.text)
 .text          0x0000008e        0x4 c:/program files (x86)/atmel/atmel toolchain/avr8 gcc/native/3.4.1061/avr8-gnu-toolchain/bin/../lib/gcc/avr/4.8.1/../../../../avr/lib/avr5/crtm16a.o
                0x0000008e                __vector_1
                0x0000008e                __vector_12
                0x0000008e                __bad_interrupt
                0x0000008e                __vector_6
                0x0000008e                __vector_3
                0x0000008e                __vector_13
                0x0000008e                __vector_17
                0x0000008e                __vector_19
                0x0000008e                __vector_7
                0x0000008e                __vector_5
                0x0000008e                __vector_4
                0x0000008e                __vector_9
                0x0000008e                __vector_2
                0x0000008e                __vector_15
                0x0000008e                __vector_8
                0x0000008e                __vector_14
                0x0000008e                __vector_10
                0x0000008e                __vector_16
                0x0000008e                __vector_18
                0x0000008e                __vector_20
                0x00000092                . = ALIGN (0x2)
 *(.text.*)
 .text.DS1307_Init
                0x00000092       0x3c library/ds1307.o
                0x00000092                DS1307_Init
 .text.DS1307_SetTime
                0x000000ce       0x2a library/ds1307.o
                0x000000ce                DS1307_SetTime
 .text.In_BCD   0x000000f8       0x14 library/ds1307.o
                0x000000f8                In_BCD
 .text.i2cInit  0x0000010c        0x8 library/I2C.o
                0x0000010c                i2cInit
 .text.i2cstart
                0x00000114       0x4c library/I2C.o
                0x00000114                i2cstart
 .text.i2cwrite
                0x00000160       0x1e library/I2C.o
                0x00000160                i2cwrite
 .text.i2cstop  0x0000017e        0xc library/I2C.o
                0x0000017e                i2cstop
 .text.init_ports
                0x0000018a       0x16 library/ports.o
                0x0000018a                init_ports
 .text.Get_flagRX
                0x000001a0        0x6 library/uart.o
                0x000001a0                Get_flagRX
 .text.ProcessingBufferRx
                0x000001a6       0x54 library/uart.o
                0x000001a6                ProcessingBufferRx
 .text.USARTReceiveChar
                0x000001fa       0xa2 library/uart.o
                0x000001fa                USARTReceiveChar
 .text.__vector_11
                0x0000029c       0x28 library/uart.o
                0x0000029c                __vector_11
 .text.USART_Init
                0x000002c4       0x12 library/uart.o
                0x000002c4                USART_Init
 .text.main     0x000002d6       0x26 main.o
                0x000002d6                main
                0x000002fc                . = ALIGN (0x2)
 *(.fini9)
 .fini9         0x000002fc        0x0 c:/program files (x86)/atmel/atmel toolchain/avr8 gcc/native/3.4.1061/avr8-gnu-toolchain/bin/../lib/gcc/avr/4.8.1/avr5\libgcc.a(_exit.o)
                0x000002fc                _exit
                0x000002fc                exit
 *(.fini9)
 *(.fini8)
 *(.fini8)
 *(.fini7)
 *(.fini7)
 *(.fini6)
 *(.fini6)
 *(.fini5)
 *(.fini5)
 *(.fini4)
 *(.fini4)
 *(.fini3)
 *(.fini3)
 *(.fini2)
 *(.fini2)
 *(.fini1)
 *(.fini1)
 *(.fini0)
 .fini0         0x000002fc        0x4 c:/program files (x86)/atmel/atmel toolchain/avr8 gcc/native/3.4.1061/avr8-gnu-toolchain/bin/../lib/gcc/avr/4.8.1/avr5\libgcc.a(_exit.o)
 *(.fini0)
                0x00000300                _etext = .

.data           0x00800060        0x0 load address 0x00000300
                0x00800060                PROVIDE (__data_start, .)
 *(.data)
 *(.data*)
 *(.rodata)
 *(.rodata*)
 *(.gnu.linkonce.d*)
                0x00800060                . = ALIGN (0x2)
                0x00800060                _edata = .
                0x00800060                PROVIDE (__data_end, .)

.bss            0x00800060      0x19a
                0x00800060                PROVIDE (__bss_start, .)
 *(.bss)
 *(.bss*)
 .bss.flag_Set_Time
                0x00800060        0x1 library/uart.o
                0x00800060                flag_Set_Time
 .bss.flagRX    0x00800061        0x1 library/uart.o
                0x00800061                flagRX
 .bss.flagEr    0x00800062        0x1 library/uart.o
                0x00800062                flagEr
 .bss.rx_wr_index
                0x00800063        0x2 library/uart.o
                0x00800063                rx_wr_index
 *(COMMON)
 COMMON         0x00800065        0x3 library/ds1307.o
                0x00800065                buffer0
                0x00800066                buffer2
                0x00800067                buffer1
 COMMON         0x00800068        0x1 library/I2C.o
                0x00800068                twi_status_register
 COMMON         0x00800069      0x191 library/uart.o
                0x00800069                rx_buffer
                0x008001f9                buffer
                0x008001fa                PROVIDE (__bss_end, .)
                0x00000300                __data_load_start = LOADADDR (.data)
                0x00000300                __data_load_end = (__data_load_start + SIZEOF (.data))

.noinit         0x008001fa        0x0
                0x008001fa                PROVIDE (__noinit_start, .)
 *(.noinit*)
                0x008001fa                PROVIDE (__noinit_end, .)
                0x008001fa                _end = .
                0x008001fa                PROVIDE (__heap_start, .)

.eeprom         0x00810000        0x0
 *(.eeprom*)
                0x00810000                __eeprom_end = .

.fuse
 *(.fuse)
 *(.lfuse)
 *(.hfuse)
 *(.efuse)

.lock
 *(.lock*)

.signature
 *(.signature*)

.user_signatures
 *(.user_signatures*)

.stab
 *(.stab)

.stabstr
 *(.stabstr)

.stab.excl
 *(.stab.excl)

.stab.exclstr
 *(.stab.exclstr)

.stab.index
 *(.stab.index)

.stab.indexstr
 *(.stab.indexstr)

.comment        0x00000000       0x30
 *(.comment)
 .comment       0x00000000       0x30 library/ds1307.o
                                 0x31 (size before relaxing)
 .comment       0x00000000       0x31 library/I2C.o
 .comment       0x00000000       0x31 library/ports.o
 .comment       0x00000000       0x31 library/uart.o
 .comment       0x00000000       0x31 main.o

.note.gnu.build-id
 *(.note.gnu.build-id)

.debug
 *(.debug)

.line
 *(.line)

.debug_srcinfo
 *(.debug_srcinfo)

.debug_sfnames
 *(.debug_sfnames)

.debug_aranges  0x00000000      0x110
 *(.debug_aranges)
 .debug_aranges
                0x00000000       0x48 library/ds1307.o
 .debug_aranges
                0x00000048       0x40 library/I2C.o
 .debug_aranges
                0x00000088       0x20 library/ports.o
 .debug_aranges
                0x000000a8       0x40 library/uart.o
 .debug_aranges
                0x000000e8       0x28 main.o

.debug_pubnames
 *(.debug_pubnames)

.debug_info     0x00000000     0x15c9
 *(.debug_info .gnu.linkonce.wi.*)
 .debug_info    0x00000000      0x7db library/ds1307.o
 .debug_info    0x000007db      0x149 library/I2C.o
 .debug_info    0x00000924       0x89 library/ports.o
 .debug_info    0x000009ad      0x4c4 library/uart.o
 .debug_info    0x00000e71      0x758 main.o

.debug_abbrev   0x00000000      0x5ec
 *(.debug_abbrev)
 .debug_abbrev  0x00000000      0x1d7 library/ds1307.o
 .debug_abbrev  0x000001d7       0xab library/I2C.o
 .debug_abbrev  0x00000282       0x4f library/ports.o
 .debug_abbrev  0x000002d1      0x182 library/uart.o
 .debug_abbrev  0x00000453      0x199 main.o

.debug_line     0x00000000      0x5ea
 *(.debug_line .debug_line.* .debug_line_end)
 .debug_line    0x00000000      0x167 library/ds1307.o
 .debug_line    0x00000167      0x147 library/I2C.o
 .debug_line    0x000002ae       0xb6 library/ports.o
 .debug_line    0x00000364      0x158 library/uart.o
 .debug_line    0x000004bc      0x12e main.o

.debug_frame    0x00000000      0x1cc
 *(.debug_frame)
 .debug_frame   0x00000000       0x94 library/ds1307.o
 .debug_frame   0x00000094       0x64 library/I2C.o
 .debug_frame   0x000000f8       0x24 library/ports.o
 .debug_frame   0x0000011c       0x7c library/uart.o
 .debug_frame   0x00000198       0x34 main.o

.debug_str      0x00000000      0x466
 *(.debug_str)
 .debug_str     0x00000000      0x306 library/ds1307.o
                                0x357 (size before relaxing)
 .debug_str     0x00000306       0x3a library/I2C.o
                                0x189 (size before relaxing)
 .debug_str     0x00000340       0x1e library/ports.o
                                0x14b (size before relaxing)
 .debug_str     0x0000035e       0xc8 library/uart.o
                                0x34e (size before relaxing)
 .debug_str     0x00000426       0x40 main.o
                                0x33c (size before relaxing)

.debug_loc      0x00000000      0x453
 *(.debug_loc)
 .debug_loc     0x00000000      0x2be library/ds1307.o
 .debug_loc     0x000002be       0xdf library/I2C.o
 .debug_loc     0x0000039d       0xb6 library/uart.o

.debug_macinfo
 *(.debug_macinfo)

.debug_weaknames
 *(.debug_weaknames)

.debug_funcnames
 *(.debug_funcnames)

.debug_typenames
 *(.debug_typenames)

.debug_varnames
 *(.debug_varnames)

.debug_pubtypes
 *(.debug_pubtypes)

.debug_ranges   0x00000000       0xc0
 *(.debug_ranges)
 .debug_ranges  0x00000000       0x38 library/ds1307.o
 .debug_ranges  0x00000038       0x30 library/I2C.o
 .debug_ranges  0x00000068       0x10 library/ports.o
 .debug_ranges  0x00000078       0x30 library/uart.o
 .debug_ranges  0x000000a8       0x18 main.o

.debug_macro
 *(.debug_macro)
OUTPUT(GPS.elf elf32-avr)
LOAD linker stubs
