Archive member included to satisfy reference by file (symbol)

c:/program files (x86)/atmel/studio/7.0/toolchain/avr8/avr8-gnu-toolchain/bin/../lib/gcc/avr/5.4.0/../../../../avr/lib/avr5\libm.a(addsf3.o)
                              library/adc.o (__subsf3)
c:/program files (x86)/atmel/studio/7.0/toolchain/avr8/avr8-gnu-toolchain/bin/../lib/gcc/avr/5.4.0/../../../../avr/lib/avr5\libm.a(addsf3x.o)
                              c:/program files (x86)/atmel/studio/7.0/toolchain/avr8/avr8-gnu-toolchain/bin/../lib/gcc/avr/5.4.0/../../../../avr/lib/avr5\libm.a(addsf3.o) (__addsf3x)
c:/program files (x86)/atmel/studio/7.0/toolchain/avr8/avr8-gnu-toolchain/bin/../lib/gcc/avr/5.4.0/../../../../avr/lib/avr5\libm.a(divsf3.o)
                              library/adc.o (__divsf3)
c:/program files (x86)/atmel/studio/7.0/toolchain/avr8/avr8-gnu-toolchain/bin/../lib/gcc/avr/5.4.0/../../../../avr/lib/avr5\libm.a(divsf3x.o)
                              c:/program files (x86)/atmel/studio/7.0/toolchain/avr8/avr8-gnu-toolchain/bin/../lib/gcc/avr/5.4.0/../../../../avr/lib/avr5\libm.a(divsf3.o) (__divsf3x)
c:/program files (x86)/atmel/studio/7.0/toolchain/avr8/avr8-gnu-toolchain/bin/../lib/gcc/avr/5.4.0/../../../../avr/lib/avr5\libm.a(fixsfsi.o)
                              library/adc.o (__fixsfsi)
c:/program files (x86)/atmel/studio/7.0/toolchain/avr8/avr8-gnu-toolchain/bin/../lib/gcc/avr/5.4.0/../../../../avr/lib/avr5\libm.a(fixunssfsi.o)
                              c:/program files (x86)/atmel/studio/7.0/toolchain/avr8/avr8-gnu-toolchain/bin/../lib/gcc/avr/5.4.0/../../../../avr/lib/avr5\libm.a(fixsfsi.o) (__fixunssfsi)
c:/program files (x86)/atmel/studio/7.0/toolchain/avr8/avr8-gnu-toolchain/bin/../lib/gcc/avr/5.4.0/../../../../avr/lib/avr5\libm.a(floatsisf.o)
                              library/adc.o (__floatunsisf)
c:/program files (x86)/atmel/studio/7.0/toolchain/avr8/avr8-gnu-toolchain/bin/../lib/gcc/avr/5.4.0/../../../../avr/lib/avr5\libm.a(fp_inf.o)
                              c:/program files (x86)/atmel/studio/7.0/toolchain/avr8/avr8-gnu-toolchain/bin/../lib/gcc/avr/5.4.0/../../../../avr/lib/avr5\libm.a(addsf3x.o) (__fp_inf)
c:/program files (x86)/atmel/studio/7.0/toolchain/avr8/avr8-gnu-toolchain/bin/../lib/gcc/avr/5.4.0/../../../../avr/lib/avr5\libm.a(fp_nan.o)
                              c:/program files (x86)/atmel/studio/7.0/toolchain/avr8/avr8-gnu-toolchain/bin/../lib/gcc/avr/5.4.0/../../../../avr/lib/avr5\libm.a(addsf3x.o) (__fp_nan)
c:/program files (x86)/atmel/studio/7.0/toolchain/avr8/avr8-gnu-toolchain/bin/../lib/gcc/avr/5.4.0/../../../../avr/lib/avr5\libm.a(fp_pscA.o)
                              c:/program files (x86)/atmel/studio/7.0/toolchain/avr8/avr8-gnu-toolchain/bin/../lib/gcc/avr/5.4.0/../../../../avr/lib/avr5\libm.a(addsf3x.o) (__fp_pscA)
c:/program files (x86)/atmel/studio/7.0/toolchain/avr8/avr8-gnu-toolchain/bin/../lib/gcc/avr/5.4.0/../../../../avr/lib/avr5\libm.a(fp_pscB.o)
                              c:/program files (x86)/atmel/studio/7.0/toolchain/avr8/avr8-gnu-toolchain/bin/../lib/gcc/avr/5.4.0/../../../../avr/lib/avr5\libm.a(addsf3x.o) (__fp_pscB)
c:/program files (x86)/atmel/studio/7.0/toolchain/avr8/avr8-gnu-toolchain/bin/../lib/gcc/avr/5.4.0/../../../../avr/lib/avr5\libm.a(fp_round.o)
                              c:/program files (x86)/atmel/studio/7.0/toolchain/avr8/avr8-gnu-toolchain/bin/../lib/gcc/avr/5.4.0/../../../../avr/lib/avr5\libm.a(addsf3.o) (__fp_round)
c:/program files (x86)/atmel/studio/7.0/toolchain/avr8/avr8-gnu-toolchain/bin/../lib/gcc/avr/5.4.0/../../../../avr/lib/avr5\libm.a(fp_split3.o)
                              c:/program files (x86)/atmel/studio/7.0/toolchain/avr8/avr8-gnu-toolchain/bin/../lib/gcc/avr/5.4.0/../../../../avr/lib/avr5\libm.a(addsf3x.o) (__fp_split3)
c:/program files (x86)/atmel/studio/7.0/toolchain/avr8/avr8-gnu-toolchain/bin/../lib/gcc/avr/5.4.0/../../../../avr/lib/avr5\libm.a(fp_zero.o)
                              c:/program files (x86)/atmel/studio/7.0/toolchain/avr8/avr8-gnu-toolchain/bin/../lib/gcc/avr/5.4.0/../../../../avr/lib/avr5\libm.a(addsf3x.o) (__fp_zero)
c:/program files (x86)/atmel/studio/7.0/toolchain/avr8/avr8-gnu-toolchain/bin/../lib/gcc/avr/5.4.0/../../../../avr/lib/avr5\libm.a(mulsf3.o)
                              library/adc.o (__mulsf3)
c:/program files (x86)/atmel/studio/7.0/toolchain/avr8/avr8-gnu-toolchain/bin/../lib/gcc/avr/5.4.0/../../../../avr/lib/avr5\libm.a(mulsf3x.o)
                              c:/program files (x86)/atmel/studio/7.0/toolchain/avr8/avr8-gnu-toolchain/bin/../lib/gcc/avr/5.4.0/../../../../avr/lib/avr5\libm.a(mulsf3.o) (__mulsf3x)
c:/program files (x86)/atmel/studio/7.0/toolchain/avr8/avr8-gnu-toolchain/bin/../lib/gcc/avr/5.4.0/avr5\libgcc.a(_divmodhi4.o)
                              library/adc.o (__divmodhi4)
c:/program files (x86)/atmel/studio/7.0/toolchain/avr8/avr8-gnu-toolchain/bin/../lib/gcc/avr/5.4.0/avr5\libgcc.a(_exit.o)
                              C:/Program Files (x86)/Atmel/Studio/7.0/Packs/atmel/ATmega_DFP/1.3.300/gcc/dev/atmega16a/avr5/crtatmega16a.o (exit)
c:/program files (x86)/atmel/studio/7.0/toolchain/avr8/avr8-gnu-toolchain/bin/../lib/gcc/avr/5.4.0/avr5\libgcc.a(_tablejump2.o)
                              library/LED_MAX7219.o (__tablejump2__)
c:/program files (x86)/atmel/studio/7.0/toolchain/avr8/avr8-gnu-toolchain/bin/../lib/gcc/avr/5.4.0/avr5\libgcc.a(_copy_data.o)
                              library/adc.o (__do_copy_data)
c:/program files (x86)/atmel/studio/7.0/toolchain/avr8/avr8-gnu-toolchain/bin/../lib/gcc/avr/5.4.0/avr5\libgcc.a(_clear_bss.o)
                              library/adc.o (__do_clear_bss)
c:/program files (x86)/atmel/studio/7.0/toolchain/avr8/avr8-gnu-toolchain/bin/../lib/gcc/avr/5.4.0/avr5\libgcc.a(_udivmodhi4.o)
                              c:/program files (x86)/atmel/studio/7.0/toolchain/avr8/avr8-gnu-toolchain/bin/../lib/gcc/avr/5.4.0/avr5\libgcc.a(_divmodhi4.o) (__udivmodhi4)

Allocating common symbols
Common symbol       size              file

b                   0x1               library/ds1307.o
oled_pointer        0x1               library/OLED.o
buf_speed           0x3               library/uart.o
rx_buffer           0x190             library/uart.o
buffer0             0x1               library/ds1307.o
buffer2             0x1               library/ds1307.o
buffer              0x1               library/uart.o
data                0x1               library/uart.o
buffer1             0x1               library/ds1307.o
twi_status_register
                    0x1               library/I2C.o
status              0x1               library/uart.o

Discarded input sections

 .data          0x00000000        0x0 C:/Program Files (x86)/Atmel/Studio/7.0/Packs/atmel/ATmega_DFP/1.3.300/gcc/dev/atmega16a/avr5/crtatmega16a.o
 .bss           0x00000000        0x0 C:/Program Files (x86)/Atmel/Studio/7.0/Packs/atmel/ATmega_DFP/1.3.300/gcc/dev/atmega16a/avr5/crtatmega16a.o
 .text          0x00000000        0x0 library/adc.o
 .data          0x00000000        0x0 library/adc.o
 .bss           0x00000000        0x0 library/adc.o
 .text.GetVoltage
                0x00000000       0x24 library/adc.o
 .bss.j         0x00000000        0x2 library/adc.o
 .text          0x00000000        0x0 library/ds1307.o
 .data          0x00000000        0x0 library/ds1307.o
 .bss           0x00000000        0x0 library/ds1307.o
 .text.Out_BCD  0x00000000       0x1a library/ds1307.o
 .text          0x00000000        0x0 library/LED_MAX7219.o
 .data          0x00000000        0x0 library/LED_MAX7219.o
 .bss           0x00000000        0x0 library/LED_MAX7219.o
 .text.SPI_WriteStartByte
                0x00000000        0xa library/LED_MAX7219.o
 .text.SPI_WriteEndByte
                0x00000000        0xa library/LED_MAX7219.o
 .text          0x00000000        0x0 library/OLED.o
 .data          0x00000000        0x0 library/OLED.o
 .bss           0x00000000        0x0 library/OLED.o
 .text.GetPointer
                0x00000000        0x6 library/OLED.o
 .text          0x00000000        0x0 library/I2C.o
 .data          0x00000000        0x0 library/I2C.o
 .bss           0x00000000        0x0 library/I2C.o
 .text          0x00000000        0x0 library/ports.o
 .data          0x00000000        0x0 library/ports.o
 .bss           0x00000000        0x0 library/ports.o
 .text.delay_us
                0x00000000       0x12 library/ports.o
 .text          0x00000000        0x0 library/uart.o
 .data          0x00000000        0x0 library/uart.o
 .bss           0x00000000        0x0 library/uart.o
 .bss.flagVTG   0x00000000        0x1 library/uart.o
 .bss.rx_counter
                0x00000000        0x1 library/uart.o
 .bss.rx_rd_index
                0x00000000        0x2 library/uart.o
 .text          0x00000000        0x0 main.o
 .data          0x00000000        0x0 main.o
 .bss           0x00000000        0x0 main.o
 .text          0x00000000        0x0 c:/program files (x86)/atmel/studio/7.0/toolchain/avr8/avr8-gnu-toolchain/bin/../lib/gcc/avr/5.4.0/../../../../avr/lib/avr5\libm.a(addsf3.o)
 .data          0x00000000        0x0 c:/program files (x86)/atmel/studio/7.0/toolchain/avr8/avr8-gnu-toolchain/bin/../lib/gcc/avr/5.4.0/../../../../avr/lib/avr5\libm.a(addsf3.o)
 .bss           0x00000000        0x0 c:/program files (x86)/atmel/studio/7.0/toolchain/avr8/avr8-gnu-toolchain/bin/../lib/gcc/avr/5.4.0/../../../../avr/lib/avr5\libm.a(addsf3.o)
 .text          0x00000000        0x0 c:/program files (x86)/atmel/studio/7.0/toolchain/avr8/avr8-gnu-toolchain/bin/../lib/gcc/avr/5.4.0/../../../../avr/lib/avr5\libm.a(addsf3x.o)
 .data          0x00000000        0x0 c:/program files (x86)/atmel/studio/7.0/toolchain/avr8/avr8-gnu-toolchain/bin/../lib/gcc/avr/5.4.0/../../../../avr/lib/avr5\libm.a(addsf3x.o)
 .bss           0x00000000        0x0 c:/program files (x86)/atmel/studio/7.0/toolchain/avr8/avr8-gnu-toolchain/bin/../lib/gcc/avr/5.4.0/../../../../avr/lib/avr5\libm.a(addsf3x.o)
 .text          0x00000000        0x0 c:/program files (x86)/atmel/studio/7.0/toolchain/avr8/avr8-gnu-toolchain/bin/../lib/gcc/avr/5.4.0/../../../../avr/lib/avr5\libm.a(divsf3.o)
 .data          0x00000000        0x0 c:/program files (x86)/atmel/studio/7.0/toolchain/avr8/avr8-gnu-toolchain/bin/../lib/gcc/avr/5.4.0/../../../../avr/lib/avr5\libm.a(divsf3.o)
 .bss           0x00000000        0x0 c:/program files (x86)/atmel/studio/7.0/toolchain/avr8/avr8-gnu-toolchain/bin/../lib/gcc/avr/5.4.0/../../../../avr/lib/avr5\libm.a(divsf3.o)
 .text          0x00000000        0x0 c:/program files (x86)/atmel/studio/7.0/toolchain/avr8/avr8-gnu-toolchain/bin/../lib/gcc/avr/5.4.0/../../../../avr/lib/avr5\libm.a(divsf3x.o)
 .data          0x00000000        0x0 c:/program files (x86)/atmel/studio/7.0/toolchain/avr8/avr8-gnu-toolchain/bin/../lib/gcc/avr/5.4.0/../../../../avr/lib/avr5\libm.a(divsf3x.o)
 .bss           0x00000000        0x0 c:/program files (x86)/atmel/studio/7.0/toolchain/avr8/avr8-gnu-toolchain/bin/../lib/gcc/avr/5.4.0/../../../../avr/lib/avr5\libm.a(divsf3x.o)
 .text          0x00000000        0x0 c:/program files (x86)/atmel/studio/7.0/toolchain/avr8/avr8-gnu-toolchain/bin/../lib/gcc/avr/5.4.0/../../../../avr/lib/avr5\libm.a(fixsfsi.o)
 .data          0x00000000        0x0 c:/program files (x86)/atmel/studio/7.0/toolchain/avr8/avr8-gnu-toolchain/bin/../lib/gcc/avr/5.4.0/../../../../avr/lib/avr5\libm.a(fixsfsi.o)
 .bss           0x00000000        0x0 c:/program files (x86)/atmel/studio/7.0/toolchain/avr8/avr8-gnu-toolchain/bin/../lib/gcc/avr/5.4.0/../../../../avr/lib/avr5\libm.a(fixsfsi.o)
 .text          0x00000000        0x0 c:/program files (x86)/atmel/studio/7.0/toolchain/avr8/avr8-gnu-toolchain/bin/../lib/gcc/avr/5.4.0/../../../../avr/lib/avr5\libm.a(fixunssfsi.o)
 .data          0x00000000        0x0 c:/program files (x86)/atmel/studio/7.0/toolchain/avr8/avr8-gnu-toolchain/bin/../lib/gcc/avr/5.4.0/../../../../avr/lib/avr5\libm.a(fixunssfsi.o)
 .bss           0x00000000        0x0 c:/program files (x86)/atmel/studio/7.0/toolchain/avr8/avr8-gnu-toolchain/bin/../lib/gcc/avr/5.4.0/../../../../avr/lib/avr5\libm.a(fixunssfsi.o)
 .text          0x00000000        0x0 c:/program files (x86)/atmel/studio/7.0/toolchain/avr8/avr8-gnu-toolchain/bin/../lib/gcc/avr/5.4.0/../../../../avr/lib/avr5\libm.a(floatsisf.o)
 .data          0x00000000        0x0 c:/program files (x86)/atmel/studio/7.0/toolchain/avr8/avr8-gnu-toolchain/bin/../lib/gcc/avr/5.4.0/../../../../avr/lib/avr5\libm.a(floatsisf.o)
 .bss           0x00000000        0x0 c:/program files (x86)/atmel/studio/7.0/toolchain/avr8/avr8-gnu-toolchain/bin/../lib/gcc/avr/5.4.0/../../../../avr/lib/avr5\libm.a(floatsisf.o)
 .text          0x00000000        0x0 c:/program files (x86)/atmel/studio/7.0/toolchain/avr8/avr8-gnu-toolchain/bin/../lib/gcc/avr/5.4.0/../../../../avr/lib/avr5\libm.a(fp_inf.o)
 .data          0x00000000        0x0 c:/program files (x86)/atmel/studio/7.0/toolchain/avr8/avr8-gnu-toolchain/bin/../lib/gcc/avr/5.4.0/../../../../avr/lib/avr5\libm.a(fp_inf.o)
 .bss           0x00000000        0x0 c:/program files (x86)/atmel/studio/7.0/toolchain/avr8/avr8-gnu-toolchain/bin/../lib/gcc/avr/5.4.0/../../../../avr/lib/avr5\libm.a(fp_inf.o)
 .text          0x00000000        0x0 c:/program files (x86)/atmel/studio/7.0/toolchain/avr8/avr8-gnu-toolchain/bin/../lib/gcc/avr/5.4.0/../../../../avr/lib/avr5\libm.a(fp_nan.o)
 .data          0x00000000        0x0 c:/program files (x86)/atmel/studio/7.0/toolchain/avr8/avr8-gnu-toolchain/bin/../lib/gcc/avr/5.4.0/../../../../avr/lib/avr5\libm.a(fp_nan.o)
 .bss           0x00000000        0x0 c:/program files (x86)/atmel/studio/7.0/toolchain/avr8/avr8-gnu-toolchain/bin/../lib/gcc/avr/5.4.0/../../../../avr/lib/avr5\libm.a(fp_nan.o)
 .text          0x00000000        0x0 c:/program files (x86)/atmel/studio/7.0/toolchain/avr8/avr8-gnu-toolchain/bin/../lib/gcc/avr/5.4.0/../../../../avr/lib/avr5\libm.a(fp_pscA.o)
 .data          0x00000000        0x0 c:/program files (x86)/atmel/studio/7.0/toolchain/avr8/avr8-gnu-toolchain/bin/../lib/gcc/avr/5.4.0/../../../../avr/lib/avr5\libm.a(fp_pscA.o)
 .bss           0x00000000        0x0 c:/program files (x86)/atmel/studio/7.0/toolchain/avr8/avr8-gnu-toolchain/bin/../lib/gcc/avr/5.4.0/../../../../avr/lib/avr5\libm.a(fp_pscA.o)
 .text          0x00000000        0x0 c:/program files (x86)/atmel/studio/7.0/toolchain/avr8/avr8-gnu-toolchain/bin/../lib/gcc/avr/5.4.0/../../../../avr/lib/avr5\libm.a(fp_pscB.o)
 .data          0x00000000        0x0 c:/program files (x86)/atmel/studio/7.0/toolchain/avr8/avr8-gnu-toolchain/bin/../lib/gcc/avr/5.4.0/../../../../avr/lib/avr5\libm.a(fp_pscB.o)
 .bss           0x00000000        0x0 c:/program files (x86)/atmel/studio/7.0/toolchain/avr8/avr8-gnu-toolchain/bin/../lib/gcc/avr/5.4.0/../../../../avr/lib/avr5\libm.a(fp_pscB.o)
 .text          0x00000000        0x0 c:/program files (x86)/atmel/studio/7.0/toolchain/avr8/avr8-gnu-toolchain/bin/../lib/gcc/avr/5.4.0/../../../../avr/lib/avr5\libm.a(fp_round.o)
 .data          0x00000000        0x0 c:/program files (x86)/atmel/studio/7.0/toolchain/avr8/avr8-gnu-toolchain/bin/../lib/gcc/avr/5.4.0/../../../../avr/lib/avr5\libm.a(fp_round.o)
 .bss           0x00000000        0x0 c:/program files (x86)/atmel/studio/7.0/toolchain/avr8/avr8-gnu-toolchain/bin/../lib/gcc/avr/5.4.0/../../../../avr/lib/avr5\libm.a(fp_round.o)
 .text          0x00000000        0x0 c:/program files (x86)/atmel/studio/7.0/toolchain/avr8/avr8-gnu-toolchain/bin/../lib/gcc/avr/5.4.0/../../../../avr/lib/avr5\libm.a(fp_split3.o)
 .data          0x00000000        0x0 c:/program files (x86)/atmel/studio/7.0/toolchain/avr8/avr8-gnu-toolchain/bin/../lib/gcc/avr/5.4.0/../../../../avr/lib/avr5\libm.a(fp_split3.o)
 .bss           0x00000000        0x0 c:/program files (x86)/atmel/studio/7.0/toolchain/avr8/avr8-gnu-toolchain/bin/../lib/gcc/avr/5.4.0/../../../../avr/lib/avr5\libm.a(fp_split3.o)
 .text          0x00000000        0x0 c:/program files (x86)/atmel/studio/7.0/toolchain/avr8/avr8-gnu-toolchain/bin/../lib/gcc/avr/5.4.0/../../../../avr/lib/avr5\libm.a(fp_zero.o)
 .data          0x00000000        0x0 c:/program files (x86)/atmel/studio/7.0/toolchain/avr8/avr8-gnu-toolchain/bin/../lib/gcc/avr/5.4.0/../../../../avr/lib/avr5\libm.a(fp_zero.o)
 .bss           0x00000000        0x0 c:/program files (x86)/atmel/studio/7.0/toolchain/avr8/avr8-gnu-toolchain/bin/../lib/gcc/avr/5.4.0/../../../../avr/lib/avr5\libm.a(fp_zero.o)
 .text          0x00000000        0x0 c:/program files (x86)/atmel/studio/7.0/toolchain/avr8/avr8-gnu-toolchain/bin/../lib/gcc/avr/5.4.0/../../../../avr/lib/avr5\libm.a(mulsf3.o)
 .data          0x00000000        0x0 c:/program files (x86)/atmel/studio/7.0/toolchain/avr8/avr8-gnu-toolchain/bin/../lib/gcc/avr/5.4.0/../../../../avr/lib/avr5\libm.a(mulsf3.o)
 .bss           0x00000000        0x0 c:/program files (x86)/atmel/studio/7.0/toolchain/avr8/avr8-gnu-toolchain/bin/../lib/gcc/avr/5.4.0/../../../../avr/lib/avr5\libm.a(mulsf3.o)
 .text          0x00000000        0x0 c:/program files (x86)/atmel/studio/7.0/toolchain/avr8/avr8-gnu-toolchain/bin/../lib/gcc/avr/5.4.0/../../../../avr/lib/avr5\libm.a(mulsf3x.o)
 .data          0x00000000        0x0 c:/program files (x86)/atmel/studio/7.0/toolchain/avr8/avr8-gnu-toolchain/bin/../lib/gcc/avr/5.4.0/../../../../avr/lib/avr5\libm.a(mulsf3x.o)
 .bss           0x00000000        0x0 c:/program files (x86)/atmel/studio/7.0/toolchain/avr8/avr8-gnu-toolchain/bin/../lib/gcc/avr/5.4.0/../../../../avr/lib/avr5\libm.a(mulsf3x.o)
 .text          0x00000000        0x0 c:/program files (x86)/atmel/studio/7.0/toolchain/avr8/avr8-gnu-toolchain/bin/../lib/gcc/avr/5.4.0/avr5\libgcc.a(_divmodhi4.o)
 .data          0x00000000        0x0 c:/program files (x86)/atmel/studio/7.0/toolchain/avr8/avr8-gnu-toolchain/bin/../lib/gcc/avr/5.4.0/avr5\libgcc.a(_divmodhi4.o)
 .bss           0x00000000        0x0 c:/program files (x86)/atmel/studio/7.0/toolchain/avr8/avr8-gnu-toolchain/bin/../lib/gcc/avr/5.4.0/avr5\libgcc.a(_divmodhi4.o)
 .text.libgcc.mul
                0x00000000        0x0 c:/program files (x86)/atmel/studio/7.0/toolchain/avr8/avr8-gnu-toolchain/bin/../lib/gcc/avr/5.4.0/avr5\libgcc.a(_divmodhi4.o)
 .text.libgcc   0x00000000        0x0 c:/program files (x86)/atmel/studio/7.0/toolchain/avr8/avr8-gnu-toolchain/bin/../lib/gcc/avr/5.4.0/avr5\libgcc.a(_divmodhi4.o)
 .text.libgcc.prologue
                0x00000000        0x0 c:/program files (x86)/atmel/studio/7.0/toolchain/avr8/avr8-gnu-toolchain/bin/../lib/gcc/avr/5.4.0/avr5\libgcc.a(_divmodhi4.o)
 .text.libgcc.builtins
                0x00000000        0x0 c:/program files (x86)/atmel/studio/7.0/toolchain/avr8/avr8-gnu-toolchain/bin/../lib/gcc/avr/5.4.0/avr5\libgcc.a(_divmodhi4.o)
 .text.libgcc.fmul
                0x00000000        0x0 c:/program files (x86)/atmel/studio/7.0/toolchain/avr8/avr8-gnu-toolchain/bin/../lib/gcc/avr/5.4.0/avr5\libgcc.a(_divmodhi4.o)
 .text.libgcc.fixed
                0x00000000        0x0 c:/program files (x86)/atmel/studio/7.0/toolchain/avr8/avr8-gnu-toolchain/bin/../lib/gcc/avr/5.4.0/avr5\libgcc.a(_divmodhi4.o)
 .text          0x00000000        0x0 c:/program files (x86)/atmel/studio/7.0/toolchain/avr8/avr8-gnu-toolchain/bin/../lib/gcc/avr/5.4.0/avr5\libgcc.a(_exit.o)
 .data          0x00000000        0x0 c:/program files (x86)/atmel/studio/7.0/toolchain/avr8/avr8-gnu-toolchain/bin/../lib/gcc/avr/5.4.0/avr5\libgcc.a(_exit.o)
 .bss           0x00000000        0x0 c:/program files (x86)/atmel/studio/7.0/toolchain/avr8/avr8-gnu-toolchain/bin/../lib/gcc/avr/5.4.0/avr5\libgcc.a(_exit.o)
 .text.libgcc.mul
                0x00000000        0x0 c:/program files (x86)/atmel/studio/7.0/toolchain/avr8/avr8-gnu-toolchain/bin/../lib/gcc/avr/5.4.0/avr5\libgcc.a(_exit.o)
 .text.libgcc.div
                0x00000000        0x0 c:/program files (x86)/atmel/studio/7.0/toolchain/avr8/avr8-gnu-toolchain/bin/../lib/gcc/avr/5.4.0/avr5\libgcc.a(_exit.o)
 .text.libgcc   0x00000000        0x0 c:/program files (x86)/atmel/studio/7.0/toolchain/avr8/avr8-gnu-toolchain/bin/../lib/gcc/avr/5.4.0/avr5\libgcc.a(_exit.o)
 .text.libgcc.prologue
                0x00000000        0x0 c:/program files (x86)/atmel/studio/7.0/toolchain/avr8/avr8-gnu-toolchain/bin/../lib/gcc/avr/5.4.0/avr5\libgcc.a(_exit.o)
 .text.libgcc.builtins
                0x00000000        0x0 c:/program files (x86)/atmel/studio/7.0/toolchain/avr8/avr8-gnu-toolchain/bin/../lib/gcc/avr/5.4.0/avr5\libgcc.a(_exit.o)
 .text.libgcc.fmul
                0x00000000        0x0 c:/program files (x86)/atmel/studio/7.0/toolchain/avr8/avr8-gnu-toolchain/bin/../lib/gcc/avr/5.4.0/avr5\libgcc.a(_exit.o)
 .text.libgcc.fixed
                0x00000000        0x0 c:/program files (x86)/atmel/studio/7.0/toolchain/avr8/avr8-gnu-toolchain/bin/../lib/gcc/avr/5.4.0/avr5\libgcc.a(_exit.o)
 .text          0x00000000        0x0 c:/program files (x86)/atmel/studio/7.0/toolchain/avr8/avr8-gnu-toolchain/bin/../lib/gcc/avr/5.4.0/avr5\libgcc.a(_tablejump2.o)
 .data          0x00000000        0x0 c:/program files (x86)/atmel/studio/7.0/toolchain/avr8/avr8-gnu-toolchain/bin/../lib/gcc/avr/5.4.0/avr5\libgcc.a(_tablejump2.o)
 .bss           0x00000000        0x0 c:/program files (x86)/atmel/studio/7.0/toolchain/avr8/avr8-gnu-toolchain/bin/../lib/gcc/avr/5.4.0/avr5\libgcc.a(_tablejump2.o)
 .text.libgcc.mul
                0x00000000        0x0 c:/program files (x86)/atmel/studio/7.0/toolchain/avr8/avr8-gnu-toolchain/bin/../lib/gcc/avr/5.4.0/avr5\libgcc.a(_tablejump2.o)
 .text.libgcc.div
                0x00000000        0x0 c:/program files (x86)/atmel/studio/7.0/toolchain/avr8/avr8-gnu-toolchain/bin/../lib/gcc/avr/5.4.0/avr5\libgcc.a(_tablejump2.o)
 .text.libgcc.prologue
                0x00000000        0x0 c:/program files (x86)/atmel/studio/7.0/toolchain/avr8/avr8-gnu-toolchain/bin/../lib/gcc/avr/5.4.0/avr5\libgcc.a(_tablejump2.o)
 .text.libgcc.builtins
                0x00000000        0x0 c:/program files (x86)/atmel/studio/7.0/toolchain/avr8/avr8-gnu-toolchain/bin/../lib/gcc/avr/5.4.0/avr5\libgcc.a(_tablejump2.o)
 .text.libgcc.fmul
                0x00000000        0x0 c:/program files (x86)/atmel/studio/7.0/toolchain/avr8/avr8-gnu-toolchain/bin/../lib/gcc/avr/5.4.0/avr5\libgcc.a(_tablejump2.o)
 .text.libgcc.fixed
                0x00000000        0x0 c:/program files (x86)/atmel/studio/7.0/toolchain/avr8/avr8-gnu-toolchain/bin/../lib/gcc/avr/5.4.0/avr5\libgcc.a(_tablejump2.o)
 .text          0x00000000        0x0 c:/program files (x86)/atmel/studio/7.0/toolchain/avr8/avr8-gnu-toolchain/bin/../lib/gcc/avr/5.4.0/avr5\libgcc.a(_copy_data.o)
 .data          0x00000000        0x0 c:/program files (x86)/atmel/studio/7.0/toolchain/avr8/avr8-gnu-toolchain/bin/../lib/gcc/avr/5.4.0/avr5\libgcc.a(_copy_data.o)
 .bss           0x00000000        0x0 c:/program files (x86)/atmel/studio/7.0/toolchain/avr8/avr8-gnu-toolchain/bin/../lib/gcc/avr/5.4.0/avr5\libgcc.a(_copy_data.o)
 .text.libgcc.mul
                0x00000000        0x0 c:/program files (x86)/atmel/studio/7.0/toolchain/avr8/avr8-gnu-toolchain/bin/../lib/gcc/avr/5.4.0/avr5\libgcc.a(_copy_data.o)
 .text.libgcc.div
                0x00000000        0x0 c:/program files (x86)/atmel/studio/7.0/toolchain/avr8/avr8-gnu-toolchain/bin/../lib/gcc/avr/5.4.0/avr5\libgcc.a(_copy_data.o)
 .text.libgcc   0x00000000        0x0 c:/program files (x86)/atmel/studio/7.0/toolchain/avr8/avr8-gnu-toolchain/bin/../lib/gcc/avr/5.4.0/avr5\libgcc.a(_copy_data.o)
 .text.libgcc.prologue
                0x00000000        0x0 c:/program files (x86)/atmel/studio/7.0/toolchain/avr8/avr8-gnu-toolchain/bin/../lib/gcc/avr/5.4.0/avr5\libgcc.a(_copy_data.o)
 .text.libgcc.builtins
                0x00000000        0x0 c:/program files (x86)/atmel/studio/7.0/toolchain/avr8/avr8-gnu-toolchain/bin/../lib/gcc/avr/5.4.0/avr5\libgcc.a(_copy_data.o)
 .text.libgcc.fmul
                0x00000000        0x0 c:/program files (x86)/atmel/studio/7.0/toolchain/avr8/avr8-gnu-toolchain/bin/../lib/gcc/avr/5.4.0/avr5\libgcc.a(_copy_data.o)
 .text.libgcc.fixed
                0x00000000        0x0 c:/program files (x86)/atmel/studio/7.0/toolchain/avr8/avr8-gnu-toolchain/bin/../lib/gcc/avr/5.4.0/avr5\libgcc.a(_copy_data.o)
 .text          0x00000000        0x0 c:/program files (x86)/atmel/studio/7.0/toolchain/avr8/avr8-gnu-toolchain/bin/../lib/gcc/avr/5.4.0/avr5\libgcc.a(_clear_bss.o)
 .data          0x00000000        0x0 c:/program files (x86)/atmel/studio/7.0/toolchain/avr8/avr8-gnu-toolchain/bin/../lib/gcc/avr/5.4.0/avr5\libgcc.a(_clear_bss.o)
 .bss           0x00000000        0x0 c:/program files (x86)/atmel/studio/7.0/toolchain/avr8/avr8-gnu-toolchain/bin/../lib/gcc/avr/5.4.0/avr5\libgcc.a(_clear_bss.o)
 .text.libgcc.mul
                0x00000000        0x0 c:/program files (x86)/atmel/studio/7.0/toolchain/avr8/avr8-gnu-toolchain/bin/../lib/gcc/avr/5.4.0/avr5\libgcc.a(_clear_bss.o)
 .text.libgcc.div
                0x00000000        0x0 c:/program files (x86)/atmel/studio/7.0/toolchain/avr8/avr8-gnu-toolchain/bin/../lib/gcc/avr/5.4.0/avr5\libgcc.a(_clear_bss.o)
 .text.libgcc   0x00000000        0x0 c:/program files (x86)/atmel/studio/7.0/toolchain/avr8/avr8-gnu-toolchain/bin/../lib/gcc/avr/5.4.0/avr5\libgcc.a(_clear_bss.o)
 .text.libgcc.prologue
                0x00000000        0x0 c:/program files (x86)/atmel/studio/7.0/toolchain/avr8/avr8-gnu-toolchain/bin/../lib/gcc/avr/5.4.0/avr5\libgcc.a(_clear_bss.o)
 .text.libgcc.builtins
                0x00000000        0x0 c:/program files (x86)/atmel/studio/7.0/toolchain/avr8/avr8-gnu-toolchain/bin/../lib/gcc/avr/5.4.0/avr5\libgcc.a(_clear_bss.o)
 .text.libgcc.fmul
                0x00000000        0x0 c:/program files (x86)/atmel/studio/7.0/toolchain/avr8/avr8-gnu-toolchain/bin/../lib/gcc/avr/5.4.0/avr5\libgcc.a(_clear_bss.o)
 .text.libgcc.fixed
                0x00000000        0x0 c:/program files (x86)/atmel/studio/7.0/toolchain/avr8/avr8-gnu-toolchain/bin/../lib/gcc/avr/5.4.0/avr5\libgcc.a(_clear_bss.o)
 .text          0x00000000        0x0 c:/program files (x86)/atmel/studio/7.0/toolchain/avr8/avr8-gnu-toolchain/bin/../lib/gcc/avr/5.4.0/avr5\libgcc.a(_udivmodhi4.o)
 .data          0x00000000        0x0 c:/program files (x86)/atmel/studio/7.0/toolchain/avr8/avr8-gnu-toolchain/bin/../lib/gcc/avr/5.4.0/avr5\libgcc.a(_udivmodhi4.o)
 .bss           0x00000000        0x0 c:/program files (x86)/atmel/studio/7.0/toolchain/avr8/avr8-gnu-toolchain/bin/../lib/gcc/avr/5.4.0/avr5\libgcc.a(_udivmodhi4.o)
 .text.libgcc.mul
                0x00000000        0x0 c:/program files (x86)/atmel/studio/7.0/toolchain/avr8/avr8-gnu-toolchain/bin/../lib/gcc/avr/5.4.0/avr5\libgcc.a(_udivmodhi4.o)
 .text.libgcc   0x00000000        0x0 c:/program files (x86)/atmel/studio/7.0/toolchain/avr8/avr8-gnu-toolchain/bin/../lib/gcc/avr/5.4.0/avr5\libgcc.a(_udivmodhi4.o)
 .text.libgcc.prologue
                0x00000000        0x0 c:/program files (x86)/atmel/studio/7.0/toolchain/avr8/avr8-gnu-toolchain/bin/../lib/gcc/avr/5.4.0/avr5\libgcc.a(_udivmodhi4.o)
 .text.libgcc.builtins
                0x00000000        0x0 c:/program files (x86)/atmel/studio/7.0/toolchain/avr8/avr8-gnu-toolchain/bin/../lib/gcc/avr/5.4.0/avr5\libgcc.a(_udivmodhi4.o)
 .text.libgcc.fmul
                0x00000000        0x0 c:/program files (x86)/atmel/studio/7.0/toolchain/avr8/avr8-gnu-toolchain/bin/../lib/gcc/avr/5.4.0/avr5\libgcc.a(_udivmodhi4.o)
 .text.libgcc.fixed
                0x00000000        0x0 c:/program files (x86)/atmel/studio/7.0/toolchain/avr8/avr8-gnu-toolchain/bin/../lib/gcc/avr/5.4.0/avr5\libgcc.a(_udivmodhi4.o)

Memory Configuration

Name             Origin             Length             Attributes
text             0x00000000         0x00020000         xr
data             0x00800060         0x0000ffa0         rw !x
eeprom           0x00810000         0x00010000         rw !x
fuse             0x00820000         0x00000002         rw !x
lock             0x00830000         0x00000400         rw !x
signature        0x00840000         0x00000400         rw !x
user_signatures  0x00850000         0x00000400         rw !x
*default*        0x00000000         0xffffffff

Linker script and memory map

LOAD C:/Program Files (x86)/Atmel/Studio/7.0/Packs/atmel/ATmega_DFP/1.3.300/gcc/dev/atmega16a/avr5/crtatmega16a.o
LOAD library/adc.o
LOAD library/ds1307.o
LOAD library/LED_MAX7219.o
LOAD library/OLED.o
LOAD library/I2C.o
LOAD library/ports.o
LOAD library/uart.o
LOAD main.o
START GROUP
LOAD c:/program files (x86)/atmel/studio/7.0/toolchain/avr8/avr8-gnu-toolchain/bin/../lib/gcc/avr/5.4.0/../../../../avr/lib/avr5\libm.a
END GROUP
START GROUP
LOAD c:/program files (x86)/atmel/studio/7.0/toolchain/avr8/avr8-gnu-toolchain/bin/../lib/gcc/avr/5.4.0/avr5\libgcc.a
LOAD c:/program files (x86)/atmel/studio/7.0/toolchain/avr8/avr8-gnu-toolchain/bin/../lib/gcc/avr/5.4.0/../../../../avr/lib/avr5\libm.a
LOAD c:/program files (x86)/atmel/studio/7.0/toolchain/avr8/avr8-gnu-toolchain/bin/../lib/gcc/avr/5.4.0/../../../../avr/lib/avr5\libc.a
LOAD C:/Program Files (x86)/Atmel/Studio/7.0/Packs/atmel/ATmega_DFP/1.3.300/gcc/dev/atmega16a/avr5\libatmega16a.a
END GROUP
                0x00000000                __TEXT_REGION_ORIGIN__ = DEFINED (__TEXT_REGION_ORIGIN__)?__TEXT_REGION_ORIGIN__:0x0
                0x00800060                __DATA_REGION_ORIGIN__ = DEFINED (__DATA_REGION_ORIGIN__)?__DATA_REGION_ORIGIN__:0x800060
                0x00020000                __TEXT_REGION_LENGTH__ = DEFINED (__TEXT_REGION_LENGTH__)?__TEXT_REGION_LENGTH__:0x20000
                0x0000ffa0                __DATA_REGION_LENGTH__ = DEFINED (__DATA_REGION_LENGTH__)?__DATA_REGION_LENGTH__:0xffa0
                0x00010000                __EEPROM_REGION_LENGTH__ = DEFINED (__EEPROM_REGION_LENGTH__)?__EEPROM_REGION_LENGTH__:0x10000
                [0x00000002]                __FUSE_REGION_LENGTH__ = DEFINED (__FUSE_REGION_LENGTH__)?__FUSE_REGION_LENGTH__:0x400
                0x00000400                __LOCK_REGION_LENGTH__ = DEFINED (__LOCK_REGION_LENGTH__)?__LOCK_REGION_LENGTH__:0x400
                0x00000400                __SIGNATURE_REGION_LENGTH__ = DEFINED (__SIGNATURE_REGION_LENGTH__)?__SIGNATURE_REGION_LENGTH__:0x400
                0x00000400                __USER_SIGNATURE_REGION_LENGTH__ = DEFINED (__USER_SIGNATURE_REGION_LENGTH__)?__USER_SIGNATURE_REGION_LENGTH__:0x400

.hash
 *(.hash)

.dynsym
 *(.dynsym)

.dynstr
 *(.dynstr)

.gnu.version
 *(.gnu.version)

.gnu.version_d
 *(.gnu.version_d)

.gnu.version_r
 *(.gnu.version_r)

.rel.init
 *(.rel.init)

.rela.init
 *(.rela.init)

.rel.text
 *(.rel.text)
 *(.rel.text.*)
 *(.rel.gnu.linkonce.t*)

.rela.text
 *(.rela.text)
 *(.rela.text.*)
 *(.rela.gnu.linkonce.t*)

.rel.fini
 *(.rel.fini)

.rela.fini
 *(.rela.fini)

.rel.rodata
 *(.rel.rodata)
 *(.rel.rodata.*)
 *(.rel.gnu.linkonce.r*)

.rela.rodata
 *(.rela.rodata)
 *(.rela.rodata.*)
 *(.rela.gnu.linkonce.r*)

.rel.data
 *(.rel.data)
 *(.rel.data.*)
 *(.rel.gnu.linkonce.d*)

.rela.data
 *(.rela.data)
 *(.rela.data.*)
 *(.rela.gnu.linkonce.d*)

.rel.ctors
 *(.rel.ctors)

.rela.ctors
 *(.rela.ctors)

.rel.dtors
 *(.rel.dtors)

.rela.dtors
 *(.rela.dtors)

.rel.got
 *(.rel.got)

.rela.got
 *(.rela.got)

.rel.bss
 *(.rel.bss)

.rela.bss
 *(.rela.bss)

.rel.plt
 *(.rel.plt)

.rela.plt
 *(.rela.plt)

.text           0x00000000     0x3592
 *(.vectors)
 .vectors       0x00000000       0x54 C:/Program Files (x86)/Atmel/Studio/7.0/Packs/atmel/ATmega_DFP/1.3.300/gcc/dev/atmega16a/avr5/crtatmega16a.o
                0x00000000                __vector_default
                0x00000000                __vectors
 *(.vectors)
 *(.progmem.gcc*)
 .progmem.gcc_sw_table.GetNumbers
                0x00000054       0x14 library/LED_MAX7219.o
 .progmem.gcc_sw_table.GetNum
                0x00000068       0x14 library/OLED.o
                0x0000007c                . = ALIGN (0x2)
                0x0000007c                __trampolines_start = .
 *(.trampolines)
 .trampolines   0x0000007c        0x0 linker stubs
 *(.trampolines*)
                0x0000007c                __trampolines_end = .
 *libprintf_flt.a:*(.progmem.data)
 *libc.a:*(.progmem.data)
 *(.progmem*)
 .progmem.data.point_logo
                0x0000007c      0x200 library/adc.o
 .progmem.data.molnia_logo
                0x0000027c      0x200 library/adc.o
 .progmem.data.Ncolon_logo
                0x0000047c      0x200 library/ds1307.o
 .progmem.data.colon_logo
                0x0000067c      0x200 library/ds1307.o
 .progmem.data.EMPTY
                0x0000087c        0x8 library/LED_MAX7219.o
 .progmem.data.ZERO
                0x00000884        0x8 library/LED_MAX7219.o
 .progmem.data.NINE
                0x0000088c        0x8 library/LED_MAX7219.o
 .progmem.data.EITHT
                0x00000894        0x8 library/LED_MAX7219.o
 .progmem.data.SEVEN
                0x0000089c        0x8 library/LED_MAX7219.o
 .progmem.data.SIX
                0x000008a4        0x8 library/LED_MAX7219.o
 .progmem.data.FIVE
                0x000008ac        0x8 library/LED_MAX7219.o
 .progmem.data.FOUR
                0x000008b4        0x8 library/LED_MAX7219.o
 .progmem.data.THREE
                0x000008bc        0x8 library/LED_MAX7219.o
 .progmem.data.TWO
                0x000008c4        0x8 library/LED_MAX7219.o
 .progmem.data.ONE
                0x000008cc        0x8 library/LED_MAX7219.o
 .progmem.data.nine_logo
                0x000008d4      0x200 library/OLED.o
 .progmem.data.eitht_logo
                0x00000ad4      0x200 library/OLED.o
 .progmem.data.seven_logo
                0x00000cd4      0x200 library/OLED.o
 .progmem.data.six_logo
                0x00000ed4      0x200 library/OLED.o
 .progmem.data.five_logo
                0x000010d4      0x200 library/OLED.o
 .progmem.data.four_logo
                0x000012d4      0x200 library/OLED.o
 .progmem.data.thee_logo
                0x000014d4      0x200 library/OLED.o
 .progmem.data.two_logo
                0x000016d4      0x200 library/OLED.o
 .progmem.data.one_logo
                0x000018d4      0x200 library/OLED.o
 .progmem.data.zero_logo
                0x00001ad4      0x200 library/OLED.o
 .progmem.data.S
                0x00001cd4        0x8 main.o
 .progmem.data.P
                0x00001cdc        0x8 main.o
 .progmem.data.G
                0x00001ce4        0x8 main.o
 .progmem.data.sputnik_logo
                0x00001cec      0x200 main.o
 .progmem.data.avr_logo
                0x00001eec      0x200 main.o
 .progmem.data.bsuir_logo
                0x000020ec       0xf4 main.o
 .progmem.data.ansgrem_logo
                0x000021e0       0x80 main.o
                0x00002260                . = ALIGN (0x2)
 *(.jumptables)
 *(.jumptables*)
 *(.lowtext)
 *(.lowtext*)
                0x00002260                __ctors_start = .
 *(.ctors)
                0x00002260                __ctors_end = .
                0x00002260                __dtors_start = .
 *(.dtors)
                0x00002260                __dtors_end = .
 SORT(*)(.ctors)
 SORT(*)(.dtors)
 *(.init0)
 .init0         0x00002260        0x0 C:/Program Files (x86)/Atmel/Studio/7.0/Packs/atmel/ATmega_DFP/1.3.300/gcc/dev/atmega16a/avr5/crtatmega16a.o
                0x00002260                __init
 *(.init0)
 *(.init1)
 *(.init1)
 *(.init2)
 .init2         0x00002260        0xc C:/Program Files (x86)/Atmel/Studio/7.0/Packs/atmel/ATmega_DFP/1.3.300/gcc/dev/atmega16a/avr5/crtatmega16a.o
 *(.init2)
 *(.init3)
 *(.init3)
 *(.init4)
 .init4         0x0000226c       0x16 c:/program files (x86)/atmel/studio/7.0/toolchain/avr8/avr8-gnu-toolchain/bin/../lib/gcc/avr/5.4.0/avr5\libgcc.a(_copy_data.o)
                0x0000226c                __do_copy_data
 .init4         0x00002282       0x10 c:/program files (x86)/atmel/studio/7.0/toolchain/avr8/avr8-gnu-toolchain/bin/../lib/gcc/avr/5.4.0/avr5\libgcc.a(_clear_bss.o)
                0x00002282                __do_clear_bss
 *(.init4)
 *(.init5)
 *(.init5)
 *(.init6)
 *(.init6)
 *(.init7)
 *(.init7)
 *(.init8)
 *(.init8)
 *(.init9)
 .init9         0x00002292        0x8 C:/Program Files (x86)/Atmel/Studio/7.0/Packs/atmel/ATmega_DFP/1.3.300/gcc/dev/atmega16a/avr5/crtatmega16a.o
 *(.init9)
 *(.text)
 .text          0x0000229a        0x4 C:/Program Files (x86)/Atmel/Studio/7.0/Packs/atmel/ATmega_DFP/1.3.300/gcc/dev/atmega16a/avr5/crtatmega16a.o
                0x0000229a                __vector_1
                0x0000229a                __vector_12
                0x0000229a                __bad_interrupt
                0x0000229a                __vector_6
                0x0000229a                __vector_3
                0x0000229a                __vector_13
                0x0000229a                __vector_17
                0x0000229a                __vector_19
                0x0000229a                __vector_7
                0x0000229a                __vector_5
                0x0000229a                __vector_4
                0x0000229a                __vector_9
                0x0000229a                __vector_2
                0x0000229a                __vector_15
                0x0000229a                __vector_8
                0x0000229a                __vector_14
                0x0000229a                __vector_10
                0x0000229a                __vector_16
                0x0000229a                __vector_18
                0x0000229a                __vector_20
                0x0000229e                . = ALIGN (0x2)
 *(.text.*)
 .text.init_periferal
                0x0000229e        0xa library/adc.o
                0x0000229e                init_periferal
 .text.ADC_convert
                0x000022a8        0xc library/adc.o
                0x000022a8                ADC_convert
 .text.Set_OLED_voltage
                0x000022b4      0x14e library/adc.o
                0x000022b4                Set_OLED_voltage
 .text.Compare  0x00002402       0x20 library/adc.o
                0x00002402                Compare
 .text.DS1307_Init
                0x00002422       0x2a library/ds1307.o
                0x00002422                DS1307_Init
 .text.DS1307_ReadRegister
                0x0000244c       0x2c library/ds1307.o
                0x0000244c                DS1307_ReadRegister
 .text.DS1307_SetTime
                0x00002478       0x2a library/ds1307.o
                0x00002478                DS1307_SetTime
 .text.GetTime  0x000024a2       0xfa library/ds1307.o
                0x000024a2                GetTime
 .text.In_BCD   0x0000259c       0x84 library/ds1307.o
                0x0000259c                In_BCD
 .text.Out_ASCII
                0x00002620        0x4 library/ds1307.o
                0x00002620                Out_ASCII
 .text.SPI_WriteByte
                0x00002624        0x8 library/LED_MAX7219.o
                0x00002624                SPI_WriteByte
 .text.SendLed  0x0000262c       0x2e library/LED_MAX7219.o
                0x0000262c                SendLed
 .text.InitLed  0x0000265a       0x32 library/LED_MAX7219.o
                0x0000265a                InitLed
 .text.ClearDisplay
                0x0000268c       0x1e library/LED_MAX7219.o
                0x0000268c                ClearDisplay
 .text.WriteNum
                0x000026aa       0x6e library/LED_MAX7219.o
                0x000026aa                WriteNum
 .text.GetNumbers
                0x00002718       0x52 library/LED_MAX7219.o
                0x00002718                GetNumbers
 .text.SetIntensity
                0x0000276a        0xa library/LED_MAX7219.o
                0x0000276a                SetIntensity
 .text.SetPointer
                0x00002774        0x6 library/OLED.o
                0x00002774                SetPointer
 .text.InitOLED
                0x0000277a       0xb2 library/OLED.o
                0x0000277a                InitOLED
 .text.SetPointOLED
                0x0000282c       0x5e library/OLED.o
                0x0000282c                SetPointOLED
 .text.OLED_Command
                0x0000288a       0x1e library/OLED.o
                0x0000288a                OLED_Command
 .text.ClearOLED
                0x000028a8       0x4e library/OLED.o
                0x000028a8                ClearOLED
 .text.SelectDisplay
                0x000028f6       0x3e library/OLED.o
                0x000028f6                SelectDisplay
 .text.Set_OLED_Image
                0x00002934       0x92 library/OLED.o
                0x00002934                Set_OLED_Image
 .text.Set_OLED_Num
                0x000029c6       0x4a library/OLED.o
                0x000029c6                Set_OLED_Num
 .text.GetNum   0x00002a10       0x52 library/OLED.o
                0x00002a10                GetNum
 .text.i2cInit  0x00002a62        0x8 library/I2C.o
                0x00002a62                i2cInit
 .text.i2cread  0x00002a6a       0x6a library/I2C.o
                0x00002a6a                i2cread
 .text.i2cstart
                0x00002ad4       0x78 library/I2C.o
                0x00002ad4                i2cstart
 .text.i2cwrite
                0x00002b4c       0x28 library/I2C.o
                0x00002b4c                i2cwrite
 .text.i2cstop  0x00002b74       0x16 library/I2C.o
                0x00002b74                i2cstop
 .text.init_ports
                0x00002b8a       0x1a library/ports.o
                0x00002b8a                init_ports
 .text.delay_ms
                0x00002ba4       0x16 library/ports.o
                0x00002ba4                delay_ms
 .text.Buzzer   0x00002bba        0xa library/ports.o
                0x00002bba                Buzzer
 .text.Get_flagRX
                0x00002bc4        0x6 library/uart.o
                0x00002bc4                Get_flagRX
 .text.__vector_11
                0x00002bca       0x28 library/uart.o
                0x00002bca                __vector_11
 .text.ProcessingRCM
                0x00002bf2       0x4a library/uart.o
                0x00002bf2                ProcessingRCM
 .text.ProcessingVTG
                0x00002c3c      0x13c library/uart.o
                0x00002c3c                ProcessingVTG
 .text.ProcessingGGA
                0x00002d78      0x122 library/uart.o
                0x00002d78                ProcessingGGA
 .text.USARTReceiveChar
                0x00002e9a       0xbe library/uart.o
                0x00002e9a                USARTReceiveChar
 .text.USART_Init
                0x00002f58       0x12 library/uart.o
                0x00002f58                USART_Init
 .text.main     0x00002f6a      0x1a8 main.o
                0x00002f6a                main
 .text.avr-libc.fplib
                0x00003112        0xe c:/program files (x86)/atmel/studio/7.0/toolchain/avr8/avr8-gnu-toolchain/bin/../lib/gcc/avr/5.4.0/../../../../avr/lib/avr5\libm.a(addsf3.o)
                0x00003112                __subsf3
                0x00003114                __addsf3
 .text.avr-libc.fplib
                0x00003120       0xcc c:/program files (x86)/atmel/studio/7.0/toolchain/avr8/avr8-gnu-toolchain/bin/../lib/gcc/avr/5.4.0/../../../../avr/lib/avr5\libm.a(addsf3x.o)
                0x00003142                __addsf3x
 .text.avr-libc.fplib
                0x000031ec        0x8 c:/program files (x86)/atmel/studio/7.0/toolchain/avr8/avr8-gnu-toolchain/bin/../lib/gcc/avr/5.4.0/../../../../avr/lib/avr5\libm.a(divsf3.o)
                0x000031ec                __divsf3
 .text.avr-libc.fplib
                0x000031f4       0xdc c:/program files (x86)/atmel/studio/7.0/toolchain/avr8/avr8-gnu-toolchain/bin/../lib/gcc/avr/5.4.0/../../../../avr/lib/avr5\libm.a(divsf3x.o)
                0x00003214                __divsf3x
                0x0000321a                __divsf3_pse
 .text.avr-libc.fplib
                0x000032d0        0xe c:/program files (x86)/atmel/studio/7.0/toolchain/avr8/avr8-gnu-toolchain/bin/../lib/gcc/avr/5.4.0/../../../../avr/lib/avr5\libm.a(fixsfsi.o)
                0x000032d0                __fixsfsi
 .text.avr-libc.fplib
                0x000032de       0x5e c:/program files (x86)/atmel/studio/7.0/toolchain/avr8/avr8-gnu-toolchain/bin/../lib/gcc/avr/5.4.0/../../../../avr/lib/avr5\libm.a(fixunssfsi.o)
                0x000032de                __fixunssfsi
 .text.avr-libc.fplib
                0x0000333c       0x7a c:/program files (x86)/atmel/studio/7.0/toolchain/avr8/avr8-gnu-toolchain/bin/../lib/gcc/avr/5.4.0/../../../../avr/lib/avr5\libm.a(floatsisf.o)
                0x0000333c                __floatunsisf
                0x00003340                __floatsisf
 .text.avr-libc.fplib
                0x000033b6        0xc c:/program files (x86)/atmel/studio/7.0/toolchain/avr8/avr8-gnu-toolchain/bin/../lib/gcc/avr/5.4.0/../../../../avr/lib/avr5\libm.a(fp_inf.o)
                0x000033b6                __fp_inf
 .text.avr-libc.fplib
                0x000033c2        0x6 c:/program files (x86)/atmel/studio/7.0/toolchain/avr8/avr8-gnu-toolchain/bin/../lib/gcc/avr/5.4.0/../../../../avr/lib/avr5\libm.a(fp_nan.o)
                0x000033c2                __fp_nan
 .text.avr-libc.fplib
                0x000033c8        0xe c:/program files (x86)/atmel/studio/7.0/toolchain/avr8/avr8-gnu-toolchain/bin/../lib/gcc/avr/5.4.0/../../../../avr/lib/avr5\libm.a(fp_pscA.o)
                0x000033c8                __fp_pscA
 .text.avr-libc.fplib
                0x000033d6        0xe c:/program files (x86)/atmel/studio/7.0/toolchain/avr8/avr8-gnu-toolchain/bin/../lib/gcc/avr/5.4.0/../../../../avr/lib/avr5\libm.a(fp_pscB.o)
                0x000033d6                __fp_pscB
 .text.avr-libc.fplib
                0x000033e4       0x22 c:/program files (x86)/atmel/studio/7.0/toolchain/avr8/avr8-gnu-toolchain/bin/../lib/gcc/avr/5.4.0/../../../../avr/lib/avr5\libm.a(fp_round.o)
                0x000033e4                __fp_round
 .text.avr-libc.fplib
                0x00003406       0x44 c:/program files (x86)/atmel/studio/7.0/toolchain/avr8/avr8-gnu-toolchain/bin/../lib/gcc/avr/5.4.0/../../../../avr/lib/avr5\libm.a(fp_split3.o)
                0x00003406                __fp_split3
                0x00003416                __fp_splitA
 .text.avr-libc.fplib
                0x0000344a        0xe c:/program files (x86)/atmel/studio/7.0/toolchain/avr8/avr8-gnu-toolchain/bin/../lib/gcc/avr/5.4.0/../../../../avr/lib/avr5\libm.a(fp_zero.o)
                0x0000344a                __fp_zero
                0x0000344c                __fp_szero
 .text.avr-libc.fplib
                0x00003458        0x8 c:/program files (x86)/atmel/studio/7.0/toolchain/avr8/avr8-gnu-toolchain/bin/../lib/gcc/avr/5.4.0/../../../../avr/lib/avr5\libm.a(mulsf3.o)
                0x00003458                __mulsf3
 .text.avr-libc.fplib
                0x00003460       0xd2 c:/program files (x86)/atmel/studio/7.0/toolchain/avr8/avr8-gnu-toolchain/bin/../lib/gcc/avr/5.4.0/../../../../avr/lib/avr5\libm.a(mulsf3x.o)
                0x0000347e                __mulsf3x
                0x00003484                __mulsf3_pse
 .text.libgcc.div
                0x00003532       0x28 c:/program files (x86)/atmel/studio/7.0/toolchain/avr8/avr8-gnu-toolchain/bin/../lib/gcc/avr/5.4.0/avr5\libgcc.a(_divmodhi4.o)
                0x00003532                _div
                0x00003532                __divmodhi4
 .text.libgcc   0x0000355a        0xc c:/program files (x86)/atmel/studio/7.0/toolchain/avr8/avr8-gnu-toolchain/bin/../lib/gcc/avr/5.4.0/avr5\libgcc.a(_tablejump2.o)
                0x0000355a                __tablejump2__
 .text.libgcc.div
                0x00003566       0x28 c:/program files (x86)/atmel/studio/7.0/toolchain/avr8/avr8-gnu-toolchain/bin/../lib/gcc/avr/5.4.0/avr5\libgcc.a(_udivmodhi4.o)
                0x00003566                __udivmodhi4
                0x0000358e                . = ALIGN (0x2)
 *(.fini9)
 .fini9         0x0000358e        0x0 c:/program files (x86)/atmel/studio/7.0/toolchain/avr8/avr8-gnu-toolchain/bin/../lib/gcc/avr/5.4.0/avr5\libgcc.a(_exit.o)
                0x0000358e                _exit
                0x0000358e                exit
 *(.fini9)
 *(.fini8)
 *(.fini8)
 *(.fini7)
 *(.fini7)
 *(.fini6)
 *(.fini6)
 *(.fini5)
 *(.fini5)
 *(.fini4)
 *(.fini4)
 *(.fini3)
 *(.fini3)
 *(.fini2)
 *(.fini2)
 *(.fini1)
 *(.fini1)
 *(.fini0)
 .fini0         0x0000358e        0x4 c:/program files (x86)/atmel/studio/7.0/toolchain/avr8/avr8-gnu-toolchain/bin/../lib/gcc/avr/5.4.0/avr5\libgcc.a(_exit.o)
 *(.fini0)
                0x00003592                _etext = .

.data           0x00800060       0x22 load address 0x00003592
                0x00800060                PROVIDE (__data_start, .)
 *(.data)
 *(.data*)
 .data.flagValid
                0x00800060        0x1 library/uart.o
                0x00800060                flagValid
 *(.gnu.linkonce.d*)
 *(.rodata)
 *(.rodata*)
 .rodata.point_struct
                0x00800061        0x4 library/adc.o
 .rodata.molnia_struct
                0x00800065        0x4 library/adc.o
 .rodata.Ncolon_struct
                0x00800069        0x4 library/ds1307.o
 .rodata.colon_struct
                0x0080006d        0x4 library/ds1307.o
 .rodata.sputnik_struct
                0x00800071        0x4 main.o
 .rodata.avr_struct
                0x00800075        0x4 main.o
 .rodata.bsuir_struct
                0x00800079        0x4 main.o
 .rodata.ansgrem_struct
                0x0080007d        0x4 main.o
 *(.gnu.linkonce.r*)
                0x00800082                . = ALIGN (0x2)
 *fill*         0x00800081        0x1 
                0x00800082                _edata = .
                0x00800082                PROVIDE (__data_end, .)

.bss            0x00800082      0x1a4
                0x00800082                PROVIDE (__bss_start, .)
 *(.bss)
 *(.bss*)
 .bss.i         0x00800082        0x2 library/adc.o
                0x00800082                i
 .bss.flagGGA   0x00800084        0x1 library/uart.o
                0x00800084                flagGGA
 .bss.flag_Set_Time
                0x00800085        0x1 library/uart.o
                0x00800085                flag_Set_Time
 .bss.flagRX    0x00800086        0x1 library/uart.o
                0x00800086                flagRX
 .bss.flagEr    0x00800087        0x1 library/uart.o
                0x00800087                flagEr
 .bss.rx_wr_index
                0x00800088        0x2 library/uart.o
                0x00800088                rx_wr_index
 *(COMMON)
 COMMON         0x0080008a        0x4 library/ds1307.o
                0x0080008a                b
                0x0080008b                buffer0
                0x0080008c                buffer2
                0x0080008d                buffer1
 COMMON         0x0080008e        0x1 library/OLED.o
                0x0080008e                oled_pointer
 COMMON         0x0080008f        0x1 library/I2C.o
                0x0080008f                twi_status_register
 COMMON         0x00800090      0x196 library/uart.o
                0x00800090                buf_speed
                0x00800093                rx_buffer
                0x00800223                buffer
                0x00800224                data
                0x00800225                status
                0x00800226                PROVIDE (__bss_end, .)
                0x00003592                __data_load_start = LOADADDR (.data)
                0x000035b4                __data_load_end = (__data_load_start + SIZEOF (.data))

.noinit         0x00800226        0x0
                [!provide]                PROVIDE (__noinit_start, .)
 *(.noinit*)
                [!provide]                PROVIDE (__noinit_end, .)
                0x00800226                _end = .
                [!provide]                PROVIDE (__heap_start, .)

.eeprom         0x00810000        0x0
 *(.eeprom*)
                0x00810000                __eeprom_end = .

.fuse
 *(.fuse)
 *(.lfuse)
 *(.hfuse)
 *(.efuse)

.lock
 *(.lock*)

.signature
 *(.signature*)

.user_signatures
 *(.user_signatures*)

.stab
 *(.stab)

.stabstr
 *(.stabstr)

.stab.excl
 *(.stab.excl)

.stab.exclstr
 *(.stab.exclstr)

.stab.index
 *(.stab.index)

.stab.indexstr
 *(.stab.indexstr)

.comment        0x00000000       0x30
 *(.comment)
 .comment       0x00000000       0x30 library/adc.o
                                 0x31 (size before relaxing)
 .comment       0x00000030       0x31 library/ds1307.o
 .comment       0x00000030       0x31 library/LED_MAX7219.o
 .comment       0x00000030       0x31 library/OLED.o
 .comment       0x00000030       0x31 library/I2C.o
 .comment       0x00000030       0x31 library/ports.o
 .comment       0x00000030       0x31 library/uart.o
 .comment       0x00000030       0x31 main.o

.note.gnu.avr.deviceinfo
                0x00000000       0x3c
 .note.gnu.avr.deviceinfo
                0x00000000       0x3c C:/Program Files (x86)/Atmel/Studio/7.0/Packs/atmel/ATmega_DFP/1.3.300/gcc/dev/atmega16a/avr5/crtatmega16a.o

.note.gnu.build-id
 *(.note.gnu.build-id)

.debug
 *(.debug)

.line
 *(.line)

.debug_srcinfo
 *(.debug_srcinfo)

.debug_sfnames
 *(.debug_sfnames)

.debug_aranges  0x00000000      0x240
 *(.debug_aranges)
 .debug_aranges
                0x00000000       0x40 library/adc.o
 .debug_aranges
                0x00000040       0x50 library/ds1307.o
 .debug_aranges
                0x00000090       0x60 library/LED_MAX7219.o
 .debug_aranges
                0x000000f0       0x68 library/OLED.o
 .debug_aranges
                0x00000158       0x40 library/I2C.o
 .debug_aranges
                0x00000198       0x38 library/ports.o
 .debug_aranges
                0x000001d0       0x50 library/uart.o
 .debug_aranges
                0x00000220       0x20 main.o

.debug_pubnames
 *(.debug_pubnames)

.debug_info     0x00000000     0xc113
 *(.debug_info .gnu.linkonce.wi.*)
 .debug_info    0x00000000      0x52e C:/Program Files (x86)/Atmel/Studio/7.0/Packs/atmel/ATmega_DFP/1.3.300/gcc/dev/atmega16a/avr5/crtatmega16a.o
 .debug_info    0x0000052e     0x2381 library/adc.o
 .debug_info    0x000028af     0x255e library/ds1307.o
 .debug_info    0x00004e0d      0x544 library/LED_MAX7219.o
 .debug_info    0x00005351     0x1772 library/OLED.o
 .debug_info    0x00006ac3      0x182 library/I2C.o
 .debug_info    0x00006c45      0x215 library/ports.o
 .debug_info    0x00006e5a     0x2c8d library/uart.o
 .debug_info    0x00009ae7     0x262c main.o

.debug_abbrev   0x00000000     0x126b
 *(.debug_abbrev)
 .debug_abbrev  0x00000000      0x4e7 C:/Program Files (x86)/Atmel/Studio/7.0/Packs/atmel/ATmega_DFP/1.3.300/gcc/dev/atmega16a/avr5/crtatmega16a.o
 .debug_abbrev  0x000004e7      0x210 library/adc.o
 .debug_abbrev  0x000006f7      0x1ff library/ds1307.o
 .debug_abbrev  0x000008f6      0x196 library/LED_MAX7219.o
 .debug_abbrev  0x00000a8c      0x1e6 library/OLED.o
 .debug_abbrev  0x00000c72       0xd4 library/I2C.o
 .debug_abbrev  0x00000d46      0x13c library/ports.o
 .debug_abbrev  0x00000e82      0x20f library/uart.o
 .debug_abbrev  0x00001091      0x1da main.o

.debug_line     0x00000000     0x1618
 *(.debug_line .debug_line.* .debug_line_end)
 .debug_line    0x00000000      0x115 C:/Program Files (x86)/Atmel/Studio/7.0/Packs/atmel/ATmega_DFP/1.3.300/gcc/dev/atmega16a/avr5/crtatmega16a.o
 .debug_line    0x00000115      0x1ce library/adc.o
 .debug_line    0x000002e3      0x295 library/ds1307.o
 .debug_line    0x00000578      0x2b2 library/LED_MAX7219.o
 .debug_line    0x0000082a      0x3bb library/OLED.o
 .debug_line    0x00000be5      0x23a library/I2C.o
 .debug_line    0x00000e1f      0x1a8 library/ports.o
 .debug_line    0x00000fc7      0x3d1 library/uart.o
 .debug_line    0x00001398      0x280 main.o

.debug_frame    0x00000000      0x4f8
 *(.debug_frame)
 .debug_frame   0x00000000       0x98 library/adc.o
 .debug_frame   0x00000098       0xa4 library/ds1307.o
 .debug_frame   0x0000013c       0xe4 library/LED_MAX7219.o
 .debug_frame   0x00000220      0x12c library/OLED.o
 .debug_frame   0x0000034c       0x64 library/I2C.o
 .debug_frame   0x000003b0       0x54 library/ports.o
 .debug_frame   0x00000404       0xd0 library/uart.o
 .debug_frame   0x000004d4       0x24 main.o

.debug_str      0x00000000      0x87b
 *(.debug_str)
 .debug_str     0x00000000      0x1af C:/Program Files (x86)/Atmel/Studio/7.0/Packs/atmel/ATmega_DFP/1.3.300/gcc/dev/atmega16a/avr5/crtatmega16a.o
 .debug_str     0x000001af      0x312 library/adc.o
                                0x363 (size before relaxing)
 .debug_str     0x000004c1       0xcf library/ds1307.o
                                0x3ba (size before relaxing)
 .debug_str     0x00000590       0xbf library/LED_MAX7219.o
                                0x222 (size before relaxing)
 .debug_str     0x0000064f       0x85 library/OLED.o
                                0x3a1 (size before relaxing)
 .debug_str     0x000006d4       0x35 library/I2C.o
                                0x1a0 (size before relaxing)
 .debug_str     0x00000709       0x85 library/ports.o
                                0x1e4 (size before relaxing)
 .debug_str     0x0000078e       0xdc library/uart.o
                                0x47a (size before relaxing)
 .debug_str     0x0000086a       0x11 main.o
                                0x429 (size before relaxing)

.debug_loc      0x00000000     0x170f
 *(.debug_loc)
 .debug_loc     0x00000000      0x136 library/adc.o
 .debug_loc     0x00000136      0x3ee library/ds1307.o
 .debug_loc     0x00000524      0x474 library/LED_MAX7219.o
 .debug_loc     0x00000998      0x535 library/OLED.o
 .debug_loc     0x00000ecd      0x11d library/I2C.o
 .debug_loc     0x00000fea      0x12e library/ports.o
 .debug_loc     0x00001118      0x46b library/uart.o
 .debug_loc     0x00001583      0x18c main.o

.debug_macinfo
 *(.debug_macinfo)

.debug_weaknames
 *(.debug_weaknames)

.debug_funcnames
 *(.debug_funcnames)

.debug_typenames
 *(.debug_typenames)

.debug_varnames
 *(.debug_varnames)

.debug_pubtypes
 *(.debug_pubtypes)

.debug_ranges   0x00000000      0x1c0
 *(.debug_ranges)
 .debug_ranges  0x00000000       0x30 library/adc.o
 .debug_ranges  0x00000030       0x40 library/ds1307.o
 .debug_ranges  0x00000070       0x50 library/LED_MAX7219.o
 .debug_ranges  0x000000c0       0x58 library/OLED.o
 .debug_ranges  0x00000118       0x30 library/I2C.o
 .debug_ranges  0x00000148       0x28 library/ports.o
 .debug_ranges  0x00000170       0x40 library/uart.o
 .debug_ranges  0x000001b0       0x10 main.o

.debug_macro
 *(.debug_macro)
OUTPUT(GPS.elf elf32-avr)
LOAD linker stubs
