Archive member included because of file (symbol)

c:/program files (x86)/atmel/atmel toolchain/avr8 gcc/native/3.4.1061/avr8-gnu-toolchain/bin/../lib/gcc/avr/4.8.1/avr5\libgcc.a(_exit.o)
                              c:/program files (x86)/atmel/atmel toolchain/avr8 gcc/native/3.4.1061/avr8-gnu-toolchain/bin/../lib/gcc/avr/4.8.1/../../../../avr/lib/avr5/crtm16.o (exit)
c:/program files (x86)/atmel/atmel toolchain/avr8 gcc/native/3.4.1061/avr8-gnu-toolchain/bin/../lib/gcc/avr/4.8.1/avr5\libgcc.a(_clear_bss.o)
                              library/OLED.o (__do_clear_bss)

Allocating common symbols
Common symbol       size              file

b                   0x1               main.o
oled_pointer        0x1               library/OLED.o
i                   0x2               main.o
a                   0x1               main.o
twi_status_register
                    0x1               library/I2C.o

Discarded input sections

 .data          0x00000000        0x0 c:/program files (x86)/atmel/atmel toolchain/avr8 gcc/native/3.4.1061/avr8-gnu-toolchain/bin/../lib/gcc/avr/4.8.1/../../../../avr/lib/avr5/crtm16.o
 .bss           0x00000000        0x0 c:/program files (x86)/atmel/atmel toolchain/avr8 gcc/native/3.4.1061/avr8-gnu-toolchain/bin/../lib/gcc/avr/4.8.1/../../../../avr/lib/avr5/crtm16.o
 .text          0x00000000        0x0 library/LED_MAX7219.o
 .data          0x00000000        0x0 library/LED_MAX7219.o
 .bss           0x00000000        0x0 library/LED_MAX7219.o
 .text          0x00000000        0x0 library/OLED.o
 .data          0x00000000        0x0 library/OLED.o
 .bss           0x00000000        0x0 library/OLED.o
 .text.SetPointer
                0x00000000        0x6 library/OLED.o
 .text.GetPointer
                0x00000000        0x6 library/OLED.o
 .text          0x00000000        0x0 library/I2C.o
 .data          0x00000000        0x0 library/I2C.o
 .bss           0x00000000        0x0 library/I2C.o
 .text          0x00000000        0x0 library/init_perif.o
 .data          0x00000000        0x0 library/init_perif.o
 .bss           0x00000000        0x0 library/init_perif.o
 .text.init_periferal
                0x00000000        0x2 library/init_perif.o
 .debug_info    0x00000000       0x7e library/init_perif.o
 .debug_abbrev  0x00000000       0x42 library/init_perif.o
 .debug_aranges
                0x00000000       0x20 library/init_perif.o
 .debug_ranges  0x00000000       0x10 library/init_perif.o
 .debug_line    0x00000000       0x42 library/init_perif.o
 .debug_str     0x00000000      0x14b library/init_perif.o
 .comment       0x00000000       0x31 library/init_perif.o
 .debug_frame   0x00000000       0x24 library/init_perif.o
 .text          0x00000000        0x0 library/ports.o
 .data          0x00000000        0x0 library/ports.o
 .bss           0x00000000        0x0 library/ports.o
 .text          0x00000000        0x0 main.o
 .data          0x00000000        0x0 main.o
 .bss           0x00000000        0x0 main.o
 COMMON         0x00000000        0x4 main.o
 .text          0x00000000        0x0 c:/program files (x86)/atmel/atmel toolchain/avr8 gcc/native/3.4.1061/avr8-gnu-toolchain/bin/../lib/gcc/avr/4.8.1/avr5\libgcc.a(_exit.o)
 .data          0x00000000        0x0 c:/program files (x86)/atmel/atmel toolchain/avr8 gcc/native/3.4.1061/avr8-gnu-toolchain/bin/../lib/gcc/avr/4.8.1/avr5\libgcc.a(_exit.o)
 .bss           0x00000000        0x0 c:/program files (x86)/atmel/atmel toolchain/avr8 gcc/native/3.4.1061/avr8-gnu-toolchain/bin/../lib/gcc/avr/4.8.1/avr5\libgcc.a(_exit.o)
 .text.libgcc.mul
                0x00000000        0x0 c:/program files (x86)/atmel/atmel toolchain/avr8 gcc/native/3.4.1061/avr8-gnu-toolchain/bin/../lib/gcc/avr/4.8.1/avr5\libgcc.a(_exit.o)
 .text.libgcc.div
                0x00000000        0x0 c:/program files (x86)/atmel/atmel toolchain/avr8 gcc/native/3.4.1061/avr8-gnu-toolchain/bin/../lib/gcc/avr/4.8.1/avr5\libgcc.a(_exit.o)
 .text.libgcc   0x00000000        0x0 c:/program files (x86)/atmel/atmel toolchain/avr8 gcc/native/3.4.1061/avr8-gnu-toolchain/bin/../lib/gcc/avr/4.8.1/avr5\libgcc.a(_exit.o)
 .text.libgcc.prologue
                0x00000000        0x0 c:/program files (x86)/atmel/atmel toolchain/avr8 gcc/native/3.4.1061/avr8-gnu-toolchain/bin/../lib/gcc/avr/4.8.1/avr5\libgcc.a(_exit.o)
 .text.libgcc.builtins
                0x00000000        0x0 c:/program files (x86)/atmel/atmel toolchain/avr8 gcc/native/3.4.1061/avr8-gnu-toolchain/bin/../lib/gcc/avr/4.8.1/avr5\libgcc.a(_exit.o)
 .text.libgcc.fmul
                0x00000000        0x0 c:/program files (x86)/atmel/atmel toolchain/avr8 gcc/native/3.4.1061/avr8-gnu-toolchain/bin/../lib/gcc/avr/4.8.1/avr5\libgcc.a(_exit.o)
 .text.libgcc.fixed
                0x00000000        0x0 c:/program files (x86)/atmel/atmel toolchain/avr8 gcc/native/3.4.1061/avr8-gnu-toolchain/bin/../lib/gcc/avr/4.8.1/avr5\libgcc.a(_exit.o)
 .text          0x00000000        0x0 c:/program files (x86)/atmel/atmel toolchain/avr8 gcc/native/3.4.1061/avr8-gnu-toolchain/bin/../lib/gcc/avr/4.8.1/avr5\libgcc.a(_clear_bss.o)
 .data          0x00000000        0x0 c:/program files (x86)/atmel/atmel toolchain/avr8 gcc/native/3.4.1061/avr8-gnu-toolchain/bin/../lib/gcc/avr/4.8.1/avr5\libgcc.a(_clear_bss.o)
 .bss           0x00000000        0x0 c:/program files (x86)/atmel/atmel toolchain/avr8 gcc/native/3.4.1061/avr8-gnu-toolchain/bin/../lib/gcc/avr/4.8.1/avr5\libgcc.a(_clear_bss.o)
 .text.libgcc.mul
                0x00000000        0x0 c:/program files (x86)/atmel/atmel toolchain/avr8 gcc/native/3.4.1061/avr8-gnu-toolchain/bin/../lib/gcc/avr/4.8.1/avr5\libgcc.a(_clear_bss.o)
 .text.libgcc.div
                0x00000000        0x0 c:/program files (x86)/atmel/atmel toolchain/avr8 gcc/native/3.4.1061/avr8-gnu-toolchain/bin/../lib/gcc/avr/4.8.1/avr5\libgcc.a(_clear_bss.o)
 .text.libgcc   0x00000000        0x0 c:/program files (x86)/atmel/atmel toolchain/avr8 gcc/native/3.4.1061/avr8-gnu-toolchain/bin/../lib/gcc/avr/4.8.1/avr5\libgcc.a(_clear_bss.o)
 .text.libgcc.prologue
                0x00000000        0x0 c:/program files (x86)/atmel/atmel toolchain/avr8 gcc/native/3.4.1061/avr8-gnu-toolchain/bin/../lib/gcc/avr/4.8.1/avr5\libgcc.a(_clear_bss.o)
 .text.libgcc.builtins
                0x00000000        0x0 c:/program files (x86)/atmel/atmel toolchain/avr8 gcc/native/3.4.1061/avr8-gnu-toolchain/bin/../lib/gcc/avr/4.8.1/avr5\libgcc.a(_clear_bss.o)
 .text.libgcc.fmul
                0x00000000        0x0 c:/program files (x86)/atmel/atmel toolchain/avr8 gcc/native/3.4.1061/avr8-gnu-toolchain/bin/../lib/gcc/avr/4.8.1/avr5\libgcc.a(_clear_bss.o)
 .text.libgcc.fixed
                0x00000000        0x0 c:/program files (x86)/atmel/atmel toolchain/avr8 gcc/native/3.4.1061/avr8-gnu-toolchain/bin/../lib/gcc/avr/4.8.1/avr5\libgcc.a(_clear_bss.o)

Memory Configuration

Name             Origin             Length             Attributes
text             0x00000000         0x00020000         xr
data             0x00800060         0x0000ffa0         rw !x
eeprom           0x00810000         0x00010000         rw !x
fuse             0x00820000         0x00000400         rw !x
lock             0x00830000         0x00000400         rw !x
signature        0x00840000         0x00000400         rw !x
user_signatures  0x00850000         0x00000400         rw !x
*default*        0x00000000         0xffffffff

Linker script and memory map

LOAD c:/program files (x86)/atmel/atmel toolchain/avr8 gcc/native/3.4.1061/avr8-gnu-toolchain/bin/../lib/gcc/avr/4.8.1/../../../../avr/lib/avr5/crtm16.o
LOAD library/LED_MAX7219.o
LOAD library/OLED.o
LOAD library/I2C.o
LOAD library/init_perif.o
LOAD library/ports.o
LOAD main.o
START GROUP
LOAD c:/program files (x86)/atmel/atmel toolchain/avr8 gcc/native/3.4.1061/avr8-gnu-toolchain/bin/../lib/gcc/avr/4.8.1/../../../../avr/lib/avr5\libm.a
END GROUP
START GROUP
LOAD c:/program files (x86)/atmel/atmel toolchain/avr8 gcc/native/3.4.1061/avr8-gnu-toolchain/bin/../lib/gcc/avr/4.8.1/avr5\libgcc.a
LOAD c:/program files (x86)/atmel/atmel toolchain/avr8 gcc/native/3.4.1061/avr8-gnu-toolchain/bin/../lib/gcc/avr/4.8.1/../../../../avr/lib/avr5\libm.a
LOAD c:/program files (x86)/atmel/atmel toolchain/avr8 gcc/native/3.4.1061/avr8-gnu-toolchain/bin/../lib/gcc/avr/4.8.1/../../../../avr/lib/avr5\libc.a
END GROUP

.hash
 *(.hash)

.dynsym
 *(.dynsym)

.dynstr
 *(.dynstr)

.gnu.version
 *(.gnu.version)

.gnu.version_d
 *(.gnu.version_d)

.gnu.version_r
 *(.gnu.version_r)

.rel.init
 *(.rel.init)

.rela.init
 *(.rela.init)

.rel.text
 *(.rel.text)
 *(.rel.text.*)
 *(.rel.gnu.linkonce.t*)

.rela.text
 *(.rela.text)
 *(.rela.text.*)
 *(.rela.gnu.linkonce.t*)

.rel.fini
 *(.rel.fini)

.rela.fini
 *(.rela.fini)

.rel.rodata
 *(.rel.rodata)
 *(.rel.rodata.*)
 *(.rel.gnu.linkonce.r*)

.rela.rodata
 *(.rela.rodata)
 *(.rela.rodata.*)
 *(.rela.gnu.linkonce.r*)

.rel.data
 *(.rel.data)
 *(.rel.data.*)
 *(.rel.gnu.linkonce.d*)

.rela.data
 *(.rela.data)
 *(.rela.data.*)
 *(.rela.gnu.linkonce.d*)

.rel.ctors
 *(.rel.ctors)

.rela.ctors
 *(.rela.ctors)

.rel.dtors
 *(.rel.dtors)

.rela.dtors
 *(.rela.dtors)

.rel.got
 *(.rel.got)

.rela.got
 *(.rela.got)

.rel.bss
 *(.rel.bss)

.rela.bss
 *(.rela.bss)

.rel.plt
 *(.rel.plt)

.rela.plt
 *(.rela.plt)

.text           0x00000000      0x924
 *(.vectors)
 .vectors       0x00000000       0x54 c:/program files (x86)/atmel/atmel toolchain/avr8 gcc/native/3.4.1061/avr8-gnu-toolchain/bin/../lib/gcc/avr/4.8.1/../../../../avr/lib/avr5/crtm16.o
                0x00000000                __vector_default
                0x00000000                __vectors
 *(.vectors)
 *(.progmem.gcc*)
                0x00000054                . = ALIGN (0x2)
                0x00000054                __trampolines_start = .
 *(.trampolines)
 .trampolines   0x00000054        0x0 linker stubs
 *(.trampolines*)
                0x00000054                __trampolines_end = .
 *(.progmem*)
 .progmem.data.serp_logo
                0x00000054      0x203 library/OLED.o
 .progmem.data.S
                0x00000257        0x8 main.o
 .progmem.data.P
                0x0000025f        0x8 main.o
 .progmem.data.G
                0x00000267        0x8 main.o
 .progmem.data.serp_logo
                0x0000026f      0x203 main.o
                0x00000472                . = ALIGN (0x2)
 *(.jumptables)
 *(.jumptables*)
 *(.lowtext)
 *(.lowtext*)
                0x00000472                __ctors_start = .
 *(.ctors)
                0x00000472                __ctors_end = .
                0x00000472                __dtors_start = .
 *(.dtors)
                0x00000472                __dtors_end = .
 SORT(*)(.ctors)
 SORT(*)(.dtors)
 *(.init0)
 .init0         0x00000472        0x0 c:/program files (x86)/atmel/atmel toolchain/avr8 gcc/native/3.4.1061/avr8-gnu-toolchain/bin/../lib/gcc/avr/4.8.1/../../../../avr/lib/avr5/crtm16.o
                0x00000472                __init
 *(.init0)
 *(.init1)
 *(.init1)
 *(.init2)
 .init2         0x00000472        0xc c:/program files (x86)/atmel/atmel toolchain/avr8 gcc/native/3.4.1061/avr8-gnu-toolchain/bin/../lib/gcc/avr/4.8.1/../../../../avr/lib/avr5/crtm16.o
 *(.init2)
 *(.init3)
 *(.init3)
 *(.init4)
 .init4         0x0000047e       0x10 c:/program files (x86)/atmel/atmel toolchain/avr8 gcc/native/3.4.1061/avr8-gnu-toolchain/bin/../lib/gcc/avr/4.8.1/avr5\libgcc.a(_clear_bss.o)
                0x0000047e                __do_clear_bss
 *(.init4)
 *(.init5)
 *(.init5)
 *(.init6)
 *(.init6)
 *(.init7)
 *(.init7)
 *(.init8)
 *(.init8)
 *(.init9)
 .init9         0x0000048e        0x8 c:/program files (x86)/atmel/atmel toolchain/avr8 gcc/native/3.4.1061/avr8-gnu-toolchain/bin/../lib/gcc/avr/4.8.1/../../../../avr/lib/avr5/crtm16.o
 *(.init9)
 *(.text)
 .text          0x00000496        0x4 c:/program files (x86)/atmel/atmel toolchain/avr8 gcc/native/3.4.1061/avr8-gnu-toolchain/bin/../lib/gcc/avr/4.8.1/../../../../avr/lib/avr5/crtm16.o
                0x00000496                __vector_1
                0x00000496                __vector_12
                0x00000496                __bad_interrupt
                0x00000496                __vector_6
                0x00000496                __vector_3
                0x00000496                __vector_11
                0x00000496                __vector_13
                0x00000496                __vector_17
                0x00000496                __vector_19
                0x00000496                __vector_7
                0x00000496                __vector_5
                0x00000496                __vector_4
                0x00000496                __vector_9
                0x00000496                __vector_2
                0x00000496                __vector_15
                0x00000496                __vector_8
                0x00000496                __vector_14
                0x00000496                __vector_10
                0x00000496                __vector_16
                0x00000496                __vector_18
                0x00000496                __vector_20
                0x0000049a                . = ALIGN (0x2)
 *(.text.*)
 .text.SPI_WriteStartByte
                0x0000049a        0xa library/LED_MAX7219.o
                0x0000049a                SPI_WriteStartByte
 .text.SPI_WriteEndByte
                0x000004a4        0xa library/LED_MAX7219.o
                0x000004a4                SPI_WriteEndByte
 .text.SPI_WriteByte
                0x000004ae        0x8 library/LED_MAX7219.o
                0x000004ae                SPI_WriteByte
 .text.SendLed  0x000004b6       0x2c library/LED_MAX7219.o
                0x000004b6                SendLed
 .text.InitLed  0x000004e2       0x30 library/LED_MAX7219.o
                0x000004e2                InitLed
 .text.ClearDisplay
                0x00000512       0x1e library/LED_MAX7219.o
                0x00000512                ClearDisplay
 .text.WriteNum
                0x00000530       0x76 library/LED_MAX7219.o
                0x00000530                WriteNum
 .text.SetIntensity
                0x000005a6        0xa library/LED_MAX7219.o
                0x000005a6                SetIntensity
 .text.InitOLED
                0x000005b0       0xb8 library/OLED.o
                0x000005b0                InitOLED
 .text.SetPointOLED
                0x00000668       0x54 library/OLED.o
                0x00000668                SetPointOLED
 .text.OLED_Command
                0x000006bc       0x1e library/OLED.o
                0x000006bc                OLED_Command
 .text.ClearOLED
                0x000006da       0x6a library/OLED.o
                0x000006da                ClearOLED
 .text.SelectDisplay
                0x00000744       0x26 library/OLED.o
                0x00000744                SelectDisplay
 .text.SetOLED  0x0000076a       0x7e library/OLED.o
                0x0000076a                SetOLED
 .text.i2cstart
                0x000007e8       0x44 library/I2C.o
                0x000007e8                i2cstart
 .text.i2cwrite
                0x0000082c       0x1e library/I2C.o
                0x0000082c                i2cwrite
 .text.i2cstop  0x0000084a        0xc library/I2C.o
                0x0000084a                i2cstop
 .text.init_ports
                0x00000856       0x16 library/ports.o
                0x00000856                init_ports
 .text.main     0x0000086c       0xb4 main.o
                0x0000086c                main
                0x00000920                . = ALIGN (0x2)
 *(.fini9)
 .fini9         0x00000920        0x0 c:/program files (x86)/atmel/atmel toolchain/avr8 gcc/native/3.4.1061/avr8-gnu-toolchain/bin/../lib/gcc/avr/4.8.1/avr5\libgcc.a(_exit.o)
                0x00000920                _exit
                0x00000920                exit
 *(.fini9)
 *(.fini8)
 *(.fini8)
 *(.fini7)
 *(.fini7)
 *(.fini6)
 *(.fini6)
 *(.fini5)
 *(.fini5)
 *(.fini4)
 *(.fini4)
 *(.fini3)
 *(.fini3)
 *(.fini2)
 *(.fini2)
 *(.fini1)
 *(.fini1)
 *(.fini0)
 .fini0         0x00000920        0x4 c:/program files (x86)/atmel/atmel toolchain/avr8 gcc/native/3.4.1061/avr8-gnu-toolchain/bin/../lib/gcc/avr/4.8.1/avr5\libgcc.a(_exit.o)
 *(.fini0)
                0x00000924                _etext = .

.data           0x00800060        0x0 load address 0x00000924
                0x00800060                PROVIDE (__data_start, .)
 *(.data)
 *(.data*)
 *(.rodata)
 *(.rodata*)
 *(.gnu.linkonce.d*)
                0x00800060                . = ALIGN (0x2)
                0x00800060                _edata = .
                0x00800060                PROVIDE (__data_end, .)

.bss            0x00800060        0x2
                0x00800060                PROVIDE (__bss_start, .)
 *(.bss)
 *(.bss*)
 *(COMMON)
 COMMON         0x00800060        0x1 library/OLED.o
                0x00800060                oled_pointer
 COMMON         0x00800061        0x1 library/I2C.o
                0x00800061                twi_status_register
                0x00800062                PROVIDE (__bss_end, .)
                0x00000924                __data_load_start = LOADADDR (.data)
                0x00000924                __data_load_end = (__data_load_start + SIZEOF (.data))

.noinit         0x00800062        0x0
                0x00800062                PROVIDE (__noinit_start, .)
 *(.noinit*)
                0x00800062                PROVIDE (__noinit_end, .)
                0x00800062                _end = .
                0x00800062                PROVIDE (__heap_start, .)

.eeprom         0x00810000        0x0
 *(.eeprom*)
                0x00810000                __eeprom_end = .

.fuse
 *(.fuse)
 *(.lfuse)
 *(.hfuse)
 *(.efuse)

.lock
 *(.lock*)

.signature
 *(.signature*)

.user_signatures
 *(.user_signatures*)

.stab
 *(.stab)

.stabstr
 *(.stabstr)

.stab.excl
 *(.stab.excl)

.stab.exclstr
 *(.stab.exclstr)

.stab.index
 *(.stab.index)

.stab.indexstr
 *(.stab.indexstr)

.comment        0x00000000       0x30
 *(.comment)
 .comment       0x00000000       0x30 library/LED_MAX7219.o
                                 0x31 (size before relaxing)
 .comment       0x00000000       0x31 library/OLED.o
 .comment       0x00000000       0x31 library/I2C.o
 .comment       0x00000000       0x31 library/ports.o
 .comment       0x00000000       0x31 main.o

.note.gnu.build-id
 *(.note.gnu.build-id)

.debug
 *(.debug)

.line
 *(.line)

.debug_srcinfo
 *(.debug_srcinfo)

.debug_sfnames
 *(.debug_sfnames)

.debug_aranges  0x00000000      0x120
 *(.debug_aranges)
 .debug_aranges
                0x00000000       0x58 library/LED_MAX7219.o
 .debug_aranges
                0x00000058       0x58 library/OLED.o
 .debug_aranges
                0x000000b0       0x30 library/I2C.o
 .debug_aranges
                0x000000e0       0x20 library/ports.o
 .debug_aranges
                0x00000100       0x20 main.o

.debug_pubnames
 *(.debug_pubnames)

.debug_info     0x00000000     0x12a6
 *(.debug_info .gnu.linkonce.wi.*)
 .debug_info    0x00000000      0x4b6 library/LED_MAX7219.o
 .debug_info    0x000004b6      0x7ac library/OLED.o
 .debug_info    0x00000c62       0xf1 library/I2C.o
 .debug_info    0x00000d53       0x89 library/ports.o
 .debug_info    0x00000ddc      0x4ca main.o

.debug_abbrev   0x00000000      0x5d7
 *(.debug_abbrev)
 .debug_abbrev  0x00000000      0x167 library/LED_MAX7219.o
 .debug_abbrev  0x00000167      0x1db library/OLED.o
 .debug_abbrev  0x00000342       0x8d library/I2C.o
 .debug_abbrev  0x000003cf       0x4f library/ports.o
 .debug_abbrev  0x0000041e      0x1b9 main.o

.debug_line     0x00000000      0x664
 *(.debug_line .debug_line.* .debug_line_end)
 .debug_line    0x00000000      0x194 library/LED_MAX7219.o
 .debug_line    0x00000194      0x199 library/OLED.o
 .debug_line    0x0000032d      0x101 library/I2C.o
 .debug_line    0x0000042e       0xb6 library/ports.o
 .debug_line    0x000004e4      0x180 main.o

.debug_frame    0x00000000      0x268
 *(.debug_frame)
 .debug_frame   0x00000000       0xe0 library/LED_MAX7219.o
 .debug_frame   0x000000e0       0xf4 library/OLED.o
 .debug_frame   0x000001d4       0x44 library/I2C.o
 .debug_frame   0x00000218       0x24 library/ports.o
 .debug_frame   0x0000023c       0x2c main.o

.debug_str      0x00000000      0x376
 *(.debug_str)
 .debug_str     0x00000000      0x1c6 library/LED_MAX7219.o
                                0x1ff (size before relaxing)
 .debug_str     0x000001c6      0x109 library/OLED.o
                                0x264 (size before relaxing)
 .debug_str     0x000002cf       0x2d library/I2C.o
                                0x173 (size before relaxing)
 .debug_str     0x000002fc       0x1e library/ports.o
                                0x14a (size before relaxing)
 .debug_str     0x0000031a       0x5c main.o
                                0x26e (size before relaxing)

.debug_loc      0x00000000      0x87f
 *(.debug_loc)
 .debug_loc     0x00000000      0x3b6 library/LED_MAX7219.o
 .debug_loc     0x000003b6      0x426 library/OLED.o
 .debug_loc     0x000007dc       0x73 library/I2C.o
 .debug_loc     0x0000084f       0x30 main.o

.debug_macinfo
 *(.debug_macinfo)

.debug_weaknames
 *(.debug_weaknames)

.debug_funcnames
 *(.debug_funcnames)

.debug_typenames
 *(.debug_typenames)

.debug_varnames
 *(.debug_varnames)

.debug_pubtypes
 *(.debug_pubtypes)

.debug_ranges   0x00000000       0xe8
 *(.debug_ranges)
 .debug_ranges  0x00000000       0x48 library/LED_MAX7219.o
 .debug_ranges  0x00000048       0x60 library/OLED.o
 .debug_ranges  0x000000a8       0x20 library/I2C.o
 .debug_ranges  0x000000c8       0x10 library/ports.o
 .debug_ranges  0x000000d8       0x10 main.o

.debug_macro
 *(.debug_macro)
OUTPUT(GPS.elf elf32-avr)
LOAD linker stubs
