Archive member included because of file (symbol)

c:/program files (x86)/atmel/atmel toolchain/avr8 gcc/native/3.4.1061/avr8-gnu-toolchain/bin/../lib/gcc/avr/4.8.1/avr5\libgcc.a(_exit.o)
                              c:/program files (x86)/atmel/atmel toolchain/avr8 gcc/native/3.4.1061/avr8-gnu-toolchain/bin/../lib/gcc/avr/4.8.1/../../../../avr/lib/avr5/crtm16a.o (exit)
c:/program files (x86)/atmel/atmel toolchain/avr8 gcc/native/3.4.1061/avr8-gnu-toolchain/bin/../lib/gcc/avr/4.8.1/avr5\libgcc.a(_tablejump.o)
                              library/OLED.o (__tablejump2__)
c:/program files (x86)/atmel/atmel toolchain/avr8 gcc/native/3.4.1061/avr8-gnu-toolchain/bin/../lib/gcc/avr/4.8.1/avr5\libgcc.a(_copy_data.o)
                              library/ds1307.o (__do_copy_data)
c:/program files (x86)/atmel/atmel toolchain/avr8 gcc/native/3.4.1061/avr8-gnu-toolchain/bin/../lib/gcc/avr/4.8.1/avr5\libgcc.a(_clear_bss.o)
                              library/ds1307.o (__do_clear_bss)

Allocating common symbols
Common symbol       size              file

oled_pointer        0x1               library/OLED.o
rx_buffer           0x190             library/uart.o
buffer0             0x1               library/ds1307.o
buffer2             0x1               library/ds1307.o
i                   0x2               main.o
buffer              0x1               library/uart.o
buffer1             0x1               library/ds1307.o
twi_status_register
                    0x1               library/I2C.o

Discarded input sections

 .data          0x00000000        0x0 c:/program files (x86)/atmel/atmel toolchain/avr8 gcc/native/3.4.1061/avr8-gnu-toolchain/bin/../lib/gcc/avr/4.8.1/../../../../avr/lib/avr5/crtm16a.o
 .bss           0x00000000        0x0 c:/program files (x86)/atmel/atmel toolchain/avr8 gcc/native/3.4.1061/avr8-gnu-toolchain/bin/../lib/gcc/avr/4.8.1/../../../../avr/lib/avr5/crtm16a.o
 .text          0x00000000        0x0 library/ds1307.o
 .data          0x00000000        0x0 library/ds1307.o
 .bss           0x00000000        0x0 library/ds1307.o
 .text.In_BCD   0x00000000       0x14 library/ds1307.o
 .text.Out_BCD  0x00000000       0x1a library/ds1307.o
 .text          0x00000000        0x0 library/LED_MAX7219.o
 .data          0x00000000        0x0 library/LED_MAX7219.o
 .bss           0x00000000        0x0 library/LED_MAX7219.o
 .text          0x00000000        0x0 library/OLED.o
 .data          0x00000000        0x0 library/OLED.o
 .bss           0x00000000        0x0 library/OLED.o
 .text.GetPointer
                0x00000000        0x6 library/OLED.o
 .text          0x00000000        0x0 library/I2C.o
 .data          0x00000000        0x0 library/I2C.o
 .bss           0x00000000        0x0 library/I2C.o
 .text          0x00000000        0x0 library/init_perif.o
 .data          0x00000000        0x0 library/init_perif.o
 .bss           0x00000000        0x0 library/init_perif.o
 .text.init_periferal
                0x00000000        0x2 library/init_perif.o
 .debug_info    0x00000000       0x3f library/init_perif.o
 .debug_abbrev  0x00000000       0x2c library/init_perif.o
 .debug_aranges
                0x00000000       0x20 library/init_perif.o
 .debug_ranges  0x00000000       0x10 library/init_perif.o
 .debug_line    0x00000000       0x42 library/init_perif.o
 .debug_str     0x00000000       0xe0 library/init_perif.o
 .comment       0x00000000       0x31 library/init_perif.o
 .debug_frame   0x00000000       0x24 library/init_perif.o
 .text          0x00000000        0x0 library/ports.o
 .data          0x00000000        0x0 library/ports.o
 .bss           0x00000000        0x0 library/ports.o
 .text          0x00000000        0x0 library/uart.o
 .data          0x00000000        0x0 library/uart.o
 .bss           0x00000000        0x0 library/uart.o
 .text.Get_flagRX
                0x00000000        0x6 library/uart.o
 .text.ProcessingBufferRx
                0x00000000       0x54 library/uart.o
 .text.USARTReceiveChar
                0x00000000       0x82 library/uart.o
 .text.USART_Init
                0x00000000       0x12 library/uart.o
 .bss.flag_Set_Time
                0x00000000        0x1 library/uart.o
 .bss.rx_counter
                0x00000000        0x1 library/uart.o
 .bss.rx_rd_index
                0x00000000        0x2 library/uart.o
 .bss.rx_wr_index
                0x00000000        0x2 library/uart.o
 COMMON         0x00000000      0x191 library/uart.o
 .text          0x00000000        0x0 main.o
 .data          0x00000000        0x0 main.o
 .bss           0x00000000        0x0 main.o
 .text.initSymbolOLED
                0x00000000       0xde main.o
 COMMON         0x00000000        0x2 main.o
 .text          0x00000000        0x0 c:/program files (x86)/atmel/atmel toolchain/avr8 gcc/native/3.4.1061/avr8-gnu-toolchain/bin/../lib/gcc/avr/4.8.1/avr5\libgcc.a(_exit.o)
 .data          0x00000000        0x0 c:/program files (x86)/atmel/atmel toolchain/avr8 gcc/native/3.4.1061/avr8-gnu-toolchain/bin/../lib/gcc/avr/4.8.1/avr5\libgcc.a(_exit.o)
 .bss           0x00000000        0x0 c:/program files (x86)/atmel/atmel toolchain/avr8 gcc/native/3.4.1061/avr8-gnu-toolchain/bin/../lib/gcc/avr/4.8.1/avr5\libgcc.a(_exit.o)
 .text.libgcc.mul
                0x00000000        0x0 c:/program files (x86)/atmel/atmel toolchain/avr8 gcc/native/3.4.1061/avr8-gnu-toolchain/bin/../lib/gcc/avr/4.8.1/avr5\libgcc.a(_exit.o)
 .text.libgcc.div
                0x00000000        0x0 c:/program files (x86)/atmel/atmel toolchain/avr8 gcc/native/3.4.1061/avr8-gnu-toolchain/bin/../lib/gcc/avr/4.8.1/avr5\libgcc.a(_exit.o)
 .text.libgcc   0x00000000        0x0 c:/program files (x86)/atmel/atmel toolchain/avr8 gcc/native/3.4.1061/avr8-gnu-toolchain/bin/../lib/gcc/avr/4.8.1/avr5\libgcc.a(_exit.o)
 .text.libgcc.prologue
                0x00000000        0x0 c:/program files (x86)/atmel/atmel toolchain/avr8 gcc/native/3.4.1061/avr8-gnu-toolchain/bin/../lib/gcc/avr/4.8.1/avr5\libgcc.a(_exit.o)
 .text.libgcc.builtins
                0x00000000        0x0 c:/program files (x86)/atmel/atmel toolchain/avr8 gcc/native/3.4.1061/avr8-gnu-toolchain/bin/../lib/gcc/avr/4.8.1/avr5\libgcc.a(_exit.o)
 .text.libgcc.fmul
                0x00000000        0x0 c:/program files (x86)/atmel/atmel toolchain/avr8 gcc/native/3.4.1061/avr8-gnu-toolchain/bin/../lib/gcc/avr/4.8.1/avr5\libgcc.a(_exit.o)
 .text.libgcc.fixed
                0x00000000        0x0 c:/program files (x86)/atmel/atmel toolchain/avr8 gcc/native/3.4.1061/avr8-gnu-toolchain/bin/../lib/gcc/avr/4.8.1/avr5\libgcc.a(_exit.o)
 .text          0x00000000        0x0 c:/program files (x86)/atmel/atmel toolchain/avr8 gcc/native/3.4.1061/avr8-gnu-toolchain/bin/../lib/gcc/avr/4.8.1/avr5\libgcc.a(_tablejump.o)
 .data          0x00000000        0x0 c:/program files (x86)/atmel/atmel toolchain/avr8 gcc/native/3.4.1061/avr8-gnu-toolchain/bin/../lib/gcc/avr/4.8.1/avr5\libgcc.a(_tablejump.o)
 .bss           0x00000000        0x0 c:/program files (x86)/atmel/atmel toolchain/avr8 gcc/native/3.4.1061/avr8-gnu-toolchain/bin/../lib/gcc/avr/4.8.1/avr5\libgcc.a(_tablejump.o)
 .text.libgcc.mul
                0x00000000        0x0 c:/program files (x86)/atmel/atmel toolchain/avr8 gcc/native/3.4.1061/avr8-gnu-toolchain/bin/../lib/gcc/avr/4.8.1/avr5\libgcc.a(_tablejump.o)
 .text.libgcc.div
                0x00000000        0x0 c:/program files (x86)/atmel/atmel toolchain/avr8 gcc/native/3.4.1061/avr8-gnu-toolchain/bin/../lib/gcc/avr/4.8.1/avr5\libgcc.a(_tablejump.o)
 .text.libgcc.prologue
                0x00000000        0x0 c:/program files (x86)/atmel/atmel toolchain/avr8 gcc/native/3.4.1061/avr8-gnu-toolchain/bin/../lib/gcc/avr/4.8.1/avr5\libgcc.a(_tablejump.o)
 .text.libgcc.builtins
                0x00000000        0x0 c:/program files (x86)/atmel/atmel toolchain/avr8 gcc/native/3.4.1061/avr8-gnu-toolchain/bin/../lib/gcc/avr/4.8.1/avr5\libgcc.a(_tablejump.o)
 .text.libgcc.fmul
                0x00000000        0x0 c:/program files (x86)/atmel/atmel toolchain/avr8 gcc/native/3.4.1061/avr8-gnu-toolchain/bin/../lib/gcc/avr/4.8.1/avr5\libgcc.a(_tablejump.o)
 .text.libgcc.fixed
                0x00000000        0x0 c:/program files (x86)/atmel/atmel toolchain/avr8 gcc/native/3.4.1061/avr8-gnu-toolchain/bin/../lib/gcc/avr/4.8.1/avr5\libgcc.a(_tablejump.o)
 .text          0x00000000        0x0 c:/program files (x86)/atmel/atmel toolchain/avr8 gcc/native/3.4.1061/avr8-gnu-toolchain/bin/../lib/gcc/avr/4.8.1/avr5\libgcc.a(_copy_data.o)
 .data          0x00000000        0x0 c:/program files (x86)/atmel/atmel toolchain/avr8 gcc/native/3.4.1061/avr8-gnu-toolchain/bin/../lib/gcc/avr/4.8.1/avr5\libgcc.a(_copy_data.o)
 .bss           0x00000000        0x0 c:/program files (x86)/atmel/atmel toolchain/avr8 gcc/native/3.4.1061/avr8-gnu-toolchain/bin/../lib/gcc/avr/4.8.1/avr5\libgcc.a(_copy_data.o)
 .text.libgcc.mul
                0x00000000        0x0 c:/program files (x86)/atmel/atmel toolchain/avr8 gcc/native/3.4.1061/avr8-gnu-toolchain/bin/../lib/gcc/avr/4.8.1/avr5\libgcc.a(_copy_data.o)
 .text.libgcc.div
                0x00000000        0x0 c:/program files (x86)/atmel/atmel toolchain/avr8 gcc/native/3.4.1061/avr8-gnu-toolchain/bin/../lib/gcc/avr/4.8.1/avr5\libgcc.a(_copy_data.o)
 .text.libgcc   0x00000000        0x0 c:/program files (x86)/atmel/atmel toolchain/avr8 gcc/native/3.4.1061/avr8-gnu-toolchain/bin/../lib/gcc/avr/4.8.1/avr5\libgcc.a(_copy_data.o)
 .text.libgcc.prologue
                0x00000000        0x0 c:/program files (x86)/atmel/atmel toolchain/avr8 gcc/native/3.4.1061/avr8-gnu-toolchain/bin/../lib/gcc/avr/4.8.1/avr5\libgcc.a(_copy_data.o)
 .text.libgcc.builtins
                0x00000000        0x0 c:/program files (x86)/atmel/atmel toolchain/avr8 gcc/native/3.4.1061/avr8-gnu-toolchain/bin/../lib/gcc/avr/4.8.1/avr5\libgcc.a(_copy_data.o)
 .text.libgcc.fmul
                0x00000000        0x0 c:/program files (x86)/atmel/atmel toolchain/avr8 gcc/native/3.4.1061/avr8-gnu-toolchain/bin/../lib/gcc/avr/4.8.1/avr5\libgcc.a(_copy_data.o)
 .text.libgcc.fixed
                0x00000000        0x0 c:/program files (x86)/atmel/atmel toolchain/avr8 gcc/native/3.4.1061/avr8-gnu-toolchain/bin/../lib/gcc/avr/4.8.1/avr5\libgcc.a(_copy_data.o)
 .text          0x00000000        0x0 c:/program files (x86)/atmel/atmel toolchain/avr8 gcc/native/3.4.1061/avr8-gnu-toolchain/bin/../lib/gcc/avr/4.8.1/avr5\libgcc.a(_clear_bss.o)
 .data          0x00000000        0x0 c:/program files (x86)/atmel/atmel toolchain/avr8 gcc/native/3.4.1061/avr8-gnu-toolchain/bin/../lib/gcc/avr/4.8.1/avr5\libgcc.a(_clear_bss.o)
 .bss           0x00000000        0x0 c:/program files (x86)/atmel/atmel toolchain/avr8 gcc/native/3.4.1061/avr8-gnu-toolchain/bin/../lib/gcc/avr/4.8.1/avr5\libgcc.a(_clear_bss.o)
 .text.libgcc.mul
                0x00000000        0x0 c:/program files (x86)/atmel/atmel toolchain/avr8 gcc/native/3.4.1061/avr8-gnu-toolchain/bin/../lib/gcc/avr/4.8.1/avr5\libgcc.a(_clear_bss.o)
 .text.libgcc.div
                0x00000000        0x0 c:/program files (x86)/atmel/atmel toolchain/avr8 gcc/native/3.4.1061/avr8-gnu-toolchain/bin/../lib/gcc/avr/4.8.1/avr5\libgcc.a(_clear_bss.o)
 .text.libgcc   0x00000000        0x0 c:/program files (x86)/atmel/atmel toolchain/avr8 gcc/native/3.4.1061/avr8-gnu-toolchain/bin/../lib/gcc/avr/4.8.1/avr5\libgcc.a(_clear_bss.o)
 .text.libgcc.prologue
                0x00000000        0x0 c:/program files (x86)/atmel/atmel toolchain/avr8 gcc/native/3.4.1061/avr8-gnu-toolchain/bin/../lib/gcc/avr/4.8.1/avr5\libgcc.a(_clear_bss.o)
 .text.libgcc.builtins
                0x00000000        0x0 c:/program files (x86)/atmel/atmel toolchain/avr8 gcc/native/3.4.1061/avr8-gnu-toolchain/bin/../lib/gcc/avr/4.8.1/avr5\libgcc.a(_clear_bss.o)
 .text.libgcc.fmul
                0x00000000        0x0 c:/program files (x86)/atmel/atmel toolchain/avr8 gcc/native/3.4.1061/avr8-gnu-toolchain/bin/../lib/gcc/avr/4.8.1/avr5\libgcc.a(_clear_bss.o)
 .text.libgcc.fixed
                0x00000000        0x0 c:/program files (x86)/atmel/atmel toolchain/avr8 gcc/native/3.4.1061/avr8-gnu-toolchain/bin/../lib/gcc/avr/4.8.1/avr5\libgcc.a(_clear_bss.o)

Memory Configuration

Name             Origin             Length             Attributes
text             0x00000000         0x00020000         xr
data             0x00800060         0x0000ffa0         rw !x
eeprom           0x00810000         0x00010000         rw !x
fuse             0x00820000         0x00000400         rw !x
lock             0x00830000         0x00000400         rw !x
signature        0x00840000         0x00000400         rw !x
user_signatures  0x00850000         0x00000400         rw !x
*default*        0x00000000         0xffffffff

Linker script and memory map

LOAD c:/program files (x86)/atmel/atmel toolchain/avr8 gcc/native/3.4.1061/avr8-gnu-toolchain/bin/../lib/gcc/avr/4.8.1/../../../../avr/lib/avr5/crtm16a.o
LOAD library/ds1307.o
LOAD library/LED_MAX7219.o
LOAD library/OLED.o
LOAD library/I2C.o
LOAD library/init_perif.o
LOAD library/ports.o
LOAD library/uart.o
LOAD main.o
START GROUP
LOAD c:/program files (x86)/atmel/atmel toolchain/avr8 gcc/native/3.4.1061/avr8-gnu-toolchain/bin/../lib/gcc/avr/4.8.1/../../../../avr/lib/avr5\libm.a
END GROUP
START GROUP
LOAD c:/program files (x86)/atmel/atmel toolchain/avr8 gcc/native/3.4.1061/avr8-gnu-toolchain/bin/../lib/gcc/avr/4.8.1/avr5\libgcc.a
LOAD c:/program files (x86)/atmel/atmel toolchain/avr8 gcc/native/3.4.1061/avr8-gnu-toolchain/bin/../lib/gcc/avr/4.8.1/../../../../avr/lib/avr5\libm.a
LOAD c:/program files (x86)/atmel/atmel toolchain/avr8 gcc/native/3.4.1061/avr8-gnu-toolchain/bin/../lib/gcc/avr/4.8.1/../../../../avr/lib/avr5\libc.a
END GROUP

.hash
 *(.hash)

.dynsym
 *(.dynsym)

.dynstr
 *(.dynstr)

.gnu.version
 *(.gnu.version)

.gnu.version_d
 *(.gnu.version_d)

.gnu.version_r
 *(.gnu.version_r)

.rel.init
 *(.rel.init)

.rela.init
 *(.rela.init)

.rel.text
 *(.rel.text)
 *(.rel.text.*)
 *(.rel.gnu.linkonce.t*)

.rela.text
 *(.rela.text)
 *(.rela.text.*)
 *(.rela.gnu.linkonce.t*)

.rel.fini
 *(.rel.fini)

.rela.fini
 *(.rela.fini)

.rel.rodata
 *(.rel.rodata)
 *(.rel.rodata.*)
 *(.rel.gnu.linkonce.r*)

.rela.rodata
 *(.rela.rodata)
 *(.rela.rodata.*)
 *(.rela.gnu.linkonce.r*)

.rel.data
 *(.rel.data)
 *(.rel.data.*)
 *(.rel.gnu.linkonce.d*)

.rela.data
 *(.rela.data)
 *(.rela.data.*)
 *(.rela.gnu.linkonce.d*)

.rel.ctors
 *(.rel.ctors)

.rela.ctors
 *(.rela.ctors)

.rel.dtors
 *(.rel.dtors)

.rela.dtors
 *(.rela.dtors)

.rel.got
 *(.rel.got)

.rela.got
 *(.rela.got)

.rel.bss
 *(.rel.bss)

.rela.bss
 *(.rela.bss)

.rel.plt
 *(.rel.plt)

.rela.plt
 *(.rela.plt)

.text           0x00000000     0x29b8
 *(.vectors)
 .vectors       0x00000000       0x54 c:/program files (x86)/atmel/atmel toolchain/avr8 gcc/native/3.4.1061/avr8-gnu-toolchain/bin/../lib/gcc/avr/4.8.1/../../../../avr/lib/avr5/crtm16a.o
                0x00000000                __vector_default
                0x00000000                __vectors
 *(.vectors)
 *(.progmem.gcc*)
 .progmem.gcc_sw_table.GetNum
                0x00000054       0x14 library/OLED.o
                0x00000068                . = ALIGN (0x2)
                0x00000068                __trampolines_start = .
 *(.trampolines)
 .trampolines   0x00000068        0x0 linker stubs
 *(.trampolines*)
                0x00000068                __trampolines_end = .
 *(.progmem*)
 .progmem.data.Ncolon_logo
                0x00000068      0x200 library/ds1307.o
 .progmem.data.colon_logo
                0x00000268      0x200 library/ds1307.o
 .progmem.data.nine_logo
                0x00000468      0x200 library/OLED.o
 .progmem.data.eitht_logo
                0x00000668      0x200 library/OLED.o
 .progmem.data.seven_logo
                0x00000868      0x200 library/OLED.o
 .progmem.data.six_logo
                0x00000a68      0x200 library/OLED.o
 .progmem.data.five_logo
                0x00000c68      0x200 library/OLED.o
 .progmem.data.four_logo
                0x00000e68      0x200 library/OLED.o
 .progmem.data.thee_logo
                0x00001068      0x200 library/OLED.o
 .progmem.data.two_logo
                0x00001268      0x200 library/OLED.o
 .progmem.data.one_logo
                0x00001468      0x200 library/OLED.o
 .progmem.data.zero_logo
                0x00001668      0x200 library/OLED.o
 .progmem.data.EMPTY
                0x00001868        0x8 main.o
 .progmem.data.S
                0x00001870        0x8 main.o
 .progmem.data.P
                0x00001878        0x8 main.o
 .progmem.data.G
                0x00001880        0x8 main.o
 .progmem.data.ZERO
                0x00001888        0x8 main.o
 .progmem.data.NINE
                0x00001890        0x8 main.o
 .progmem.data.EITHT
                0x00001898        0x8 main.o
 .progmem.data.SEVEN
                0x000018a0        0x8 main.o
 .progmem.data.SIX
                0x000018a8        0x8 main.o
 .progmem.data.FIVE
                0x000018b0        0x8 main.o
 .progmem.data.FOUR
                0x000018b8        0x8 main.o
 .progmem.data.THREE
                0x000018c0        0x8 main.o
 .progmem.data.TWO
                0x000018c8        0x8 main.o
 .progmem.data.ONE
                0x000018d0        0x8 main.o
 .progmem.data.colon_logo
                0x000018d8      0x200 main.o
 .progmem.data.sputnik_logo
                0x00001ad8      0x200 main.o
 .progmem.data.avr_logo
                0x00001cd8      0x200 main.o
 .progmem.data.bsuir_logo
                0x00001ed8       0xf4 main.o
 .progmem.data.ansgrem_logo
                0x00001fcc       0x80 main.o
                0x0000204c                . = ALIGN (0x2)
 *(.jumptables)
 *(.jumptables*)
 *(.lowtext)
 *(.lowtext*)
                0x0000204c                __ctors_start = .
 *(.ctors)
                0x0000204c                __ctors_end = .
                0x0000204c                __dtors_start = .
 *(.dtors)
                0x0000204c                __dtors_end = .
 SORT(*)(.ctors)
 SORT(*)(.dtors)
 *(.init0)
 .init0         0x0000204c        0x0 c:/program files (x86)/atmel/atmel toolchain/avr8 gcc/native/3.4.1061/avr8-gnu-toolchain/bin/../lib/gcc/avr/4.8.1/../../../../avr/lib/avr5/crtm16a.o
                0x0000204c                __init
 *(.init0)
 *(.init1)
 *(.init1)
 *(.init2)
 .init2         0x0000204c        0xc c:/program files (x86)/atmel/atmel toolchain/avr8 gcc/native/3.4.1061/avr8-gnu-toolchain/bin/../lib/gcc/avr/4.8.1/../../../../avr/lib/avr5/crtm16a.o
 *(.init2)
 *(.init3)
 *(.init3)
 *(.init4)
 .init4         0x00002058       0x16 c:/program files (x86)/atmel/atmel toolchain/avr8 gcc/native/3.4.1061/avr8-gnu-toolchain/bin/../lib/gcc/avr/4.8.1/avr5\libgcc.a(_copy_data.o)
                0x00002058                __do_copy_data
 .init4         0x0000206e       0x10 c:/program files (x86)/atmel/atmel toolchain/avr8 gcc/native/3.4.1061/avr8-gnu-toolchain/bin/../lib/gcc/avr/4.8.1/avr5\libgcc.a(_clear_bss.o)
                0x0000206e                __do_clear_bss
 *(.init4)
 *(.init5)
 *(.init5)
 *(.init6)
 *(.init6)
 *(.init7)
 *(.init7)
 *(.init8)
 *(.init8)
 *(.init9)
 .init9         0x0000207e        0x8 c:/program files (x86)/atmel/atmel toolchain/avr8 gcc/native/3.4.1061/avr8-gnu-toolchain/bin/../lib/gcc/avr/4.8.1/../../../../avr/lib/avr5/crtm16a.o
 *(.init9)
 *(.text)
 .text          0x00002086        0x4 c:/program files (x86)/atmel/atmel toolchain/avr8 gcc/native/3.4.1061/avr8-gnu-toolchain/bin/../lib/gcc/avr/4.8.1/../../../../avr/lib/avr5/crtm16a.o
                0x00002086                __vector_1
                0x00002086                __vector_12
                0x00002086                __bad_interrupt
                0x00002086                __vector_6
                0x00002086                __vector_3
                0x00002086                __vector_13
                0x00002086                __vector_17
                0x00002086                __vector_19
                0x00002086                __vector_7
                0x00002086                __vector_5
                0x00002086                __vector_4
                0x00002086                __vector_9
                0x00002086                __vector_2
                0x00002086                __vector_15
                0x00002086                __vector_8
                0x00002086                __vector_14
                0x00002086                __vector_10
                0x00002086                __vector_16
                0x00002086                __vector_18
                0x00002086                __vector_20
                0x0000208a                . = ALIGN (0x2)
 *(.text.*)
 .text.DS1307_Init
                0x0000208a       0x3c library/ds1307.o
                0x0000208a                DS1307_Init
 .text.DS1307_ReadRegister
                0x000020c6       0x2c library/ds1307.o
                0x000020c6                DS1307_ReadRegister
 .text.DS1307_SetTime
                0x000020f2       0x2a library/ds1307.o
                0x000020f2                DS1307_SetTime
 .text.GetTime  0x0000211c      0x13e library/ds1307.o
                0x0000211c                GetTime
 .text.SPI_WriteStartByte
                0x0000225a        0xa library/LED_MAX7219.o
                0x0000225a                SPI_WriteStartByte
 .text.SPI_WriteEndByte
                0x00002264        0xa library/LED_MAX7219.o
                0x00002264                SPI_WriteEndByte
 .text.SPI_WriteByte
                0x0000226e        0x8 library/LED_MAX7219.o
                0x0000226e                SPI_WriteByte
 .text.SendLed  0x00002276       0x2c library/LED_MAX7219.o
                0x00002276                SendLed
 .text.InitLed  0x000022a2       0x30 library/LED_MAX7219.o
                0x000022a2                InitLed
 .text.ClearDisplay
                0x000022d2       0x1e library/LED_MAX7219.o
                0x000022d2                ClearDisplay
 .text.WriteNum
                0x000022f0       0x76 library/LED_MAX7219.o
                0x000022f0                WriteNum
 .text.SetIntensity
                0x00002366        0xa library/LED_MAX7219.o
                0x00002366                SetIntensity
 .text.SetPointer
                0x00002370        0x6 library/OLED.o
                0x00002370                SetPointer
 .text.InitOLED
                0x00002376       0xb2 library/OLED.o
                0x00002376                InitOLED
 .text.SetPointOLED
                0x00002428       0x5e library/OLED.o
                0x00002428                SetPointOLED
 .text.OLED_Command
                0x00002486       0x1e library/OLED.o
                0x00002486                OLED_Command
 .text.ClearOLED
                0x000024a4       0x64 library/OLED.o
                0x000024a4                ClearOLED
 .text.SelectDisplay
                0x00002508       0x3e library/OLED.o
                0x00002508                SelectDisplay
 .text.Set_OLED_Image
                0x00002546       0x8e library/OLED.o
                0x00002546                Set_OLED_Image
 .text.Set_OLED_Num
                0x000025d4       0x4c library/OLED.o
                0x000025d4                Set_OLED_Num
 .text.GetNum   0x00002620       0x52 library/OLED.o
                0x00002620                GetNum
 .text.i2cInit  0x00002672        0x8 library/I2C.o
                0x00002672                i2cInit
 .text.i2cread  0x0000267a       0x4e library/I2C.o
                0x0000267a                i2cread
 .text.i2cstart
                0x000026c8       0x4c library/I2C.o
                0x000026c8                i2cstart
 .text.i2cwrite
                0x00002714       0x1e library/I2C.o
                0x00002714                i2cwrite
 .text.i2cstop  0x00002732        0xc library/I2C.o
                0x00002732                i2cstop
 .text.init_ports
                0x0000273e       0x1a library/ports.o
                0x0000273e                init_ports
 .text.__vector_11
                0x00002758       0x28 library/uart.o
                0x00002758                __vector_11
 .text.main     0x00002780      0x228 main.o
                0x00002780                main
 .text.libgcc   0x000029a8        0xc c:/program files (x86)/atmel/atmel toolchain/avr8 gcc/native/3.4.1061/avr8-gnu-toolchain/bin/../lib/gcc/avr/4.8.1/avr5\libgcc.a(_tablejump.o)
                0x000029a8                __tablejump2__
                0x000029ac                __tablejump__
                0x000029b4                . = ALIGN (0x2)
 *(.fini9)
 .fini9         0x000029b4        0x0 c:/program files (x86)/atmel/atmel toolchain/avr8 gcc/native/3.4.1061/avr8-gnu-toolchain/bin/../lib/gcc/avr/4.8.1/avr5\libgcc.a(_exit.o)
                0x000029b4                _exit
                0x000029b4                exit
 *(.fini9)
 *(.fini8)
 *(.fini8)
 *(.fini7)
 *(.fini7)
 *(.fini6)
 *(.fini6)
 *(.fini5)
 *(.fini5)
 *(.fini4)
 *(.fini4)
 *(.fini3)
 *(.fini3)
 *(.fini2)
 *(.fini2)
 *(.fini1)
 *(.fini1)
 *(.fini0)
 .fini0         0x000029b4        0x4 c:/program files (x86)/atmel/atmel toolchain/avr8 gcc/native/3.4.1061/avr8-gnu-toolchain/bin/../lib/gcc/avr/4.8.1/avr5\libgcc.a(_exit.o)
 *(.fini0)
                0x000029b8                _etext = .

.data           0x00800060       0x1c load address 0x000029b8
                0x00800060                PROVIDE (__data_start, .)
 *(.data)
 *(.data*)
 *(.rodata)
 *(.rodata*)
 .rodata.Ncolon_struct
                0x00800060        0x4 library/ds1307.o
 .rodata.colon_struct
                0x00800064        0x4 library/ds1307.o
 .rodata.colon_struct
                0x00800068        0x4 main.o
 .rodata.sputnik_struct
                0x0080006c        0x4 main.o
 .rodata.avr_struct
                0x00800070        0x4 main.o
 .rodata.bsuir_struct
                0x00800074        0x4 main.o
 .rodata.ansgrem_struct
                0x00800078        0x4 main.o
 *(.gnu.linkonce.d*)
                0x0080007c                . = ALIGN (0x2)
                0x0080007c                _edata = .
                0x0080007c                PROVIDE (__data_end, .)

.bss            0x0080007c        0x7
                0x0080007c                PROVIDE (__bss_start, .)
 *(.bss)
 *(.bss*)
 .bss.flagRX    0x0080007c        0x1 library/uart.o
                0x0080007c                flagRX
 .bss.flagEr    0x0080007d        0x1 library/uart.o
                0x0080007d                flagEr
 *(COMMON)
 COMMON         0x0080007e        0x3 library/ds1307.o
                0x0080007e                buffer0
                0x0080007f                buffer2
                0x00800080                buffer1
 COMMON         0x00800081        0x1 library/OLED.o
                0x00800081                oled_pointer
 COMMON         0x00800082        0x1 library/I2C.o
                0x00800082                twi_status_register
                0x00800083                PROVIDE (__bss_end, .)
                0x000029b8                __data_load_start = LOADADDR (.data)
                0x000029d4                __data_load_end = (__data_load_start + SIZEOF (.data))

.noinit         0x00800083        0x0
                0x00800083                PROVIDE (__noinit_start, .)
 *(.noinit*)
                0x00800083                PROVIDE (__noinit_end, .)
                0x00800083                _end = .
                0x00800083                PROVIDE (__heap_start, .)

.eeprom         0x00810000        0x0
 *(.eeprom*)
                0x00810000                __eeprom_end = .

.fuse
 *(.fuse)
 *(.lfuse)
 *(.hfuse)
 *(.efuse)

.lock
 *(.lock*)

.signature
 *(.signature*)

.user_signatures
 *(.user_signatures*)

.stab
 *(.stab)

.stabstr
 *(.stabstr)

.stab.excl
 *(.stab.excl)

.stab.exclstr
 *(.stab.exclstr)

.stab.index
 *(.stab.index)

.stab.indexstr
 *(.stab.indexstr)

.comment        0x00000000       0x30
 *(.comment)
 .comment       0x00000000       0x30 library/ds1307.o
                                 0x31 (size before relaxing)
 .comment       0x00000000       0x31 library/LED_MAX7219.o
 .comment       0x00000000       0x31 library/OLED.o
 .comment       0x00000000       0x31 library/I2C.o
 .comment       0x00000000       0x31 library/ports.o
 .comment       0x00000000       0x31 library/uart.o
 .comment       0x00000000       0x31 main.o

.note.gnu.build-id
 *(.note.gnu.build-id)

.debug
 *(.debug)

.line
 *(.line)

.debug_srcinfo
 *(.debug_srcinfo)

.debug_sfnames
 *(.debug_sfnames)

.debug_aranges  0x00000000      0x1d0
 *(.debug_aranges)
 .debug_aranges
                0x00000000       0x48 library/ds1307.o
 .debug_aranges
                0x00000048       0x58 library/LED_MAX7219.o
 .debug_aranges
                0x000000a0       0x68 library/OLED.o
 .debug_aranges
                0x00000108       0x40 library/I2C.o
 .debug_aranges
                0x00000148       0x20 library/ports.o
 .debug_aranges
                0x00000168       0x40 library/uart.o
 .debug_aranges
                0x000001a8       0x28 main.o

.debug_pubnames
 *(.debug_pubnames)

.debug_info     0x00000000     0x2b14
 *(.debug_info .gnu.linkonce.wi.*)
 .debug_info    0x00000000      0x7db library/ds1307.o
 .debug_info    0x000007db      0x4b6 library/LED_MAX7219.o
 .debug_info    0x00000c91      0x99d library/OLED.o
 .debug_info    0x0000162e      0x149 library/I2C.o
 .debug_info    0x00001777       0x89 library/ports.o
 .debug_info    0x00001800      0x4db library/uart.o
 .debug_info    0x00001cdb      0xe39 main.o

.debug_abbrev   0x00000000      0x9a5
 *(.debug_abbrev)
 .debug_abbrev  0x00000000      0x1d7 library/ds1307.o
 .debug_abbrev  0x000001d7      0x167 library/LED_MAX7219.o
 .debug_abbrev  0x0000033e      0x1df library/OLED.o
 .debug_abbrev  0x0000051d       0xab library/I2C.o
 .debug_abbrev  0x000005c8       0x4f library/ports.o
 .debug_abbrev  0x00000617      0x191 library/uart.o
 .debug_abbrev  0x000007a8      0x1fd main.o

.debug_line     0x00000000      0xa4a
 *(.debug_line .debug_line.* .debug_line_end)
 .debug_line    0x00000000      0x167 library/ds1307.o
 .debug_line    0x00000167      0x194 library/LED_MAX7219.o
 .debug_line    0x000002fb      0x1da library/OLED.o
 .debug_line    0x000004d5      0x147 library/I2C.o
 .debug_line    0x0000061c       0xb6 library/ports.o
 .debug_line    0x000006d2      0x149 library/uart.o
 .debug_line    0x0000081b      0x22f main.o

.debug_frame    0x00000000      0x3e4
 *(.debug_frame)
 .debug_frame   0x00000000       0x94 library/ds1307.o
 .debug_frame   0x00000094       0xe0 library/LED_MAX7219.o
 .debug_frame   0x00000174      0x138 library/OLED.o
 .debug_frame   0x000002ac       0x64 library/I2C.o
 .debug_frame   0x00000310       0x24 library/ports.o
 .debug_frame   0x00000334       0x7c library/uart.o
 .debug_frame   0x000003b0       0x34 main.o

.debug_str      0x00000000      0x5ba
 *(.debug_str)
 .debug_str     0x00000000      0x306 library/ds1307.o
                                0x357 (size before relaxing)
 .debug_str     0x00000306       0xca library/LED_MAX7219.o
                                0x200 (size before relaxing)
 .debug_str     0x000003d0       0x85 library/OLED.o
                                0x358 (size before relaxing)
 .debug_str     0x00000455       0x35 library/I2C.o
                                0x189 (size before relaxing)
 .debug_str     0x0000048a       0x1e library/ports.o
                                0x14b (size before relaxing)
 .debug_str     0x000004a8       0xa7 library/uart.o
                                0x359 (size before relaxing)
 .debug_str     0x0000054f       0x6b main.o
                                0x3ba (size before relaxing)

.debug_loc      0x00000000      0xdc8
 *(.debug_loc)
 .debug_loc     0x00000000      0x2fa library/ds1307.o
 .debug_loc     0x000002fa      0x3b6 library/LED_MAX7219.o
 .debug_loc     0x000006b0      0x58f library/OLED.o
 .debug_loc     0x00000c3f       0xdf library/I2C.o
 .debug_loc     0x00000d1e       0xaa library/uart.o

.debug_macinfo
 *(.debug_macinfo)

.debug_weaknames
 *(.debug_weaknames)

.debug_funcnames
 *(.debug_funcnames)

.debug_typenames
 *(.debug_typenames)

.debug_varnames
 *(.debug_varnames)

.debug_pubtypes
 *(.debug_pubtypes)

.debug_ranges   0x00000000      0x160
 *(.debug_ranges)
 .debug_ranges  0x00000000       0x38 library/ds1307.o
 .debug_ranges  0x00000038       0x48 library/LED_MAX7219.o
 .debug_ranges  0x00000080       0x58 library/OLED.o
 .debug_ranges  0x000000d8       0x30 library/I2C.o
 .debug_ranges  0x00000108       0x10 library/ports.o
 .debug_ranges  0x00000118       0x30 library/uart.o
 .debug_ranges  0x00000148       0x18 main.o

.debug_macro
 *(.debug_macro)
OUTPUT(GPS.elf elf32-avr)
LOAD linker stubs
