Archive member included because of file (symbol)

c:/program files (x86)/atmel/atmel toolchain/avr8 gcc/native/3.4.1061/avr8-gnu-toolchain/bin/../lib/gcc/avr/4.8.1/avr5\libgcc.a(_exit.o)
                              c:/program files (x86)/atmel/atmel toolchain/avr8 gcc/native/3.4.1061/avr8-gnu-toolchain/bin/../lib/gcc/avr/4.8.1/../../../../avr/lib/avr5/crtm16a.o (exit)
c:/program files (x86)/atmel/atmel toolchain/avr8 gcc/native/3.4.1061/avr8-gnu-toolchain/bin/../lib/gcc/avr/4.8.1/avr5\libgcc.a(_tablejump.o)
                              library/OLED.o (__tablejump2__)
c:/program files (x86)/atmel/atmel toolchain/avr8 gcc/native/3.4.1061/avr8-gnu-toolchain/bin/../lib/gcc/avr/4.8.1/avr5\libgcc.a(_copy_data.o)
                              library/ds1307.o (__do_copy_data)
c:/program files (x86)/atmel/atmel toolchain/avr8 gcc/native/3.4.1061/avr8-gnu-toolchain/bin/../lib/gcc/avr/4.8.1/avr5\libgcc.a(_clear_bss.o)
                              library/ds1307.o (__do_clear_bss)

Allocating common symbols
Common symbol       size              file

oled_pointer        0x1               library/OLED.o
rx_buffer           0x190             library/uart.o
buffer0             0x1               library/ds1307.o
buffer2             0x1               library/ds1307.o
i                   0x2               main.o
buffer              0x1               library/uart.o
buffer1             0x1               library/ds1307.o
twi_status_register
                    0x1               library/I2C.o

Discarded input sections

 .data          0x00000000        0x0 c:/program files (x86)/atmel/atmel toolchain/avr8 gcc/native/3.4.1061/avr8-gnu-toolchain/bin/../lib/gcc/avr/4.8.1/../../../../avr/lib/avr5/crtm16a.o
 .bss           0x00000000        0x0 c:/program files (x86)/atmel/atmel toolchain/avr8 gcc/native/3.4.1061/avr8-gnu-toolchain/bin/../lib/gcc/avr/4.8.1/../../../../avr/lib/avr5/crtm16a.o
 .text          0x00000000        0x0 library/ds1307.o
 .data          0x00000000        0x0 library/ds1307.o
 .bss           0x00000000        0x0 library/ds1307.o
 .text.DS1307_SetTime
                0x00000000       0x2a library/ds1307.o
 .text.In_BCD   0x00000000       0x14 library/ds1307.o
 .text.Out_BCD  0x00000000       0x1a library/ds1307.o
 .text          0x00000000        0x0 library/LED_MAX7219.o
 .data          0x00000000        0x0 library/LED_MAX7219.o
 .bss           0x00000000        0x0 library/LED_MAX7219.o
 .text          0x00000000        0x0 library/OLED.o
 .data          0x00000000        0x0 library/OLED.o
 .bss           0x00000000        0x0 library/OLED.o
 .text.GetPointer
                0x00000000        0x6 library/OLED.o
 .text          0x00000000        0x0 library/I2C.o
 .data          0x00000000        0x0 library/I2C.o
 .bss           0x00000000        0x0 library/I2C.o
 .text          0x00000000        0x0 library/init_perif.o
 .data          0x00000000        0x0 library/init_perif.o
 .bss           0x00000000        0x0 library/init_perif.o
 .text.init_periferal
                0x00000000        0x2 library/init_perif.o
 .debug_info    0x00000000       0x3f library/init_perif.o
 .debug_abbrev  0x00000000       0x2c library/init_perif.o
 .debug_aranges
                0x00000000       0x20 library/init_perif.o
 .debug_ranges  0x00000000       0x10 library/init_perif.o
 .debug_line    0x00000000       0x42 library/init_perif.o
 .debug_str     0x00000000       0xe0 library/init_perif.o
 .comment       0x00000000       0x31 library/init_perif.o
 .debug_frame   0x00000000       0x24 library/init_perif.o
 .text          0x00000000        0x0 library/ports.o
 .data          0x00000000        0x0 library/ports.o
 .bss           0x00000000        0x0 library/ports.o
 .text          0x00000000        0x0 library/uart.o
 .data          0x00000000        0x0 library/uart.o
 .bss           0x00000000        0x0 library/uart.o
 .text.Get_flagRX
                0x00000000        0x6 library/uart.o
 .text.ProcessingBufferRx
                0x00000000       0x54 library/uart.o
 .text.USARTReceiveChar
                0x00000000       0x82 library/uart.o
 .text.USART_Init
                0x00000000        0x2 library/uart.o
 .bss.flag_Set_Time
                0x00000000        0x1 library/uart.o
 .bss.rx_counter
                0x00000000        0x1 library/uart.o
 .bss.rx_rd_index
                0x00000000        0x2 library/uart.o
 .bss.rx_wr_index
                0x00000000        0x2 library/uart.o
 COMMON         0x00000000      0x191 library/uart.o
 .text          0x00000000        0x0 main.o
 .data          0x00000000        0x0 main.o
 .bss           0x00000000        0x0 main.o
 .text.initSymbolOLED
                0x00000000       0xde main.o
 COMMON         0x00000000        0x2 main.o
 .text          0x00000000        0x0 c:/program files (x86)/atmel/atmel toolchain/avr8 gcc/native/3.4.1061/avr8-gnu-toolchain/bin/../lib/gcc/avr/4.8.1/avr5\libgcc.a(_exit.o)
 .data          0x00000000        0x0 c:/program files (x86)/atmel/atmel toolchain/avr8 gcc/native/3.4.1061/avr8-gnu-toolchain/bin/../lib/gcc/avr/4.8.1/avr5\libgcc.a(_exit.o)
 .bss           0x00000000        0x0 c:/program files (x86)/atmel/atmel toolchain/avr8 gcc/native/3.4.1061/avr8-gnu-toolchain/bin/../lib/gcc/avr/4.8.1/avr5\libgcc.a(_exit.o)
 .text.libgcc.mul
                0x00000000        0x0 c:/program files (x86)/atmel/atmel toolchain/avr8 gcc/native/3.4.1061/avr8-gnu-toolchain/bin/../lib/gcc/avr/4.8.1/avr5\libgcc.a(_exit.o)
 .text.libgcc.div
                0x00000000        0x0 c:/program files (x86)/atmel/atmel toolchain/avr8 gcc/native/3.4.1061/avr8-gnu-toolchain/bin/../lib/gcc/avr/4.8.1/avr5\libgcc.a(_exit.o)
 .text.libgcc   0x00000000        0x0 c:/program files (x86)/atmel/atmel toolchain/avr8 gcc/native/3.4.1061/avr8-gnu-toolchain/bin/../lib/gcc/avr/4.8.1/avr5\libgcc.a(_exit.o)
 .text.libgcc.prologue
                0x00000000        0x0 c:/program files (x86)/atmel/atmel toolchain/avr8 gcc/native/3.4.1061/avr8-gnu-toolchain/bin/../lib/gcc/avr/4.8.1/avr5\libgcc.a(_exit.o)
 .text.libgcc.builtins
                0x00000000        0x0 c:/program files (x86)/atmel/atmel toolchain/avr8 gcc/native/3.4.1061/avr8-gnu-toolchain/bin/../lib/gcc/avr/4.8.1/avr5\libgcc.a(_exit.o)
 .text.libgcc.fmul
                0x00000000        0x0 c:/program files (x86)/atmel/atmel toolchain/avr8 gcc/native/3.4.1061/avr8-gnu-toolchain/bin/../lib/gcc/avr/4.8.1/avr5\libgcc.a(_exit.o)
 .text.libgcc.fixed
                0x00000000        0x0 c:/program files (x86)/atmel/atmel toolchain/avr8 gcc/native/3.4.1061/avr8-gnu-toolchain/bin/../lib/gcc/avr/4.8.1/avr5\libgcc.a(_exit.o)
 .text          0x00000000        0x0 c:/program files (x86)/atmel/atmel toolchain/avr8 gcc/native/3.4.1061/avr8-gnu-toolchain/bin/../lib/gcc/avr/4.8.1/avr5\libgcc.a(_tablejump.o)
 .data          0x00000000        0x0 c:/program files (x86)/atmel/atmel toolchain/avr8 gcc/native/3.4.1061/avr8-gnu-toolchain/bin/../lib/gcc/avr/4.8.1/avr5\libgcc.a(_tablejump.o)
 .bss           0x00000000        0x0 c:/program files (x86)/atmel/atmel toolchain/avr8 gcc/native/3.4.1061/avr8-gnu-toolchain/bin/../lib/gcc/avr/4.8.1/avr5\libgcc.a(_tablejump.o)
 .text.libgcc.mul
                0x00000000        0x0 c:/program files (x86)/atmel/atmel toolchain/avr8 gcc/native/3.4.1061/avr8-gnu-toolchain/bin/../lib/gcc/avr/4.8.1/avr5\libgcc.a(_tablejump.o)
 .text.libgcc.div
                0x00000000        0x0 c:/program files (x86)/atmel/atmel toolchain/avr8 gcc/native/3.4.1061/avr8-gnu-toolchain/bin/../lib/gcc/avr/4.8.1/avr5\libgcc.a(_tablejump.o)
 .text.libgcc.prologue
                0x00000000        0x0 c:/program files (x86)/atmel/atmel toolchain/avr8 gcc/native/3.4.1061/avr8-gnu-toolchain/bin/../lib/gcc/avr/4.8.1/avr5\libgcc.a(_tablejump.o)
 .text.libgcc.builtins
                0x00000000        0x0 c:/program files (x86)/atmel/atmel toolchain/avr8 gcc/native/3.4.1061/avr8-gnu-toolchain/bin/../lib/gcc/avr/4.8.1/avr5\libgcc.a(_tablejump.o)
 .text.libgcc.fmul
                0x00000000        0x0 c:/program files (x86)/atmel/atmel toolchain/avr8 gcc/native/3.4.1061/avr8-gnu-toolchain/bin/../lib/gcc/avr/4.8.1/avr5\libgcc.a(_tablejump.o)
 .text.libgcc.fixed
                0x00000000        0x0 c:/program files (x86)/atmel/atmel toolchain/avr8 gcc/native/3.4.1061/avr8-gnu-toolchain/bin/../lib/gcc/avr/4.8.1/avr5\libgcc.a(_tablejump.o)
 .text          0x00000000        0x0 c:/program files (x86)/atmel/atmel toolchain/avr8 gcc/native/3.4.1061/avr8-gnu-toolchain/bin/../lib/gcc/avr/4.8.1/avr5\libgcc.a(_copy_data.o)
 .data          0x00000000        0x0 c:/program files (x86)/atmel/atmel toolchain/avr8 gcc/native/3.4.1061/avr8-gnu-toolchain/bin/../lib/gcc/avr/4.8.1/avr5\libgcc.a(_copy_data.o)
 .bss           0x00000000        0x0 c:/program files (x86)/atmel/atmel toolchain/avr8 gcc/native/3.4.1061/avr8-gnu-toolchain/bin/../lib/gcc/avr/4.8.1/avr5\libgcc.a(_copy_data.o)
 .text.libgcc.mul
                0x00000000        0x0 c:/program files (x86)/atmel/atmel toolchain/avr8 gcc/native/3.4.1061/avr8-gnu-toolchain/bin/../lib/gcc/avr/4.8.1/avr5\libgcc.a(_copy_data.o)
 .text.libgcc.div
                0x00000000        0x0 c:/program files (x86)/atmel/atmel toolchain/avr8 gcc/native/3.4.1061/avr8-gnu-toolchain/bin/../lib/gcc/avr/4.8.1/avr5\libgcc.a(_copy_data.o)
 .text.libgcc   0x00000000        0x0 c:/program files (x86)/atmel/atmel toolchain/avr8 gcc/native/3.4.1061/avr8-gnu-toolchain/bin/../lib/gcc/avr/4.8.1/avr5\libgcc.a(_copy_data.o)
 .text.libgcc.prologue
                0x00000000        0x0 c:/program files (x86)/atmel/atmel toolchain/avr8 gcc/native/3.4.1061/avr8-gnu-toolchain/bin/../lib/gcc/avr/4.8.1/avr5\libgcc.a(_copy_data.o)
 .text.libgcc.builtins
                0x00000000        0x0 c:/program files (x86)/atmel/atmel toolchain/avr8 gcc/native/3.4.1061/avr8-gnu-toolchain/bin/../lib/gcc/avr/4.8.1/avr5\libgcc.a(_copy_data.o)
 .text.libgcc.fmul
                0x00000000        0x0 c:/program files (x86)/atmel/atmel toolchain/avr8 gcc/native/3.4.1061/avr8-gnu-toolchain/bin/../lib/gcc/avr/4.8.1/avr5\libgcc.a(_copy_data.o)
 .text.libgcc.fixed
                0x00000000        0x0 c:/program files (x86)/atmel/atmel toolchain/avr8 gcc/native/3.4.1061/avr8-gnu-toolchain/bin/../lib/gcc/avr/4.8.1/avr5\libgcc.a(_copy_data.o)
 .text          0x00000000        0x0 c:/program files (x86)/atmel/atmel toolchain/avr8 gcc/native/3.4.1061/avr8-gnu-toolchain/bin/../lib/gcc/avr/4.8.1/avr5\libgcc.a(_clear_bss.o)
 .data          0x00000000        0x0 c:/program files (x86)/atmel/atmel toolchain/avr8 gcc/native/3.4.1061/avr8-gnu-toolchain/bin/../lib/gcc/avr/4.8.1/avr5\libgcc.a(_clear_bss.o)
 .bss           0x00000000        0x0 c:/program files (x86)/atmel/atmel toolchain/avr8 gcc/native/3.4.1061/avr8-gnu-toolchain/bin/../lib/gcc/avr/4.8.1/avr5\libgcc.a(_clear_bss.o)
 .text.libgcc.mul
                0x00000000        0x0 c:/program files (x86)/atmel/atmel toolchain/avr8 gcc/native/3.4.1061/avr8-gnu-toolchain/bin/../lib/gcc/avr/4.8.1/avr5\libgcc.a(_clear_bss.o)
 .text.libgcc.div
                0x00000000        0x0 c:/program files (x86)/atmel/atmel toolchain/avr8 gcc/native/3.4.1061/avr8-gnu-toolchain/bin/../lib/gcc/avr/4.8.1/avr5\libgcc.a(_clear_bss.o)
 .text.libgcc   0x00000000        0x0 c:/program files (x86)/atmel/atmel toolchain/avr8 gcc/native/3.4.1061/avr8-gnu-toolchain/bin/../lib/gcc/avr/4.8.1/avr5\libgcc.a(_clear_bss.o)
 .text.libgcc.prologue
                0x00000000        0x0 c:/program files (x86)/atmel/atmel toolchain/avr8 gcc/native/3.4.1061/avr8-gnu-toolchain/bin/../lib/gcc/avr/4.8.1/avr5\libgcc.a(_clear_bss.o)
 .text.libgcc.builtins
                0x00000000        0x0 c:/program files (x86)/atmel/atmel toolchain/avr8 gcc/native/3.4.1061/avr8-gnu-toolchain/bin/../lib/gcc/avr/4.8.1/avr5\libgcc.a(_clear_bss.o)
 .text.libgcc.fmul
                0x00000000        0x0 c:/program files (x86)/atmel/atmel toolchain/avr8 gcc/native/3.4.1061/avr8-gnu-toolchain/bin/../lib/gcc/avr/4.8.1/avr5\libgcc.a(_clear_bss.o)
 .text.libgcc.fixed
                0x00000000        0x0 c:/program files (x86)/atmel/atmel toolchain/avr8 gcc/native/3.4.1061/avr8-gnu-toolchain/bin/../lib/gcc/avr/4.8.1/avr5\libgcc.a(_clear_bss.o)

Memory Configuration

Name             Origin             Length             Attributes
text             0x00000000         0x00020000         xr
data             0x00800060         0x0000ffa0         rw !x
eeprom           0x00810000         0x00010000         rw !x
fuse             0x00820000         0x00000400         rw !x
lock             0x00830000         0x00000400         rw !x
signature        0x00840000         0x00000400         rw !x
user_signatures  0x00850000         0x00000400         rw !x
*default*        0x00000000         0xffffffff

Linker script and memory map

LOAD c:/program files (x86)/atmel/atmel toolchain/avr8 gcc/native/3.4.1061/avr8-gnu-toolchain/bin/../lib/gcc/avr/4.8.1/../../../../avr/lib/avr5/crtm16a.o
LOAD library/ds1307.o
LOAD library/LED_MAX7219.o
LOAD library/OLED.o
LOAD library/I2C.o
LOAD library/init_perif.o
LOAD library/ports.o
LOAD library/uart.o
LOAD main.o
START GROUP
LOAD c:/program files (x86)/atmel/atmel toolchain/avr8 gcc/native/3.4.1061/avr8-gnu-toolchain/bin/../lib/gcc/avr/4.8.1/../../../../avr/lib/avr5\libm.a
END GROUP
START GROUP
LOAD c:/program files (x86)/atmel/atmel toolchain/avr8 gcc/native/3.4.1061/avr8-gnu-toolchain/bin/../lib/gcc/avr/4.8.1/avr5\libgcc.a
LOAD c:/program files (x86)/atmel/atmel toolchain/avr8 gcc/native/3.4.1061/avr8-gnu-toolchain/bin/../lib/gcc/avr/4.8.1/../../../../avr/lib/avr5\libm.a
LOAD c:/program files (x86)/atmel/atmel toolchain/avr8 gcc/native/3.4.1061/avr8-gnu-toolchain/bin/../lib/gcc/avr/4.8.1/../../../../avr/lib/avr5\libc.a
END GROUP

.hash
 *(.hash)

.dynsym
 *(.dynsym)

.dynstr
 *(.dynstr)

.gnu.version
 *(.gnu.version)

.gnu.version_d
 *(.gnu.version_d)

.gnu.version_r
 *(.gnu.version_r)

.rel.init
 *(.rel.init)

.rela.init
 *(.rela.init)

.rel.text
 *(.rel.text)
 *(.rel.text.*)
 *(.rel.gnu.linkonce.t*)

.rela.text
 *(.rela.text)
 *(.rela.text.*)
 *(.rela.gnu.linkonce.t*)

.rel.fini
 *(.rel.fini)

.rela.fini
 *(.rela.fini)

.rel.rodata
 *(.rel.rodata)
 *(.rel.rodata.*)
 *(.rel.gnu.linkonce.r*)

.rela.rodata
 *(.rela.rodata)
 *(.rela.rodata.*)
 *(.rela.gnu.linkonce.r*)

.rel.data
 *(.rel.data)
 *(.rel.data.*)
 *(.rel.gnu.linkonce.d*)

.rela.data
 *(.rela.data)
 *(.rela.data.*)
 *(.rela.gnu.linkonce.d*)

.rel.ctors
 *(.rel.ctors)

.rela.ctors
 *(.rela.ctors)

.rel.dtors
 *(.rel.dtors)

.rela.dtors
 *(.rela.dtors)

.rel.got
 *(.rel.got)

.rela.got
 *(.rela.got)

.rel.bss
 *(.rel.bss)

.rela.bss
 *(.rela.bss)

.rel.plt
 *(.rel.plt)

.rela.plt
 *(.rela.plt)

.text           0x00000000     0x2a2e
 *(.vectors)
 .vectors       0x00000000       0x54 c:/program files (x86)/atmel/atmel toolchain/avr8 gcc/native/3.4.1061/avr8-gnu-toolchain/bin/../lib/gcc/avr/4.8.1/../../../../avr/lib/avr5/crtm16a.o
                0x00000000                __vector_default
                0x00000000                __vectors
 *(.vectors)
 *(.progmem.gcc*)
 .progmem.gcc_sw_table.GetNum
                0x00000054       0x14 library/OLED.o
                0x00000068                . = ALIGN (0x2)
                0x00000068                __trampolines_start = .
 *(.trampolines)
 .trampolines   0x00000068        0x0 linker stubs
 *(.trampolines*)
                0x00000068                __trampolines_end = .
 *(.progmem*)
 .progmem.data.Ncolon_logo
                0x00000068      0x200 library/ds1307.o
 .progmem.data.colon_logo
                0x00000268      0x200 library/ds1307.o
 .progmem.data.nine_logo
                0x00000468      0x200 library/OLED.o
 .progmem.data.eitht_logo
                0x00000668      0x200 library/OLED.o
 .progmem.data.seven_logo
                0x00000868      0x200 library/OLED.o
 .progmem.data.six_logo
                0x00000a68      0x200 library/OLED.o
 .progmem.data.five_logo
                0x00000c68      0x200 library/OLED.o
 .progmem.data.four_logo
                0x00000e68      0x200 library/OLED.o
 .progmem.data.thee_logo
                0x00001068      0x200 library/OLED.o
 .progmem.data.two_logo
                0x00001268      0x200 library/OLED.o
 .progmem.data.one_logo
                0x00001468      0x200 library/OLED.o
 .progmem.data.zero_logo
                0x00001668      0x200 library/OLED.o
 .progmem.data.EMPTY
                0x00001868        0x8 main.o
 .progmem.data.S
                0x00001870        0x8 main.o
 .progmem.data.P
                0x00001878        0x8 main.o
 .progmem.data.G
                0x00001880        0x8 main.o
 .progmem.data.ZERO
                0x00001888        0x8 main.o
 .progmem.data.NINE
                0x00001890        0x8 main.o
 .progmem.data.EITHT
                0x00001898        0x8 main.o
 .progmem.data.SEVEN
                0x000018a0        0x8 main.o
 .progmem.data.SIX
                0x000018a8        0x8 main.o
 .progmem.data.FIVE
                0x000018b0        0x8 main.o
 .progmem.data.FOUR
                0x000018b8        0x8 main.o
 .progmem.data.THREE
                0x000018c0        0x8 main.o
 .progmem.data.TWO
                0x000018c8        0x8 main.o
 .progmem.data.ONE
                0x000018d0        0x8 main.o
 .progmem.data.colon_logo
                0x000018d8      0x200 main.o
 .progmem.data.sputnik_logo
                0x00001ad8      0x200 main.o
 .progmem.data.avr_logo
                0x00001cd8      0x200 main.o
 .progmem.data.bsuir_logo
                0x00001ed8       0xf4 main.o
 .progmem.data.ansgrem_logo
                0x00001fcc       0x80 main.o
                0x0000204c                . = ALIGN (0x2)
 *(.jumptables)
 *(.jumptables*)
 *(.lowtext)
 *(.lowtext*)
                0x0000204c                __ctors_start = .
 *(.ctors)
                0x0000204c                __ctors_end = .
                0x0000204c                __dtors_start = .
 *(.dtors)
                0x0000204c                __dtors_end = .
 SORT(*)(.ctors)
 SORT(*)(.dtors)
 *(.init0)
 .init0         0x0000204c        0x0 c:/program files (x86)/atmel/atmel toolchain/avr8 gcc/native/3.4.1061/avr8-gnu-toolchain/bin/../lib/gcc/avr/4.8.1/../../../../avr/lib/avr5/crtm16a.o
                0x0000204c                __init
 *(.init0)
 *(.init1)
 *(.init1)
 *(.init2)
 .init2         0x0000204c        0xc c:/program files (x86)/atmel/atmel toolchain/avr8 gcc/native/3.4.1061/avr8-gnu-toolchain/bin/../lib/gcc/avr/4.8.1/../../../../avr/lib/avr5/crtm16a.o
 *(.init2)
 *(.init3)
 *(.init3)
 *(.init4)
 .init4         0x00002058       0x16 c:/program files (x86)/atmel/atmel toolchain/avr8 gcc/native/3.4.1061/avr8-gnu-toolchain/bin/../lib/gcc/avr/4.8.1/avr5\libgcc.a(_copy_data.o)
                0x00002058                __do_copy_data
 .init4         0x0000206e       0x10 c:/program files (x86)/atmel/atmel toolchain/avr8 gcc/native/3.4.1061/avr8-gnu-toolchain/bin/../lib/gcc/avr/4.8.1/avr5\libgcc.a(_clear_bss.o)
                0x0000206e                __do_clear_bss
 *(.init4)
 *(.init5)
 *(.init5)
 *(.init6)
 *(.init6)
 *(.init7)
 *(.init7)
 *(.init8)
 *(.init8)
 *(.init9)
 .init9         0x0000207e        0x8 c:/program files (x86)/atmel/atmel toolchain/avr8 gcc/native/3.4.1061/avr8-gnu-toolchain/bin/../lib/gcc/avr/4.8.1/../../../../avr/lib/avr5/crtm16a.o
 *(.init9)
 *(.text)
 .text          0x00002086        0x4 c:/program files (x86)/atmel/atmel toolchain/avr8 gcc/native/3.4.1061/avr8-gnu-toolchain/bin/../lib/gcc/avr/4.8.1/../../../../avr/lib/avr5/crtm16a.o
                0x00002086                __vector_1
                0x00002086                __vector_12
                0x00002086                __bad_interrupt
                0x00002086                __vector_6
                0x00002086                __vector_3
                0x00002086                __vector_13
                0x00002086                __vector_17
                0x00002086                __vector_19
                0x00002086                __vector_7
                0x00002086                __vector_5
                0x00002086                __vector_4
                0x00002086                __vector_9
                0x00002086                __vector_2
                0x00002086                __vector_15
                0x00002086                __vector_8
                0x00002086                __vector_14
                0x00002086                __vector_10
                0x00002086                __vector_16
                0x00002086                __vector_18
                0x00002086                __vector_20
                0x0000208a                . = ALIGN (0x2)
 *(.text.*)
 .text.DS1307_Init
                0x0000208a       0x2a library/ds1307.o
                0x0000208a                DS1307_Init
 .text.DS1307_ReadRegister
                0x000020b4       0x2c library/ds1307.o
                0x000020b4                DS1307_ReadRegister
 .text.GetTime  0x000020e0       0xfa library/ds1307.o
                0x000020e0                GetTime
 .text.SPI_WriteStartByte
                0x000021da        0xa library/LED_MAX7219.o
                0x000021da                SPI_WriteStartByte
 .text.SPI_WriteEndByte
                0x000021e4        0xa library/LED_MAX7219.o
                0x000021e4                SPI_WriteEndByte
 .text.SPI_WriteByte
                0x000021ee        0x8 library/LED_MAX7219.o
                0x000021ee                SPI_WriteByte
 .text.SendLed  0x000021f6       0x2c library/LED_MAX7219.o
                0x000021f6                SendLed
 .text.InitLed  0x00002222       0x30 library/LED_MAX7219.o
                0x00002222                InitLed
 .text.ClearDisplay
                0x00002252       0x1e library/LED_MAX7219.o
                0x00002252                ClearDisplay
 .text.WriteNum
                0x00002270       0x76 library/LED_MAX7219.o
                0x00002270                WriteNum
 .text.SetIntensity
                0x000022e6        0xa library/LED_MAX7219.o
                0x000022e6                SetIntensity
 .text.SetPointer
                0x000022f0        0x6 library/OLED.o
                0x000022f0                SetPointer
 .text.InitOLED
                0x000022f6       0xb2 library/OLED.o
                0x000022f6                InitOLED
 .text.SetPointOLED
                0x000023a8       0x5e library/OLED.o
                0x000023a8                SetPointOLED
 .text.OLED_Command
                0x00002406       0x1e library/OLED.o
                0x00002406                OLED_Command
 .text.ClearOLED
                0x00002424       0x64 library/OLED.o
                0x00002424                ClearOLED
 .text.SelectDisplay
                0x00002488       0x3e library/OLED.o
                0x00002488                SelectDisplay
 .text.Set_OLED_Image
                0x000024c6       0x8e library/OLED.o
                0x000024c6                Set_OLED_Image
 .text.Set_OLED_Num
                0x00002554       0x4c library/OLED.o
                0x00002554                Set_OLED_Num
 .text.GetNum   0x000025a0       0x52 library/OLED.o
                0x000025a0                GetNum
 .text.i2cInit  0x000025f2        0x8 library/I2C.o
                0x000025f2                i2cInit
 .text.i2cread  0x000025fa       0x6e library/I2C.o
                0x000025fa                i2cread
 .text.i2cstart
                0x00002668       0x7a library/I2C.o
                0x00002668                i2cstart
 .text.i2cwrite
                0x000026e2       0x2a library/I2C.o
                0x000026e2                i2cwrite
 .text.i2cstop  0x0000270c       0x18 library/I2C.o
                0x0000270c                i2cstop
 .text.init_ports
                0x00002724       0x1a library/ports.o
                0x00002724                init_ports
 .text.__vector_11
                0x0000273e       0x28 library/uart.o
                0x0000273e                __vector_11
 .text.main     0x00002766      0x2b8 main.o
                0x00002766                main
 .text.libgcc   0x00002a1e        0xc c:/program files (x86)/atmel/atmel toolchain/avr8 gcc/native/3.4.1061/avr8-gnu-toolchain/bin/../lib/gcc/avr/4.8.1/avr5\libgcc.a(_tablejump.o)
                0x00002a1e                __tablejump2__
                0x00002a22                __tablejump__
                0x00002a2a                . = ALIGN (0x2)
 *(.fini9)
 .fini9         0x00002a2a        0x0 c:/program files (x86)/atmel/atmel toolchain/avr8 gcc/native/3.4.1061/avr8-gnu-toolchain/bin/../lib/gcc/avr/4.8.1/avr5\libgcc.a(_exit.o)
                0x00002a2a                _exit
                0x00002a2a                exit
 *(.fini9)
 *(.fini8)
 *(.fini8)
 *(.fini7)
 *(.fini7)
 *(.fini6)
 *(.fini6)
 *(.fini5)
 *(.fini5)
 *(.fini4)
 *(.fini4)
 *(.fini3)
 *(.fini3)
 *(.fini2)
 *(.fini2)
 *(.fini1)
 *(.fini1)
 *(.fini0)
 .fini0         0x00002a2a        0x4 c:/program files (x86)/atmel/atmel toolchain/avr8 gcc/native/3.4.1061/avr8-gnu-toolchain/bin/../lib/gcc/avr/4.8.1/avr5\libgcc.a(_exit.o)
 *(.fini0)
                0x00002a2e                _etext = .

.data           0x00800060       0x1c load address 0x00002a2e
                0x00800060                PROVIDE (__data_start, .)
 *(.data)
 *(.data*)
 *(.rodata)
 *(.rodata*)
 .rodata.Ncolon_struct
                0x00800060        0x4 library/ds1307.o
 .rodata.colon_struct
                0x00800064        0x4 library/ds1307.o
 .rodata.colon_struct
                0x00800068        0x4 main.o
 .rodata.sputnik_struct
                0x0080006c        0x4 main.o
 .rodata.avr_struct
                0x00800070        0x4 main.o
 .rodata.bsuir_struct
                0x00800074        0x4 main.o
 .rodata.ansgrem_struct
                0x00800078        0x4 main.o
 *(.gnu.linkonce.d*)
                0x0080007c                . = ALIGN (0x2)
                0x0080007c                _edata = .
                0x0080007c                PROVIDE (__data_end, .)

.bss            0x0080007c        0x7
                0x0080007c                PROVIDE (__bss_start, .)
 *(.bss)
 *(.bss*)
 .bss.flagRX    0x0080007c        0x1 library/uart.o
                0x0080007c                flagRX
 .bss.flagEr    0x0080007d        0x1 library/uart.o
                0x0080007d                flagEr
 *(COMMON)
 COMMON         0x0080007e        0x3 library/ds1307.o
                0x0080007e                buffer0
                0x0080007f                buffer2
                0x00800080                buffer1
 COMMON         0x00800081        0x1 library/OLED.o
                0x00800081                oled_pointer
 COMMON         0x00800082        0x1 library/I2C.o
                0x00800082                twi_status_register
                0x00800083                PROVIDE (__bss_end, .)
                0x00002a2e                __data_load_start = LOADADDR (.data)
                0x00002a4a                __data_load_end = (__data_load_start + SIZEOF (.data))

.noinit         0x00800083        0x0
                0x00800083                PROVIDE (__noinit_start, .)
 *(.noinit*)
                0x00800083                PROVIDE (__noinit_end, .)
                0x00800083                _end = .
                0x00800083                PROVIDE (__heap_start, .)

.eeprom         0x00810000        0x0
 *(.eeprom*)
                0x00810000                __eeprom_end = .

.fuse
 *(.fuse)
 *(.lfuse)
 *(.hfuse)
 *(.efuse)

.lock
 *(.lock*)

.signature
 *(.signature*)

.user_signatures
 *(.user_signatures*)

.stab
 *(.stab)

.stabstr
 *(.stabstr)

.stab.excl
 *(.stab.excl)

.stab.exclstr
 *(.stab.exclstr)

.stab.index
 *(.stab.index)

.stab.indexstr
 *(.stab.indexstr)

.comment        0x00000000       0x30
 *(.comment)
 .comment       0x00000000       0x30 library/ds1307.o
                                 0x31 (size before relaxing)
 .comment       0x00000000       0x31 library/LED_MAX7219.o
 .comment       0x00000000       0x31 library/OLED.o
 .comment       0x00000000       0x31 library/I2C.o
 .comment       0x00000000       0x31 library/ports.o
 .comment       0x00000000       0x31 library/uart.o
 .comment       0x00000000       0x31 main.o

.note.gnu.build-id
 *(.note.gnu.build-id)

.debug
 *(.debug)

.line
 *(.line)

.debug_srcinfo
 *(.debug_srcinfo)

.debug_sfnames
 *(.debug_sfnames)

.debug_aranges  0x00000000      0x1d0
 *(.debug_aranges)
 .debug_aranges
                0x00000000       0x48 library/ds1307.o
 .debug_aranges
                0x00000048       0x58 library/LED_MAX7219.o
 .debug_aranges
                0x000000a0       0x68 library/OLED.o
 .debug_aranges
                0x00000108       0x40 library/I2C.o
 .debug_aranges
                0x00000148       0x20 library/ports.o
 .debug_aranges
                0x00000168       0x40 library/uart.o
 .debug_aranges
                0x000001a8       0x28 main.o

.debug_pubnames
 *(.debug_pubnames)

.debug_info     0x00000000     0x2cdd
 *(.debug_info .gnu.linkonce.wi.*)
 .debug_info    0x00000000      0x75a library/ds1307.o
 .debug_info    0x0000075a      0x4b6 library/LED_MAX7219.o
 .debug_info    0x00000c10      0x9ba library/OLED.o
 .debug_info    0x000015ca      0x182 library/I2C.o
 .debug_info    0x0000174c       0x89 library/ports.o
 .debug_info    0x000017d5      0x4fb library/uart.o
 .debug_info    0x00001cd0     0x100d main.o

.debug_abbrev   0x00000000      0x9ce
 *(.debug_abbrev)
 .debug_abbrev  0x00000000      0x1d7 library/ds1307.o
 .debug_abbrev  0x000001d7      0x167 library/LED_MAX7219.o
 .debug_abbrev  0x0000033e      0x1df library/OLED.o
 .debug_abbrev  0x0000051d       0xd4 library/I2C.o
 .debug_abbrev  0x000005f1       0x4f library/ports.o
 .debug_abbrev  0x00000640      0x191 library/uart.o
 .debug_abbrev  0x000007d1      0x1fd main.o

.debug_line     0x00000000      0xaab
 *(.debug_line .debug_line.* .debug_line_end)
 .debug_line    0x00000000      0x157 library/ds1307.o
 .debug_line    0x00000157      0x194 library/LED_MAX7219.o
 .debug_line    0x000002eb      0x1da library/OLED.o
 .debug_line    0x000004c5      0x165 library/I2C.o
 .debug_line    0x0000062a       0xb6 library/ports.o
 .debug_line    0x000006e0      0x143 library/uart.o
 .debug_line    0x00000823      0x288 main.o

.debug_frame    0x00000000      0x3e4
 *(.debug_frame)
 .debug_frame   0x00000000       0x94 library/ds1307.o
 .debug_frame   0x00000094       0xe0 library/LED_MAX7219.o
 .debug_frame   0x00000174      0x138 library/OLED.o
 .debug_frame   0x000002ac       0x64 library/I2C.o
 .debug_frame   0x00000310       0x24 library/ports.o
 .debug_frame   0x00000334       0x7c library/uart.o
 .debug_frame   0x000003b0       0x34 main.o

.debug_str      0x00000000      0x5f9
 *(.debug_str)
 .debug_str     0x00000000      0x320 library/ds1307.o
                                0x371 (size before relaxing)
 .debug_str     0x00000320       0xca library/LED_MAX7219.o
                                0x200 (size before relaxing)
 .debug_str     0x000003ea       0xaa library/OLED.o
                                0x372 (size before relaxing)
 .debug_str     0x00000494       0x35 library/I2C.o
                                0x189 (size before relaxing)
 .debug_str     0x000004c9       0x1e library/ports.o
                                0x14b (size before relaxing)
 .debug_str     0x000004e7       0xa7 library/uart.o
                                0x373 (size before relaxing)
 .debug_str     0x0000058e       0x6b main.o
                                0x3c5 (size before relaxing)

.debug_loc      0x00000000      0xe4e
 *(.debug_loc)
 .debug_loc     0x00000000      0x2f2 library/ds1307.o
 .debug_loc     0x000002f2      0x3b6 library/LED_MAX7219.o
 .debug_loc     0x000006a8      0x58f library/OLED.o
 .debug_loc     0x00000c37      0x193 library/I2C.o
 .debug_loc     0x00000dca       0x84 library/uart.o

.debug_macinfo
 *(.debug_macinfo)

.debug_weaknames
 *(.debug_weaknames)

.debug_funcnames
 *(.debug_funcnames)

.debug_typenames
 *(.debug_typenames)

.debug_varnames
 *(.debug_varnames)

.debug_pubtypes
 *(.debug_pubtypes)

.debug_ranges   0x00000000      0x160
 *(.debug_ranges)
 .debug_ranges  0x00000000       0x38 library/ds1307.o
 .debug_ranges  0x00000038       0x48 library/LED_MAX7219.o
 .debug_ranges  0x00000080       0x58 library/OLED.o
 .debug_ranges  0x000000d8       0x30 library/I2C.o
 .debug_ranges  0x00000108       0x10 library/ports.o
 .debug_ranges  0x00000118       0x30 library/uart.o
 .debug_ranges  0x00000148       0x18 main.o

.debug_macro
 *(.debug_macro)
OUTPUT(GPS.elf elf32-avr)
LOAD linker stubs
