Archive member included because of file (symbol)

c:/program files (x86)/atmel/atmel toolchain/avr8 gcc/native/3.4.1061/avr8-gnu-toolchain/bin/../lib/gcc/avr/4.8.1/avr5\libgcc.a(_exit.o)
                              c:/program files (x86)/atmel/atmel toolchain/avr8 gcc/native/3.4.1061/avr8-gnu-toolchain/bin/../lib/gcc/avr/4.8.1/../../../../avr/lib/avr5/crtm16.o (exit)
c:/program files (x86)/atmel/atmel toolchain/avr8 gcc/native/3.4.1061/avr8-gnu-toolchain/bin/../lib/gcc/avr/4.8.1/avr5\libgcc.a(_copy_data.o)
                              library/OLED.o (__do_copy_data)
c:/program files (x86)/atmel/atmel toolchain/avr8 gcc/native/3.4.1061/avr8-gnu-toolchain/bin/../lib/gcc/avr/4.8.1/avr5\libgcc.a(_clear_bss.o)
                              library/OLED.o (__do_clear_bss)
c:/program files (x86)/atmel/atmel toolchain/avr8 gcc/native/3.4.1061/avr8-gnu-toolchain/bin/../lib/gcc/avr/4.8.1/../../../../avr/lib/avr5\libc.a(strcpy_P.o)
                              library/OLED.o (strcpy_P)

Allocating common symbols
Common symbol       size              file

b                   0x1               main.o
oled_pointer        0x1               library/OLED.o
i                   0x2               main.o
a                   0x1               main.o
twi_status_register
                    0x1               library/I2C.o

Discarded input sections

 .data          0x00000000        0x0 c:/program files (x86)/atmel/atmel toolchain/avr8 gcc/native/3.4.1061/avr8-gnu-toolchain/bin/../lib/gcc/avr/4.8.1/../../../../avr/lib/avr5/crtm16.o
 .bss           0x00000000        0x0 c:/program files (x86)/atmel/atmel toolchain/avr8 gcc/native/3.4.1061/avr8-gnu-toolchain/bin/../lib/gcc/avr/4.8.1/../../../../avr/lib/avr5/crtm16.o
 .text          0x00000000        0x0 library/CFile1.o
 .data          0x00000000        0x0 library/CFile1.o
 .bss           0x00000000        0x0 library/CFile1.o
 .text.initSymbol
                0x00000000        0x2 library/CFile1.o
 .debug_info    0x00000000      0x1b5 library/CFile1.o
 .debug_abbrev  0x00000000       0xb0 library/CFile1.o
 .debug_aranges
                0x00000000       0x20 library/CFile1.o
 .debug_ranges  0x00000000       0x10 library/CFile1.o
 .debug_line    0x00000000       0xb9 library/CFile1.o
 .debug_str     0x00000000      0x201 library/CFile1.o
 .comment       0x00000000       0x31 library/CFile1.o
 .debug_frame   0x00000000       0x24 library/CFile1.o
 .text          0x00000000        0x0 library/LED_MAX7219.o
 .data          0x00000000        0x0 library/LED_MAX7219.o
 .bss           0x00000000        0x0 library/LED_MAX7219.o
 .text.SPI_WriteStartByte
                0x00000000        0xa library/LED_MAX7219.o
 .text.SPI_WriteEndByte
                0x00000000        0xa library/LED_MAX7219.o
 .text.SPI_WriteByte
                0x00000000        0x8 library/LED_MAX7219.o
 .text.SendLed  0x00000000       0x2c library/LED_MAX7219.o
 .text.InitLed  0x00000000       0x30 library/LED_MAX7219.o
 .text.ClearDisplay
                0x00000000       0x1e library/LED_MAX7219.o
 .text.WriteNum
                0x00000000       0x76 library/LED_MAX7219.o
 .text.SetIntensity
                0x00000000        0xa library/LED_MAX7219.o
 .debug_info    0x00000000      0x4b6 library/LED_MAX7219.o
 .debug_abbrev  0x00000000      0x167 library/LED_MAX7219.o
 .debug_loc     0x00000000      0x3b6 library/LED_MAX7219.o
 .debug_aranges
                0x00000000       0x58 library/LED_MAX7219.o
 .debug_ranges  0x00000000       0x48 library/LED_MAX7219.o
 .debug_line    0x00000000      0x194 library/LED_MAX7219.o
 .debug_str     0x00000000      0x1ff library/LED_MAX7219.o
 .comment       0x00000000       0x31 library/LED_MAX7219.o
 .debug_frame   0x00000000       0xe0 library/LED_MAX7219.o
 .text          0x00000000        0x0 library/OLED.o
 .data          0x00000000        0x0 library/OLED.o
 .bss           0x00000000        0x0 library/OLED.o
 .text.SetPointer
                0x00000000        0x6 library/OLED.o
 .text.GetPointer
                0x00000000        0x6 library/OLED.o
 .text.OLED_Command
                0x00000000       0x1e library/OLED.o
 .text.SetOLED1
                0x00000000       0x8c library/OLED.o
 .text          0x00000000        0x0 library/I2C.o
 .data          0x00000000        0x0 library/I2C.o
 .bss           0x00000000        0x0 library/I2C.o
 .text          0x00000000        0x0 library/init_perif.o
 .data          0x00000000        0x0 library/init_perif.o
 .bss           0x00000000        0x0 library/init_perif.o
 .text.init_periferal
                0x00000000        0x2 library/init_perif.o
 .debug_info    0x00000000       0x7e library/init_perif.o
 .debug_abbrev  0x00000000       0x42 library/init_perif.o
 .debug_aranges
                0x00000000       0x20 library/init_perif.o
 .debug_ranges  0x00000000       0x10 library/init_perif.o
 .debug_line    0x00000000       0x42 library/init_perif.o
 .debug_str     0x00000000      0x14b library/init_perif.o
 .comment       0x00000000       0x31 library/init_perif.o
 .debug_frame   0x00000000       0x24 library/init_perif.o
 .text          0x00000000        0x0 library/ports.o
 .data          0x00000000        0x0 library/ports.o
 .bss           0x00000000        0x0 library/ports.o
 .text          0x00000000        0x0 main.o
 .data          0x00000000        0x0 main.o
 .bss           0x00000000        0x0 main.o
 COMMON         0x00000000        0x4 main.o
 .text          0x00000000        0x0 c:/program files (x86)/atmel/atmel toolchain/avr8 gcc/native/3.4.1061/avr8-gnu-toolchain/bin/../lib/gcc/avr/4.8.1/avr5\libgcc.a(_exit.o)
 .data          0x00000000        0x0 c:/program files (x86)/atmel/atmel toolchain/avr8 gcc/native/3.4.1061/avr8-gnu-toolchain/bin/../lib/gcc/avr/4.8.1/avr5\libgcc.a(_exit.o)
 .bss           0x00000000        0x0 c:/program files (x86)/atmel/atmel toolchain/avr8 gcc/native/3.4.1061/avr8-gnu-toolchain/bin/../lib/gcc/avr/4.8.1/avr5\libgcc.a(_exit.o)
 .text.libgcc.mul
                0x00000000        0x0 c:/program files (x86)/atmel/atmel toolchain/avr8 gcc/native/3.4.1061/avr8-gnu-toolchain/bin/../lib/gcc/avr/4.8.1/avr5\libgcc.a(_exit.o)
 .text.libgcc.div
                0x00000000        0x0 c:/program files (x86)/atmel/atmel toolchain/avr8 gcc/native/3.4.1061/avr8-gnu-toolchain/bin/../lib/gcc/avr/4.8.1/avr5\libgcc.a(_exit.o)
 .text.libgcc   0x00000000        0x0 c:/program files (x86)/atmel/atmel toolchain/avr8 gcc/native/3.4.1061/avr8-gnu-toolchain/bin/../lib/gcc/avr/4.8.1/avr5\libgcc.a(_exit.o)
 .text.libgcc.prologue
                0x00000000        0x0 c:/program files (x86)/atmel/atmel toolchain/avr8 gcc/native/3.4.1061/avr8-gnu-toolchain/bin/../lib/gcc/avr/4.8.1/avr5\libgcc.a(_exit.o)
 .text.libgcc.builtins
                0x00000000        0x0 c:/program files (x86)/atmel/atmel toolchain/avr8 gcc/native/3.4.1061/avr8-gnu-toolchain/bin/../lib/gcc/avr/4.8.1/avr5\libgcc.a(_exit.o)
 .text.libgcc.fmul
                0x00000000        0x0 c:/program files (x86)/atmel/atmel toolchain/avr8 gcc/native/3.4.1061/avr8-gnu-toolchain/bin/../lib/gcc/avr/4.8.1/avr5\libgcc.a(_exit.o)
 .text.libgcc.fixed
                0x00000000        0x0 c:/program files (x86)/atmel/atmel toolchain/avr8 gcc/native/3.4.1061/avr8-gnu-toolchain/bin/../lib/gcc/avr/4.8.1/avr5\libgcc.a(_exit.o)
 .text          0x00000000        0x0 c:/program files (x86)/atmel/atmel toolchain/avr8 gcc/native/3.4.1061/avr8-gnu-toolchain/bin/../lib/gcc/avr/4.8.1/avr5\libgcc.a(_copy_data.o)
 .data          0x00000000        0x0 c:/program files (x86)/atmel/atmel toolchain/avr8 gcc/native/3.4.1061/avr8-gnu-toolchain/bin/../lib/gcc/avr/4.8.1/avr5\libgcc.a(_copy_data.o)
 .bss           0x00000000        0x0 c:/program files (x86)/atmel/atmel toolchain/avr8 gcc/native/3.4.1061/avr8-gnu-toolchain/bin/../lib/gcc/avr/4.8.1/avr5\libgcc.a(_copy_data.o)
 .text.libgcc.mul
                0x00000000        0x0 c:/program files (x86)/atmel/atmel toolchain/avr8 gcc/native/3.4.1061/avr8-gnu-toolchain/bin/../lib/gcc/avr/4.8.1/avr5\libgcc.a(_copy_data.o)
 .text.libgcc.div
                0x00000000        0x0 c:/program files (x86)/atmel/atmel toolchain/avr8 gcc/native/3.4.1061/avr8-gnu-toolchain/bin/../lib/gcc/avr/4.8.1/avr5\libgcc.a(_copy_data.o)
 .text.libgcc   0x00000000        0x0 c:/program files (x86)/atmel/atmel toolchain/avr8 gcc/native/3.4.1061/avr8-gnu-toolchain/bin/../lib/gcc/avr/4.8.1/avr5\libgcc.a(_copy_data.o)
 .text.libgcc.prologue
                0x00000000        0x0 c:/program files (x86)/atmel/atmel toolchain/avr8 gcc/native/3.4.1061/avr8-gnu-toolchain/bin/../lib/gcc/avr/4.8.1/avr5\libgcc.a(_copy_data.o)
 .text.libgcc.builtins
                0x00000000        0x0 c:/program files (x86)/atmel/atmel toolchain/avr8 gcc/native/3.4.1061/avr8-gnu-toolchain/bin/../lib/gcc/avr/4.8.1/avr5\libgcc.a(_copy_data.o)
 .text.libgcc.fmul
                0x00000000        0x0 c:/program files (x86)/atmel/atmel toolchain/avr8 gcc/native/3.4.1061/avr8-gnu-toolchain/bin/../lib/gcc/avr/4.8.1/avr5\libgcc.a(_copy_data.o)
 .text.libgcc.fixed
                0x00000000        0x0 c:/program files (x86)/atmel/atmel toolchain/avr8 gcc/native/3.4.1061/avr8-gnu-toolchain/bin/../lib/gcc/avr/4.8.1/avr5\libgcc.a(_copy_data.o)
 .text          0x00000000        0x0 c:/program files (x86)/atmel/atmel toolchain/avr8 gcc/native/3.4.1061/avr8-gnu-toolchain/bin/../lib/gcc/avr/4.8.1/avr5\libgcc.a(_clear_bss.o)
 .data          0x00000000        0x0 c:/program files (x86)/atmel/atmel toolchain/avr8 gcc/native/3.4.1061/avr8-gnu-toolchain/bin/../lib/gcc/avr/4.8.1/avr5\libgcc.a(_clear_bss.o)
 .bss           0x00000000        0x0 c:/program files (x86)/atmel/atmel toolchain/avr8 gcc/native/3.4.1061/avr8-gnu-toolchain/bin/../lib/gcc/avr/4.8.1/avr5\libgcc.a(_clear_bss.o)
 .text.libgcc.mul
                0x00000000        0x0 c:/program files (x86)/atmel/atmel toolchain/avr8 gcc/native/3.4.1061/avr8-gnu-toolchain/bin/../lib/gcc/avr/4.8.1/avr5\libgcc.a(_clear_bss.o)
 .text.libgcc.div
                0x00000000        0x0 c:/program files (x86)/atmel/atmel toolchain/avr8 gcc/native/3.4.1061/avr8-gnu-toolchain/bin/../lib/gcc/avr/4.8.1/avr5\libgcc.a(_clear_bss.o)
 .text.libgcc   0x00000000        0x0 c:/program files (x86)/atmel/atmel toolchain/avr8 gcc/native/3.4.1061/avr8-gnu-toolchain/bin/../lib/gcc/avr/4.8.1/avr5\libgcc.a(_clear_bss.o)
 .text.libgcc.prologue
                0x00000000        0x0 c:/program files (x86)/atmel/atmel toolchain/avr8 gcc/native/3.4.1061/avr8-gnu-toolchain/bin/../lib/gcc/avr/4.8.1/avr5\libgcc.a(_clear_bss.o)
 .text.libgcc.builtins
                0x00000000        0x0 c:/program files (x86)/atmel/atmel toolchain/avr8 gcc/native/3.4.1061/avr8-gnu-toolchain/bin/../lib/gcc/avr/4.8.1/avr5\libgcc.a(_clear_bss.o)
 .text.libgcc.fmul
                0x00000000        0x0 c:/program files (x86)/atmel/atmel toolchain/avr8 gcc/native/3.4.1061/avr8-gnu-toolchain/bin/../lib/gcc/avr/4.8.1/avr5\libgcc.a(_clear_bss.o)
 .text.libgcc.fixed
                0x00000000        0x0 c:/program files (x86)/atmel/atmel toolchain/avr8 gcc/native/3.4.1061/avr8-gnu-toolchain/bin/../lib/gcc/avr/4.8.1/avr5\libgcc.a(_clear_bss.o)
 .text          0x00000000        0x0 c:/program files (x86)/atmel/atmel toolchain/avr8 gcc/native/3.4.1061/avr8-gnu-toolchain/bin/../lib/gcc/avr/4.8.1/../../../../avr/lib/avr5\libc.a(strcpy_P.o)
 .data          0x00000000        0x0 c:/program files (x86)/atmel/atmel toolchain/avr8 gcc/native/3.4.1061/avr8-gnu-toolchain/bin/../lib/gcc/avr/4.8.1/../../../../avr/lib/avr5\libc.a(strcpy_P.o)
 .bss           0x00000000        0x0 c:/program files (x86)/atmel/atmel toolchain/avr8 gcc/native/3.4.1061/avr8-gnu-toolchain/bin/../lib/gcc/avr/4.8.1/../../../../avr/lib/avr5\libc.a(strcpy_P.o)

Memory Configuration

Name             Origin             Length             Attributes
text             0x00000000         0x00020000         xr
data             0x00800060         0x0000ffa0         rw !x
eeprom           0x00810000         0x00010000         rw !x
fuse             0x00820000         0x00000400         rw !x
lock             0x00830000         0x00000400         rw !x
signature        0x00840000         0x00000400         rw !x
user_signatures  0x00850000         0x00000400         rw !x
*default*        0x00000000         0xffffffff

Linker script and memory map

LOAD c:/program files (x86)/atmel/atmel toolchain/avr8 gcc/native/3.4.1061/avr8-gnu-toolchain/bin/../lib/gcc/avr/4.8.1/../../../../avr/lib/avr5/crtm16.o
LOAD library/CFile1.o
LOAD library/LED_MAX7219.o
LOAD library/OLED.o
LOAD library/I2C.o
LOAD library/init_perif.o
LOAD library/ports.o
LOAD main.o
START GROUP
LOAD c:/program files (x86)/atmel/atmel toolchain/avr8 gcc/native/3.4.1061/avr8-gnu-toolchain/bin/../lib/gcc/avr/4.8.1/../../../../avr/lib/avr5\libm.a
END GROUP
START GROUP
LOAD c:/program files (x86)/atmel/atmel toolchain/avr8 gcc/native/3.4.1061/avr8-gnu-toolchain/bin/../lib/gcc/avr/4.8.1/avr5\libgcc.a
LOAD c:/program files (x86)/atmel/atmel toolchain/avr8 gcc/native/3.4.1061/avr8-gnu-toolchain/bin/../lib/gcc/avr/4.8.1/../../../../avr/lib/avr5\libm.a
LOAD c:/program files (x86)/atmel/atmel toolchain/avr8 gcc/native/3.4.1061/avr8-gnu-toolchain/bin/../lib/gcc/avr/4.8.1/../../../../avr/lib/avr5\libc.a
END GROUP

.hash
 *(.hash)

.dynsym
 *(.dynsym)

.dynstr
 *(.dynstr)

.gnu.version
 *(.gnu.version)

.gnu.version_d
 *(.gnu.version_d)

.gnu.version_r
 *(.gnu.version_r)

.rel.init
 *(.rel.init)

.rela.init
 *(.rela.init)

.rel.text
 *(.rel.text)
 *(.rel.text.*)
 *(.rel.gnu.linkonce.t*)

.rela.text
 *(.rela.text)
 *(.rela.text.*)
 *(.rela.gnu.linkonce.t*)

.rel.fini
 *(.rel.fini)

.rela.fini
 *(.rela.fini)

.rel.rodata
 *(.rel.rodata)
 *(.rel.rodata.*)
 *(.rel.gnu.linkonce.r*)

.rela.rodata
 *(.rela.rodata)
 *(.rela.rodata.*)
 *(.rela.gnu.linkonce.r*)

.rel.data
 *(.rel.data)
 *(.rel.data.*)
 *(.rel.gnu.linkonce.d*)

.rela.data
 *(.rela.data)
 *(.rela.data.*)
 *(.rela.gnu.linkonce.d*)

.rel.ctors
 *(.rel.ctors)

.rela.ctors
 *(.rela.ctors)

.rel.dtors
 *(.rel.dtors)

.rela.dtors
 *(.rela.dtors)

.rel.got
 *(.rel.got)

.rela.got
 *(.rela.got)

.rel.bss
 *(.rel.bss)

.rela.bss
 *(.rela.bss)

.rel.plt
 *(.rel.plt)

.rela.plt
 *(.rela.plt)

.text           0x00000000      0x772
 *(.vectors)
 .vectors       0x00000000       0x54 c:/program files (x86)/atmel/atmel toolchain/avr8 gcc/native/3.4.1061/avr8-gnu-toolchain/bin/../lib/gcc/avr/4.8.1/../../../../avr/lib/avr5/crtm16.o
                0x00000000                __vector_default
                0x00000000                __vectors
 *(.vectors)
 *(.progmem.gcc*)
                0x00000054                . = ALIGN (0x2)
                0x00000054                __trampolines_start = .
 *(.trampolines)
 .trampolines   0x00000054        0x0 linker stubs
 *(.trampolines*)
                0x00000054                __trampolines_end = .
 *(.progmem*)
 .progmem.data.one_logo
                0x00000054      0x200 library/OLED.o
 .progmem.data.zero_logo
                0x00000254      0x200 library/OLED.o
                0x00000454                . = ALIGN (0x2)
 *(.jumptables)
 *(.jumptables*)
 *(.lowtext)
 *(.lowtext*)
                0x00000454                __ctors_start = .
 *(.ctors)
                0x00000454                __ctors_end = .
                0x00000454                __dtors_start = .
 *(.dtors)
                0x00000454                __dtors_end = .
 SORT(*)(.ctors)
 SORT(*)(.dtors)
 *(.init0)
 .init0         0x00000454        0x0 c:/program files (x86)/atmel/atmel toolchain/avr8 gcc/native/3.4.1061/avr8-gnu-toolchain/bin/../lib/gcc/avr/4.8.1/../../../../avr/lib/avr5/crtm16.o
                0x00000454                __init
 *(.init0)
 *(.init1)
 *(.init1)
 *(.init2)
 .init2         0x00000454        0xc c:/program files (x86)/atmel/atmel toolchain/avr8 gcc/native/3.4.1061/avr8-gnu-toolchain/bin/../lib/gcc/avr/4.8.1/../../../../avr/lib/avr5/crtm16.o
 *(.init2)
 *(.init3)
 *(.init3)
 *(.init4)
 .init4         0x00000460       0x16 c:/program files (x86)/atmel/atmel toolchain/avr8 gcc/native/3.4.1061/avr8-gnu-toolchain/bin/../lib/gcc/avr/4.8.1/avr5\libgcc.a(_copy_data.o)
                0x00000460                __do_copy_data
 .init4         0x00000476       0x10 c:/program files (x86)/atmel/atmel toolchain/avr8 gcc/native/3.4.1061/avr8-gnu-toolchain/bin/../lib/gcc/avr/4.8.1/avr5\libgcc.a(_clear_bss.o)
                0x00000476                __do_clear_bss
 *(.init4)
 *(.init5)
 *(.init5)
 *(.init6)
 *(.init6)
 *(.init7)
 *(.init7)
 *(.init8)
 *(.init8)
 *(.init9)
 .init9         0x00000486        0x8 c:/program files (x86)/atmel/atmel toolchain/avr8 gcc/native/3.4.1061/avr8-gnu-toolchain/bin/../lib/gcc/avr/4.8.1/../../../../avr/lib/avr5/crtm16.o
 *(.init9)
 *(.text)
 .text          0x0000048e        0x4 c:/program files (x86)/atmel/atmel toolchain/avr8 gcc/native/3.4.1061/avr8-gnu-toolchain/bin/../lib/gcc/avr/4.8.1/../../../../avr/lib/avr5/crtm16.o
                0x0000048e                __vector_1
                0x0000048e                __vector_12
                0x0000048e                __bad_interrupt
                0x0000048e                __vector_6
                0x0000048e                __vector_3
                0x0000048e                __vector_11
                0x0000048e                __vector_13
                0x0000048e                __vector_17
                0x0000048e                __vector_19
                0x0000048e                __vector_7
                0x0000048e                __vector_5
                0x0000048e                __vector_4
                0x0000048e                __vector_9
                0x0000048e                __vector_2
                0x0000048e                __vector_15
                0x0000048e                __vector_8
                0x0000048e                __vector_14
                0x0000048e                __vector_10
                0x0000048e                __vector_16
                0x0000048e                __vector_18
                0x0000048e                __vector_20
                0x00000492                . = ALIGN (0x2)
 *(.text.*)
 .text.InitOLED
                0x00000492       0xb8 library/OLED.o
                0x00000492                InitOLED
 .text.SetPointOLED
                0x0000054a       0x54 library/OLED.o
                0x0000054a                SetPointOLED
 .text.ClearOLED
                0x0000059e       0x64 library/OLED.o
                0x0000059e                ClearOLED
 .text.SelectDisplay
                0x00000602       0x26 library/OLED.o
                0x00000602                SelectDisplay
 .text.SetOLED2
                0x00000628       0x96 library/OLED.o
                0x00000628                SetOLED2
 .text.i2cstart
                0x000006be       0x44 library/I2C.o
                0x000006be                i2cstart
 .text.i2cwrite
                0x00000702       0x1e library/I2C.o
                0x00000702                i2cwrite
 .text.i2cstop  0x00000720        0xc library/I2C.o
                0x00000720                i2cstop
 .text.init_ports
                0x0000072c       0x16 library/ports.o
                0x0000072c                init_ports
 .text.main     0x00000742       0x1e main.o
                0x00000742                main
 .text.avr-libc
                0x00000760        0xe c:/program files (x86)/atmel/atmel toolchain/avr8 gcc/native/3.4.1061/avr8-gnu-toolchain/bin/../lib/gcc/avr/4.8.1/../../../../avr/lib/avr5\libc.a(strcpy_P.o)
                0x00000760                strcpy_P
                0x0000076e                . = ALIGN (0x2)
 *(.fini9)
 .fini9         0x0000076e        0x0 c:/program files (x86)/atmel/atmel toolchain/avr8 gcc/native/3.4.1061/avr8-gnu-toolchain/bin/../lib/gcc/avr/4.8.1/avr5\libgcc.a(_exit.o)
                0x0000076e                _exit
                0x0000076e                exit
 *(.fini9)
 *(.fini8)
 *(.fini8)
 *(.fini7)
 *(.fini7)
 *(.fini6)
 *(.fini6)
 *(.fini5)
 *(.fini5)
 *(.fini4)
 *(.fini4)
 *(.fini3)
 *(.fini3)
 *(.fini2)
 *(.fini2)
 *(.fini1)
 *(.fini1)
 *(.fini0)
 .fini0         0x0000076e        0x4 c:/program files (x86)/atmel/atmel toolchain/avr8 gcc/native/3.4.1061/avr8-gnu-toolchain/bin/../lib/gcc/avr/4.8.1/avr5\libgcc.a(_exit.o)
 *(.fini0)
                0x00000772                _etext = .

.data           0x00800060        0x4 load address 0x00000772
                0x00800060                PROVIDE (__data_start, .)
 *(.data)
 *(.data*)
 .data.number_table
                0x00800060        0x4 library/OLED.o
 *(.rodata)
 *(.rodata*)
 *(.gnu.linkonce.d*)
                0x00800064                . = ALIGN (0x2)
                0x00800064                _edata = .
                0x00800064                PROVIDE (__data_end, .)

.bss            0x00800064        0x2
                0x00800064                PROVIDE (__bss_start, .)
 *(.bss)
 *(.bss*)
 *(COMMON)
 COMMON         0x00800064        0x1 library/OLED.o
                0x00800064                oled_pointer
 COMMON         0x00800065        0x1 library/I2C.o
                0x00800065                twi_status_register
                0x00800066                PROVIDE (__bss_end, .)
                0x00000772                __data_load_start = LOADADDR (.data)
                0x00000776                __data_load_end = (__data_load_start + SIZEOF (.data))

.noinit         0x00800066        0x0
                0x00800066                PROVIDE (__noinit_start, .)
 *(.noinit*)
                0x00800066                PROVIDE (__noinit_end, .)
                0x00800066                _end = .
                0x00800066                PROVIDE (__heap_start, .)

.eeprom         0x00810000        0x0
 *(.eeprom*)
                0x00810000                __eeprom_end = .

.fuse
 *(.fuse)
 *(.lfuse)
 *(.hfuse)
 *(.efuse)

.lock
 *(.lock*)

.signature
 *(.signature*)

.user_signatures
 *(.user_signatures*)

.stab
 *(.stab)

.stabstr
 *(.stabstr)

.stab.excl
 *(.stab.excl)

.stab.exclstr
 *(.stab.exclstr)

.stab.index
 *(.stab.index)

.stab.indexstr
 *(.stab.indexstr)

.comment        0x00000000       0x30
 *(.comment)
 .comment       0x00000000       0x30 library/OLED.o
                                 0x31 (size before relaxing)
 .comment       0x00000000       0x31 library/I2C.o
 .comment       0x00000000       0x31 library/ports.o
 .comment       0x00000000       0x31 main.o

.note.gnu.build-id
 *(.note.gnu.build-id)

.debug
 *(.debug)

.line
 *(.line)

.debug_srcinfo
 *(.debug_srcinfo)

.debug_sfnames
 *(.debug_sfnames)

.debug_aranges  0x00000000       0xd0
 *(.debug_aranges)
 .debug_aranges
                0x00000000       0x60 library/OLED.o
 .debug_aranges
                0x00000060       0x30 library/I2C.o
 .debug_aranges
                0x00000090       0x20 library/ports.o
 .debug_aranges
                0x000000b0       0x20 main.o

.debug_pubnames
 *(.debug_pubnames)

.debug_info     0x00000000      0xe3b
 *(.debug_info .gnu.linkonce.wi.*)
 .debug_info    0x00000000      0x941 library/OLED.o
 .debug_info    0x00000941       0xf1 library/I2C.o
 .debug_info    0x00000a32       0x89 library/ports.o
 .debug_info    0x00000abb      0x380 main.o

.debug_abbrev   0x00000000      0x467
 *(.debug_abbrev)
 .debug_abbrev  0x00000000      0x245 library/OLED.o
 .debug_abbrev  0x00000245       0x8d library/I2C.o
 .debug_abbrev  0x000002d2       0x4f library/ports.o
 .debug_abbrev  0x00000321      0x146 main.o

.debug_line     0x00000000      0x4ca
 *(.debug_line .debug_line.* .debug_line_end)
 .debug_line    0x00000000      0x22e library/OLED.o
 .debug_line    0x0000022e      0x101 library/I2C.o
 .debug_line    0x0000032f       0xb6 library/ports.o
 .debug_line    0x000003e5       0xe5 main.o

.debug_frame    0x00000000      0x1c4
 *(.debug_frame)
 .debug_frame   0x00000000      0x138 library/OLED.o
 .debug_frame   0x00000138       0x44 library/I2C.o
 .debug_frame   0x0000017c       0x24 library/ports.o
 .debug_frame   0x000001a0       0x24 main.o

.debug_str      0x00000000      0x32b
 *(.debug_str)
 .debug_str     0x00000000      0x2a3 library/OLED.o
                                0x2dc (size before relaxing)
 .debug_str     0x000002a3       0x2d library/I2C.o
                                0x173 (size before relaxing)
 .debug_str     0x000002d0       0x1e library/ports.o
                                0x14a (size before relaxing)
 .debug_str     0x000002ee       0x3d main.o
                                0x25d (size before relaxing)

.debug_loc      0x00000000      0x5ba
 *(.debug_loc)
 .debug_loc     0x00000000      0x547 library/OLED.o
 .debug_loc     0x00000547       0x73 library/I2C.o

.debug_macinfo
 *(.debug_macinfo)

.debug_weaknames
 *(.debug_weaknames)

.debug_funcnames
 *(.debug_funcnames)

.debug_typenames
 *(.debug_typenames)

.debug_varnames
 *(.debug_varnames)

.debug_pubtypes
 *(.debug_pubtypes)

.debug_ranges   0x00000000       0xa8
 *(.debug_ranges)
 .debug_ranges  0x00000000       0x68 library/OLED.o
 .debug_ranges  0x00000068       0x20 library/I2C.o
 .debug_ranges  0x00000088       0x10 library/ports.o
 .debug_ranges  0x00000098       0x10 main.o

.debug_macro
 *(.debug_macro)
OUTPUT(GPS.elf elf32-avr)
LOAD linker stubs
