Archive member included because of file (symbol)

c:/program files (x86)/atmel/atmel toolchain/avr8 gcc/native/3.4.1061/avr8-gnu-toolchain/bin/../lib/gcc/avr/4.8.1/avr5\libgcc.a(_exit.o)
                              c:/program files (x86)/atmel/atmel toolchain/avr8 gcc/native/3.4.1061/avr8-gnu-toolchain/bin/../lib/gcc/avr/4.8.1/../../../../avr/lib/avr5/crtm16a.o (exit)
c:/program files (x86)/atmel/atmel toolchain/avr8 gcc/native/3.4.1061/avr8-gnu-toolchain/bin/../lib/gcc/avr/4.8.1/avr5\libgcc.a(_tablejump.o)
                              library/OLED.o (__tablejump2__)
c:/program files (x86)/atmel/atmel toolchain/avr8 gcc/native/3.4.1061/avr8-gnu-toolchain/bin/../lib/gcc/avr/4.8.1/avr5\libgcc.a(_copy_data.o)
                              main.o (__do_copy_data)
c:/program files (x86)/atmel/atmel toolchain/avr8 gcc/native/3.4.1061/avr8-gnu-toolchain/bin/../lib/gcc/avr/4.8.1/avr5\libgcc.a(_clear_bss.o)
                              library/OLED.o (__do_clear_bss)

Allocating common symbols
Common symbol       size              file

b                   0x2               main.o
oled_pointer        0x1               library/OLED.o
i                   0x2               main.o
d                   0x1               main.o
a                   0x2               main.o
twi_status_register
                    0x1               library/I2C.o

Discarded input sections

 .data          0x00000000        0x0 c:/program files (x86)/atmel/atmel toolchain/avr8 gcc/native/3.4.1061/avr8-gnu-toolchain/bin/../lib/gcc/avr/4.8.1/../../../../avr/lib/avr5/crtm16a.o
 .bss           0x00000000        0x0 c:/program files (x86)/atmel/atmel toolchain/avr8 gcc/native/3.4.1061/avr8-gnu-toolchain/bin/../lib/gcc/avr/4.8.1/../../../../avr/lib/avr5/crtm16a.o
 .text          0x00000000        0x0 library/CFile1.o
 .data          0x00000000        0x0 library/CFile1.o
 .bss           0x00000000        0x0 library/CFile1.o
 .text.initSymbol
                0x00000000        0x2 library/CFile1.o
 .debug_info    0x00000000      0x21b library/CFile1.o
 .debug_abbrev  0x00000000       0xa7 library/CFile1.o
 .debug_aranges
                0x00000000       0x20 library/CFile1.o
 .debug_ranges  0x00000000       0x10 library/CFile1.o
 .debug_line    0x00000000       0xb9 library/CFile1.o
 .debug_str     0x00000000      0x246 library/CFile1.o
 .comment       0x00000000       0x31 library/CFile1.o
 .debug_frame   0x00000000       0x24 library/CFile1.o
 .text          0x00000000        0x0 library/ds1307.o
 .data          0x00000000        0x0 library/ds1307.o
 .bss           0x00000000        0x0 library/ds1307.o
 .text.I2C_ReadACK
                0x00000000        0xe library/ds1307.o
 .text.I2C_ReadNACK
                0x00000000        0xe library/ds1307.o
 .text          0x00000000        0x0 library/LED_MAX7219.o
 .data          0x00000000        0x0 library/LED_MAX7219.o
 .bss           0x00000000        0x0 library/LED_MAX7219.o
 .text.SPI_WriteStartByte
                0x00000000        0xa library/LED_MAX7219.o
 .text.SPI_WriteEndByte
                0x00000000        0xa library/LED_MAX7219.o
 .text.SPI_WriteByte
                0x00000000        0x8 library/LED_MAX7219.o
 .text.SendLed  0x00000000       0x2c library/LED_MAX7219.o
 .text.InitLed  0x00000000       0x30 library/LED_MAX7219.o
 .text.ClearDisplay
                0x00000000       0x1e library/LED_MAX7219.o
 .text.WriteNum
                0x00000000       0x76 library/LED_MAX7219.o
 .text.SetIntensity
                0x00000000        0xa library/LED_MAX7219.o
 .debug_info    0x00000000      0x4b6 library/LED_MAX7219.o
 .debug_abbrev  0x00000000      0x167 library/LED_MAX7219.o
 .debug_loc     0x00000000      0x3b6 library/LED_MAX7219.o
 .debug_aranges
                0x00000000       0x58 library/LED_MAX7219.o
 .debug_ranges  0x00000000       0x48 library/LED_MAX7219.o
 .debug_line    0x00000000      0x194 library/LED_MAX7219.o
 .debug_str     0x00000000      0x200 library/LED_MAX7219.o
 .comment       0x00000000       0x31 library/LED_MAX7219.o
 .debug_frame   0x00000000       0xe0 library/LED_MAX7219.o
 .text          0x00000000        0x0 library/OLED.o
 .data          0x00000000        0x0 library/OLED.o
 .bss           0x00000000        0x0 library/OLED.o
 .text.GetPointer
                0x00000000        0x6 library/OLED.o
 .text.OLED_Command
                0x00000000       0x1e library/OLED.o
 .text          0x00000000        0x0 library/I2C.o
 .data          0x00000000        0x0 library/I2C.o
 .bss           0x00000000        0x0 library/I2C.o
 .text          0x00000000        0x0 library/init_perif.o
 .data          0x00000000        0x0 library/init_perif.o
 .bss           0x00000000        0x0 library/init_perif.o
 .text.init_periferal
                0x00000000        0x2 library/init_perif.o
 .debug_info    0x00000000       0x3f library/init_perif.o
 .debug_abbrev  0x00000000       0x2c library/init_perif.o
 .debug_aranges
                0x00000000       0x20 library/init_perif.o
 .debug_ranges  0x00000000       0x10 library/init_perif.o
 .debug_line    0x00000000       0x42 library/init_perif.o
 .debug_str     0x00000000       0xe0 library/init_perif.o
 .comment       0x00000000       0x31 library/init_perif.o
 .debug_frame   0x00000000       0x24 library/init_perif.o
 .text          0x00000000        0x0 library/ports.o
 .data          0x00000000        0x0 library/ports.o
 .bss           0x00000000        0x0 library/ports.o
 .text          0x00000000        0x0 main.o
 .data          0x00000000        0x0 main.o
 .bss           0x00000000        0x0 main.o
 .text          0x00000000        0x0 c:/program files (x86)/atmel/atmel toolchain/avr8 gcc/native/3.4.1061/avr8-gnu-toolchain/bin/../lib/gcc/avr/4.8.1/avr5\libgcc.a(_exit.o)
 .data          0x00000000        0x0 c:/program files (x86)/atmel/atmel toolchain/avr8 gcc/native/3.4.1061/avr8-gnu-toolchain/bin/../lib/gcc/avr/4.8.1/avr5\libgcc.a(_exit.o)
 .bss           0x00000000        0x0 c:/program files (x86)/atmel/atmel toolchain/avr8 gcc/native/3.4.1061/avr8-gnu-toolchain/bin/../lib/gcc/avr/4.8.1/avr5\libgcc.a(_exit.o)
 .text.libgcc.mul
                0x00000000        0x0 c:/program files (x86)/atmel/atmel toolchain/avr8 gcc/native/3.4.1061/avr8-gnu-toolchain/bin/../lib/gcc/avr/4.8.1/avr5\libgcc.a(_exit.o)
 .text.libgcc.div
                0x00000000        0x0 c:/program files (x86)/atmel/atmel toolchain/avr8 gcc/native/3.4.1061/avr8-gnu-toolchain/bin/../lib/gcc/avr/4.8.1/avr5\libgcc.a(_exit.o)
 .text.libgcc   0x00000000        0x0 c:/program files (x86)/atmel/atmel toolchain/avr8 gcc/native/3.4.1061/avr8-gnu-toolchain/bin/../lib/gcc/avr/4.8.1/avr5\libgcc.a(_exit.o)
 .text.libgcc.prologue
                0x00000000        0x0 c:/program files (x86)/atmel/atmel toolchain/avr8 gcc/native/3.4.1061/avr8-gnu-toolchain/bin/../lib/gcc/avr/4.8.1/avr5\libgcc.a(_exit.o)
 .text.libgcc.builtins
                0x00000000        0x0 c:/program files (x86)/atmel/atmel toolchain/avr8 gcc/native/3.4.1061/avr8-gnu-toolchain/bin/../lib/gcc/avr/4.8.1/avr5\libgcc.a(_exit.o)
 .text.libgcc.fmul
                0x00000000        0x0 c:/program files (x86)/atmel/atmel toolchain/avr8 gcc/native/3.4.1061/avr8-gnu-toolchain/bin/../lib/gcc/avr/4.8.1/avr5\libgcc.a(_exit.o)
 .text.libgcc.fixed
                0x00000000        0x0 c:/program files (x86)/atmel/atmel toolchain/avr8 gcc/native/3.4.1061/avr8-gnu-toolchain/bin/../lib/gcc/avr/4.8.1/avr5\libgcc.a(_exit.o)
 .text          0x00000000        0x0 c:/program files (x86)/atmel/atmel toolchain/avr8 gcc/native/3.4.1061/avr8-gnu-toolchain/bin/../lib/gcc/avr/4.8.1/avr5\libgcc.a(_tablejump.o)
 .data          0x00000000        0x0 c:/program files (x86)/atmel/atmel toolchain/avr8 gcc/native/3.4.1061/avr8-gnu-toolchain/bin/../lib/gcc/avr/4.8.1/avr5\libgcc.a(_tablejump.o)
 .bss           0x00000000        0x0 c:/program files (x86)/atmel/atmel toolchain/avr8 gcc/native/3.4.1061/avr8-gnu-toolchain/bin/../lib/gcc/avr/4.8.1/avr5\libgcc.a(_tablejump.o)
 .text.libgcc.mul
                0x00000000        0x0 c:/program files (x86)/atmel/atmel toolchain/avr8 gcc/native/3.4.1061/avr8-gnu-toolchain/bin/../lib/gcc/avr/4.8.1/avr5\libgcc.a(_tablejump.o)
 .text.libgcc.div
                0x00000000        0x0 c:/program files (x86)/atmel/atmel toolchain/avr8 gcc/native/3.4.1061/avr8-gnu-toolchain/bin/../lib/gcc/avr/4.8.1/avr5\libgcc.a(_tablejump.o)
 .text.libgcc.prologue
                0x00000000        0x0 c:/program files (x86)/atmel/atmel toolchain/avr8 gcc/native/3.4.1061/avr8-gnu-toolchain/bin/../lib/gcc/avr/4.8.1/avr5\libgcc.a(_tablejump.o)
 .text.libgcc.builtins
                0x00000000        0x0 c:/program files (x86)/atmel/atmel toolchain/avr8 gcc/native/3.4.1061/avr8-gnu-toolchain/bin/../lib/gcc/avr/4.8.1/avr5\libgcc.a(_tablejump.o)
 .text.libgcc.fmul
                0x00000000        0x0 c:/program files (x86)/atmel/atmel toolchain/avr8 gcc/native/3.4.1061/avr8-gnu-toolchain/bin/../lib/gcc/avr/4.8.1/avr5\libgcc.a(_tablejump.o)
 .text.libgcc.fixed
                0x00000000        0x0 c:/program files (x86)/atmel/atmel toolchain/avr8 gcc/native/3.4.1061/avr8-gnu-toolchain/bin/../lib/gcc/avr/4.8.1/avr5\libgcc.a(_tablejump.o)
 .text          0x00000000        0x0 c:/program files (x86)/atmel/atmel toolchain/avr8 gcc/native/3.4.1061/avr8-gnu-toolchain/bin/../lib/gcc/avr/4.8.1/avr5\libgcc.a(_copy_data.o)
 .data          0x00000000        0x0 c:/program files (x86)/atmel/atmel toolchain/avr8 gcc/native/3.4.1061/avr8-gnu-toolchain/bin/../lib/gcc/avr/4.8.1/avr5\libgcc.a(_copy_data.o)
 .bss           0x00000000        0x0 c:/program files (x86)/atmel/atmel toolchain/avr8 gcc/native/3.4.1061/avr8-gnu-toolchain/bin/../lib/gcc/avr/4.8.1/avr5\libgcc.a(_copy_data.o)
 .text.libgcc.mul
                0x00000000        0x0 c:/program files (x86)/atmel/atmel toolchain/avr8 gcc/native/3.4.1061/avr8-gnu-toolchain/bin/../lib/gcc/avr/4.8.1/avr5\libgcc.a(_copy_data.o)
 .text.libgcc.div
                0x00000000        0x0 c:/program files (x86)/atmel/atmel toolchain/avr8 gcc/native/3.4.1061/avr8-gnu-toolchain/bin/../lib/gcc/avr/4.8.1/avr5\libgcc.a(_copy_data.o)
 .text.libgcc   0x00000000        0x0 c:/program files (x86)/atmel/atmel toolchain/avr8 gcc/native/3.4.1061/avr8-gnu-toolchain/bin/../lib/gcc/avr/4.8.1/avr5\libgcc.a(_copy_data.o)
 .text.libgcc.prologue
                0x00000000        0x0 c:/program files (x86)/atmel/atmel toolchain/avr8 gcc/native/3.4.1061/avr8-gnu-toolchain/bin/../lib/gcc/avr/4.8.1/avr5\libgcc.a(_copy_data.o)
 .text.libgcc.builtins
                0x00000000        0x0 c:/program files (x86)/atmel/atmel toolchain/avr8 gcc/native/3.4.1061/avr8-gnu-toolchain/bin/../lib/gcc/avr/4.8.1/avr5\libgcc.a(_copy_data.o)
 .text.libgcc.fmul
                0x00000000        0x0 c:/program files (x86)/atmel/atmel toolchain/avr8 gcc/native/3.4.1061/avr8-gnu-toolchain/bin/../lib/gcc/avr/4.8.1/avr5\libgcc.a(_copy_data.o)
 .text.libgcc.fixed
                0x00000000        0x0 c:/program files (x86)/atmel/atmel toolchain/avr8 gcc/native/3.4.1061/avr8-gnu-toolchain/bin/../lib/gcc/avr/4.8.1/avr5\libgcc.a(_copy_data.o)
 .text          0x00000000        0x0 c:/program files (x86)/atmel/atmel toolchain/avr8 gcc/native/3.4.1061/avr8-gnu-toolchain/bin/../lib/gcc/avr/4.8.1/avr5\libgcc.a(_clear_bss.o)
 .data          0x00000000        0x0 c:/program files (x86)/atmel/atmel toolchain/avr8 gcc/native/3.4.1061/avr8-gnu-toolchain/bin/../lib/gcc/avr/4.8.1/avr5\libgcc.a(_clear_bss.o)
 .bss           0x00000000        0x0 c:/program files (x86)/atmel/atmel toolchain/avr8 gcc/native/3.4.1061/avr8-gnu-toolchain/bin/../lib/gcc/avr/4.8.1/avr5\libgcc.a(_clear_bss.o)
 .text.libgcc.mul
                0x00000000        0x0 c:/program files (x86)/atmel/atmel toolchain/avr8 gcc/native/3.4.1061/avr8-gnu-toolchain/bin/../lib/gcc/avr/4.8.1/avr5\libgcc.a(_clear_bss.o)
 .text.libgcc.div
                0x00000000        0x0 c:/program files (x86)/atmel/atmel toolchain/avr8 gcc/native/3.4.1061/avr8-gnu-toolchain/bin/../lib/gcc/avr/4.8.1/avr5\libgcc.a(_clear_bss.o)
 .text.libgcc   0x00000000        0x0 c:/program files (x86)/atmel/atmel toolchain/avr8 gcc/native/3.4.1061/avr8-gnu-toolchain/bin/../lib/gcc/avr/4.8.1/avr5\libgcc.a(_clear_bss.o)
 .text.libgcc.prologue
                0x00000000        0x0 c:/program files (x86)/atmel/atmel toolchain/avr8 gcc/native/3.4.1061/avr8-gnu-toolchain/bin/../lib/gcc/avr/4.8.1/avr5\libgcc.a(_clear_bss.o)
 .text.libgcc.builtins
                0x00000000        0x0 c:/program files (x86)/atmel/atmel toolchain/avr8 gcc/native/3.4.1061/avr8-gnu-toolchain/bin/../lib/gcc/avr/4.8.1/avr5\libgcc.a(_clear_bss.o)
 .text.libgcc.fmul
                0x00000000        0x0 c:/program files (x86)/atmel/atmel toolchain/avr8 gcc/native/3.4.1061/avr8-gnu-toolchain/bin/../lib/gcc/avr/4.8.1/avr5\libgcc.a(_clear_bss.o)
 .text.libgcc.fixed
                0x00000000        0x0 c:/program files (x86)/atmel/atmel toolchain/avr8 gcc/native/3.4.1061/avr8-gnu-toolchain/bin/../lib/gcc/avr/4.8.1/avr5\libgcc.a(_clear_bss.o)

Memory Configuration

Name             Origin             Length             Attributes
text             0x00000000         0x00020000         xr
data             0x00800060         0x0000ffa0         rw !x
eeprom           0x00810000         0x00010000         rw !x
fuse             0x00820000         0x00000400         rw !x
lock             0x00830000         0x00000400         rw !x
signature        0x00840000         0x00000400         rw !x
user_signatures  0x00850000         0x00000400         rw !x
*default*        0x00000000         0xffffffff

Linker script and memory map

LOAD c:/program files (x86)/atmel/atmel toolchain/avr8 gcc/native/3.4.1061/avr8-gnu-toolchain/bin/../lib/gcc/avr/4.8.1/../../../../avr/lib/avr5/crtm16a.o
LOAD library/CFile1.o
LOAD library/ds1307.o
LOAD library/LED_MAX7219.o
LOAD library/OLED.o
LOAD library/I2C.o
LOAD library/init_perif.o
LOAD library/ports.o
LOAD main.o
START GROUP
LOAD c:/program files (x86)/atmel/atmel toolchain/avr8 gcc/native/3.4.1061/avr8-gnu-toolchain/bin/../lib/gcc/avr/4.8.1/../../../../avr/lib/avr5\libm.a
END GROUP
START GROUP
LOAD c:/program files (x86)/atmel/atmel toolchain/avr8 gcc/native/3.4.1061/avr8-gnu-toolchain/bin/../lib/gcc/avr/4.8.1/avr5\libgcc.a
LOAD c:/program files (x86)/atmel/atmel toolchain/avr8 gcc/native/3.4.1061/avr8-gnu-toolchain/bin/../lib/gcc/avr/4.8.1/../../../../avr/lib/avr5\libm.a
LOAD c:/program files (x86)/atmel/atmel toolchain/avr8 gcc/native/3.4.1061/avr8-gnu-toolchain/bin/../lib/gcc/avr/4.8.1/../../../../avr/lib/avr5\libc.a
END GROUP

.hash
 *(.hash)

.dynsym
 *(.dynsym)

.dynstr
 *(.dynstr)

.gnu.version
 *(.gnu.version)

.gnu.version_d
 *(.gnu.version_d)

.gnu.version_r
 *(.gnu.version_r)

.rel.init
 *(.rel.init)

.rela.init
 *(.rela.init)

.rel.text
 *(.rel.text)
 *(.rel.text.*)
 *(.rel.gnu.linkonce.t*)

.rela.text
 *(.rela.text)
 *(.rela.text.*)
 *(.rela.gnu.linkonce.t*)

.rel.fini
 *(.rel.fini)

.rela.fini
 *(.rela.fini)

.rel.rodata
 *(.rel.rodata)
 *(.rel.rodata.*)
 *(.rel.gnu.linkonce.r*)

.rela.rodata
 *(.rela.rodata)
 *(.rela.rodata.*)
 *(.rela.gnu.linkonce.r*)

.rel.data
 *(.rel.data)
 *(.rel.data.*)
 *(.rel.gnu.linkonce.d*)

.rela.data
 *(.rela.data)
 *(.rela.data.*)
 *(.rela.gnu.linkonce.d*)

.rel.ctors
 *(.rel.ctors)

.rela.ctors
 *(.rela.ctors)

.rel.dtors
 *(.rel.dtors)

.rela.dtors
 *(.rela.dtors)

.rel.got
 *(.rel.got)

.rela.got
 *(.rela.got)

.rel.bss
 *(.rel.bss)

.rela.bss
 *(.rela.bss)

.rel.plt
 *(.rel.plt)

.rela.plt
 *(.rela.plt)

.text           0x00000000     0x1e54
 *(.vectors)
 .vectors       0x00000000       0x54 c:/program files (x86)/atmel/atmel toolchain/avr8 gcc/native/3.4.1061/avr8-gnu-toolchain/bin/../lib/gcc/avr/4.8.1/../../../../avr/lib/avr5/crtm16a.o
                0x00000000                __vector_default
                0x00000000                __vectors
 *(.vectors)
 *(.progmem.gcc*)
 .progmem.gcc_sw_table.GetNum
                0x00000054       0x14 library/OLED.o
                0x00000068                . = ALIGN (0x2)
                0x00000068                __trampolines_start = .
 *(.trampolines)
 .trampolines   0x00000068        0x0 linker stubs
 *(.trampolines*)
                0x00000068                __trampolines_end = .
 *(.progmem*)
 .progmem.data.nine_logo
                0x00000068      0x200 library/OLED.o
 .progmem.data.eitht_logo
                0x00000268      0x200 library/OLED.o
 .progmem.data.seven_logo
                0x00000468      0x200 library/OLED.o
 .progmem.data.six_logo
                0x00000668      0x200 library/OLED.o
 .progmem.data.five_logo
                0x00000868      0x200 library/OLED.o
 .progmem.data.four_logo
                0x00000a68      0x200 library/OLED.o
 .progmem.data.thee_logo
                0x00000c68      0x200 library/OLED.o
 .progmem.data.two_logo
                0x00000e68      0x200 library/OLED.o
 .progmem.data.one_logo
                0x00001068      0x200 library/OLED.o
 .progmem.data.zero_logo
                0x00001268      0x200 library/OLED.o
 .progmem.data.avr_logo
                0x00001468      0x200 main.o
 .progmem.data.bsuir_logo
                0x00001668       0xf4 main.o
 .progmem.data.ansgrem_logo
                0x0000175c       0x80 main.o
                0x000017dc                . = ALIGN (0x2)
 *(.jumptables)
 *(.jumptables*)
 *(.lowtext)
 *(.lowtext*)
                0x000017dc                __ctors_start = .
 *(.ctors)
                0x000017dc                __ctors_end = .
                0x000017dc                __dtors_start = .
 *(.dtors)
                0x000017dc                __dtors_end = .
 SORT(*)(.ctors)
 SORT(*)(.dtors)
 *(.init0)
 .init0         0x000017dc        0x0 c:/program files (x86)/atmel/atmel toolchain/avr8 gcc/native/3.4.1061/avr8-gnu-toolchain/bin/../lib/gcc/avr/4.8.1/../../../../avr/lib/avr5/crtm16a.o
                0x000017dc                __init
 *(.init0)
 *(.init1)
 *(.init1)
 *(.init2)
 .init2         0x000017dc        0xc c:/program files (x86)/atmel/atmel toolchain/avr8 gcc/native/3.4.1061/avr8-gnu-toolchain/bin/../lib/gcc/avr/4.8.1/../../../../avr/lib/avr5/crtm16a.o
 *(.init2)
 *(.init3)
 *(.init3)
 *(.init4)
 .init4         0x000017e8       0x16 c:/program files (x86)/atmel/atmel toolchain/avr8 gcc/native/3.4.1061/avr8-gnu-toolchain/bin/../lib/gcc/avr/4.8.1/avr5\libgcc.a(_copy_data.o)
                0x000017e8                __do_copy_data
 .init4         0x000017fe       0x10 c:/program files (x86)/atmel/atmel toolchain/avr8 gcc/native/3.4.1061/avr8-gnu-toolchain/bin/../lib/gcc/avr/4.8.1/avr5\libgcc.a(_clear_bss.o)
                0x000017fe                __do_clear_bss
 *(.init4)
 *(.init5)
 *(.init5)
 *(.init6)
 *(.init6)
 *(.init7)
 *(.init7)
 *(.init8)
 *(.init8)
 *(.init9)
 .init9         0x0000180e        0x8 c:/program files (x86)/atmel/atmel toolchain/avr8 gcc/native/3.4.1061/avr8-gnu-toolchain/bin/../lib/gcc/avr/4.8.1/../../../../avr/lib/avr5/crtm16a.o
 *(.init9)
 *(.text)
 .text          0x00001816        0x4 c:/program files (x86)/atmel/atmel toolchain/avr8 gcc/native/3.4.1061/avr8-gnu-toolchain/bin/../lib/gcc/avr/4.8.1/../../../../avr/lib/avr5/crtm16a.o
                0x00001816                __vector_1
                0x00001816                __vector_12
                0x00001816                __bad_interrupt
                0x00001816                __vector_6
                0x00001816                __vector_3
                0x00001816                __vector_11
                0x00001816                __vector_13
                0x00001816                __vector_17
                0x00001816                __vector_19
                0x00001816                __vector_7
                0x00001816                __vector_5
                0x00001816                __vector_4
                0x00001816                __vector_9
                0x00001816                __vector_2
                0x00001816                __vector_15
                0x00001816                __vector_8
                0x00001816                __vector_14
                0x00001816                __vector_10
                0x00001816                __vector_16
                0x00001816                __vector_18
                0x00001816                __vector_20
                0x0000181a                . = ALIGN (0x2)
 *(.text.*)
 .text.DS1307_Init
                0x0000181a       0x2e library/ds1307.o
                0x0000181a                DS1307_Init
 .text.DS1307_ReadRegister
                0x00001848       0x2c library/ds1307.o
                0x00001848                DS1307_ReadRegister
 .text.SetPointer
                0x00001874        0x6 library/OLED.o
                0x00001874                SetPointer
 .text.InitOLED
                0x0000187a       0xb2 library/OLED.o
                0x0000187a                InitOLED
 .text.SetPointOLED
                0x0000192c       0x5e library/OLED.o
                0x0000192c                SetPointOLED
 .text.ClearOLED
                0x0000198a       0x64 library/OLED.o
                0x0000198a                ClearOLED
 .text.SelectDisplay
                0x000019ee       0x26 library/OLED.o
                0x000019ee                SelectDisplay
 .text.SetOLED1
                0x00001a14       0x8c library/OLED.o
                0x00001a14                SetOLED1
 .text.Set_OLED_Num
                0x00001aa0       0x4c library/OLED.o
                0x00001aa0                Set_OLED_Num
 .text.GetNum   0x00001aec       0x52 library/OLED.o
                0x00001aec                GetNum
 .text.i2cInit  0x00001b3e        0x8 library/I2C.o
                0x00001b3e                i2cInit
 .text.i2cread  0x00001b46       0x4e library/I2C.o
                0x00001b46                i2cread
 .text.i2cstart
                0x00001b94       0x4c library/I2C.o
                0x00001b94                i2cstart
 .text.i2cwrite
                0x00001be0       0x1e library/I2C.o
                0x00001be0                i2cwrite
 .text.i2cstop  0x00001bfe        0x6 library/I2C.o
                0x00001bfe                i2cstop
 .text.init_ports
                0x00001c04       0x16 library/ports.o
                0x00001c04                init_ports
 .text.main     0x00001c1a      0x22a main.o
                0x00001c1a                main
 .text.libgcc   0x00001e44        0xc c:/program files (x86)/atmel/atmel toolchain/avr8 gcc/native/3.4.1061/avr8-gnu-toolchain/bin/../lib/gcc/avr/4.8.1/avr5\libgcc.a(_tablejump.o)
                0x00001e44                __tablejump2__
                0x00001e48                __tablejump__
                0x00001e50                . = ALIGN (0x2)
 *(.fini9)
 .fini9         0x00001e50        0x0 c:/program files (x86)/atmel/atmel toolchain/avr8 gcc/native/3.4.1061/avr8-gnu-toolchain/bin/../lib/gcc/avr/4.8.1/avr5\libgcc.a(_exit.o)
                0x00001e50                _exit
                0x00001e50                exit
 *(.fini9)
 *(.fini8)
 *(.fini8)
 *(.fini7)
 *(.fini7)
 *(.fini6)
 *(.fini6)
 *(.fini5)
 *(.fini5)
 *(.fini4)
 *(.fini4)
 *(.fini3)
 *(.fini3)
 *(.fini2)
 *(.fini2)
 *(.fini1)
 *(.fini1)
 *(.fini0)
 .fini0         0x00001e50        0x4 c:/program files (x86)/atmel/atmel toolchain/avr8 gcc/native/3.4.1061/avr8-gnu-toolchain/bin/../lib/gcc/avr/4.8.1/avr5\libgcc.a(_exit.o)
 *(.fini0)
                0x00001e54                _etext = .

.data           0x00800060        0xc load address 0x00001e54
                0x00800060                PROVIDE (__data_start, .)
 *(.data)
 *(.data*)
 *(.rodata)
 *(.rodata*)
 .rodata.avr_struct
                0x00800060        0x4 main.o
 .rodata.bsuir_struct
                0x00800064        0x4 main.o
 .rodata.ansgrem_struct
                0x00800068        0x4 main.o
 *(.gnu.linkonce.d*)
                0x0080006c                . = ALIGN (0x2)
                0x0080006c                _edata = .
                0x0080006c                PROVIDE (__data_end, .)

.bss            0x0080006c        0x9
                0x0080006c                PROVIDE (__bss_start, .)
 *(.bss)
 *(.bss*)
 *(COMMON)
 COMMON         0x0080006c        0x1 library/OLED.o
                0x0080006c                oled_pointer
 COMMON         0x0080006d        0x1 library/I2C.o
                0x0080006d                twi_status_register
 COMMON         0x0080006e        0x7 main.o
                0x0080006e                b
                0x00800070                i
                0x00800072                d
                0x00800073                a
                0x00800075                PROVIDE (__bss_end, .)
                0x00001e54                __data_load_start = LOADADDR (.data)
                0x00001e60                __data_load_end = (__data_load_start + SIZEOF (.data))

.noinit         0x00800075        0x0
                0x00800075                PROVIDE (__noinit_start, .)
 *(.noinit*)
                0x00800075                PROVIDE (__noinit_end, .)
                0x00800075                _end = .
                0x00800075                PROVIDE (__heap_start, .)

.eeprom         0x00810000        0x0
 *(.eeprom*)
                0x00810000                __eeprom_end = .

.fuse
 *(.fuse)
 *(.lfuse)
 *(.hfuse)
 *(.efuse)

.lock
 *(.lock*)

.signature
 *(.signature*)

.user_signatures
 *(.user_signatures*)

.stab
 *(.stab)

.stabstr
 *(.stabstr)

.stab.excl
 *(.stab.excl)

.stab.exclstr
 *(.stab.exclstr)

.stab.index
 *(.stab.index)

.stab.indexstr
 *(.stab.indexstr)

.comment        0x00000000       0x30
 *(.comment)
 .comment       0x00000000       0x30 library/ds1307.o
                                 0x31 (size before relaxing)
 .comment       0x00000000       0x31 library/OLED.o
 .comment       0x00000000       0x31 library/I2C.o
 .comment       0x00000000       0x31 library/ports.o
 .comment       0x00000000       0x31 main.o

.note.gnu.build-id
 *(.note.gnu.build-id)

.debug
 *(.debug)

.line
 *(.line)

.debug_srcinfo
 *(.debug_srcinfo)

.debug_sfnames
 *(.debug_sfnames)

.debug_aranges  0x00000000      0x120
 *(.debug_aranges)
 .debug_aranges
                0x00000000       0x38 library/ds1307.o
 .debug_aranges
                0x00000038       0x68 library/OLED.o
 .debug_aranges
                0x000000a0       0x40 library/I2C.o
 .debug_aranges
                0x000000e0       0x20 library/ports.o
 .debug_aranges
                0x00000100       0x20 main.o

.debug_pubnames
 *(.debug_pubnames)

.debug_info     0x00000000     0x17dd
 *(.debug_info .gnu.linkonce.wi.*)
 .debug_info    0x00000000      0x264 library/ds1307.o
 .debug_info    0x00000264      0x965 library/OLED.o
 .debug_info    0x00000bc9      0x149 library/I2C.o
 .debug_info    0x00000d12       0x89 library/ports.o
 .debug_info    0x00000d9b      0xa42 main.o

.debug_abbrev   0x00000000      0x624
 *(.debug_abbrev)
 .debug_abbrev  0x00000000      0x127 library/ds1307.o
 .debug_abbrev  0x00000127      0x21c library/OLED.o
 .debug_abbrev  0x00000343       0xab library/I2C.o
 .debug_abbrev  0x000003ee       0x4f library/ports.o
 .debug_abbrev  0x0000043d      0x1e7 main.o

.debug_line     0x00000000      0x6c3
 *(.debug_line .debug_line.* .debug_line_end)
 .debug_line    0x00000000      0x106 library/ds1307.o
 .debug_line    0x00000106      0x1d8 library/OLED.o
 .debug_line    0x000002de      0x145 library/I2C.o
 .debug_line    0x00000423       0xb6 library/ports.o
 .debug_line    0x000004d9      0x1ea main.o

.debug_frame    0x00000000      0x240
 *(.debug_frame)
 .debug_frame   0x00000000       0x5c library/ds1307.o
 .debug_frame   0x0000005c      0x138 library/OLED.o
 .debug_frame   0x00000194       0x64 library/I2C.o
 .debug_frame   0x000001f8       0x24 library/ports.o
 .debug_frame   0x0000021c       0x24 main.o

.debug_str      0x00000000      0x434
 *(.debug_str)
 .debug_str     0x00000000      0x184 library/ds1307.o
                                0x1bd (size before relaxing)
 .debug_str     0x00000184      0x1d5 library/OLED.o
                                0x31c (size before relaxing)
 .debug_str     0x00000359       0x35 library/I2C.o
                                0x189 (size before relaxing)
 .debug_str     0x0000038e       0x1e library/ports.o
                                0x14b (size before relaxing)
 .debug_str     0x000003ac       0x88 main.o
                                0x34e (size before relaxing)

.debug_loc      0x00000000      0x6d9
 *(.debug_loc)
 .debug_loc     0x00000000       0xb5 library/ds1307.o
 .debug_loc     0x000000b5      0x545 library/OLED.o
 .debug_loc     0x000005fa       0xdf library/I2C.o

.debug_macinfo
 *(.debug_macinfo)

.debug_weaknames
 *(.debug_weaknames)

.debug_funcnames
 *(.debug_funcnames)

.debug_typenames
 *(.debug_typenames)

.debug_varnames
 *(.debug_varnames)

.debug_pubtypes
 *(.debug_pubtypes)

.debug_ranges   0x00000000       0xd0
 *(.debug_ranges)
 .debug_ranges  0x00000000       0x28 library/ds1307.o
 .debug_ranges  0x00000028       0x58 library/OLED.o
 .debug_ranges  0x00000080       0x30 library/I2C.o
 .debug_ranges  0x000000b0       0x10 library/ports.o
 .debug_ranges  0x000000c0       0x10 main.o

.debug_macro
 *(.debug_macro)
OUTPUT(GPS.elf elf32-avr)
LOAD linker stubs
